<?xml version="1.0"?>
<link_info>
   <banner>TI ARM Linker PC v5.2.6</banner>
   <copyright>Copyright (c) 1996-2015 Texas Instruments Incorporated</copyright>
   <link_time>0x5654244f</link_time>
   <link_errors>0x0</link_errors>
   <output_file>uCOS-III-Ex1.out</output_file>
   <entry_point>
      <name>_c_int00</name>
      <address>0x33e9</address>
   </entry_point>
   <input_file_list>
      <input_file id="fl-2">
         <path>.\uCOS-III\Source\</path>
         <kind>object</kind>
         <file>os_cfg_app.obj</file>
         <name>os_cfg_app.obj</name>
      </input_file>
      <input_file id="fl-3">
         <path>.\uCOS-III\Source\</path>
         <kind>object</kind>
         <file>os_core.obj</file>
         <name>os_core.obj</name>
      </input_file>
      <input_file id="fl-4">
         <path>.\uCOS-III\Source\</path>
         <kind>object</kind>
         <file>os_dbg.obj</file>
         <name>os_dbg.obj</name>
      </input_file>
      <input_file id="fl-5">
         <path>.\uCOS-III\Source\</path>
         <kind>object</kind>
         <file>os_flag.obj</file>
         <name>os_flag.obj</name>
      </input_file>
      <input_file id="fl-6">
         <path>.\uCOS-III\Source\</path>
         <kind>object</kind>
         <file>os_int.obj</file>
         <name>os_int.obj</name>
      </input_file>
      <input_file id="fl-7">
         <path>.\uCOS-III\Source\</path>
         <kind>object</kind>
         <file>os_mem.obj</file>
         <name>os_mem.obj</name>
      </input_file>
      <input_file id="fl-8">
         <path>.\uCOS-III\Source\</path>
         <kind>object</kind>
         <file>os_msg.obj</file>
         <name>os_msg.obj</name>
      </input_file>
      <input_file id="fl-9">
         <path>.\uCOS-III\Source\</path>
         <kind>object</kind>
         <file>os_mutex.obj</file>
         <name>os_mutex.obj</name>
      </input_file>
      <input_file id="fl-a">
         <path>.\uCOS-III\Source\</path>
         <kind>object</kind>
         <file>os_pend_multi.obj</file>
         <name>os_pend_multi.obj</name>
      </input_file>
      <input_file id="fl-b">
         <path>.\uCOS-III\Source\</path>
         <kind>object</kind>
         <file>os_prio.obj</file>
         <name>os_prio.obj</name>
      </input_file>
      <input_file id="fl-c">
         <path>.\uCOS-III\Source\</path>
         <kind>object</kind>
         <file>os_q.obj</file>
         <name>os_q.obj</name>
      </input_file>
      <input_file id="fl-d">
         <path>.\uCOS-III\Source\</path>
         <kind>object</kind>
         <file>os_sem.obj</file>
         <name>os_sem.obj</name>
      </input_file>
      <input_file id="fl-e">
         <path>.\uCOS-III\Source\</path>
         <kind>object</kind>
         <file>os_stat.obj</file>
         <name>os_stat.obj</name>
      </input_file>
      <input_file id="fl-f">
         <path>.\uCOS-III\Source\</path>
         <kind>object</kind>
         <file>os_task.obj</file>
         <name>os_task.obj</name>
      </input_file>
      <input_file id="fl-10">
         <path>.\uCOS-III\Source\</path>
         <kind>object</kind>
         <file>os_tick.obj</file>
         <name>os_tick.obj</name>
      </input_file>
      <input_file id="fl-11">
         <path>.\uCOS-III\Source\</path>
         <kind>object</kind>
         <file>os_time.obj</file>
         <name>os_time.obj</name>
      </input_file>
      <input_file id="fl-12">
         <path>.\uCOS-III\Source\</path>
         <kind>object</kind>
         <file>os_tmr.obj</file>
         <name>os_tmr.obj</name>
      </input_file>
      <input_file id="fl-13">
         <path>.\uCOS-III\Source\</path>
         <kind>object</kind>
         <file>os_var.obj</file>
         <name>os_var.obj</name>
      </input_file>
      <input_file id="fl-14">
         <path>.\uCOS-III\Ports\</path>
         <kind>object</kind>
         <file>os_cpu_a.obj</file>
         <name>os_cpu_a.obj</name>
      </input_file>
      <input_file id="fl-15">
         <path>.\uCOS-III\Ports\</path>
         <kind>object</kind>
         <file>os_cpu_c.obj</file>
         <name>os_cpu_c.obj</name>
      </input_file>
      <input_file id="fl-16">
         <path>.\uC-Probe\Source\</path>
         <kind>object</kind>
         <file>probe_com.obj</file>
         <name>probe_com.obj</name>
      </input_file>
      <input_file id="fl-17">
         <path>.\uC-Probe\Source\</path>
         <kind>object</kind>
         <file>probe_rs232.obj</file>
         <name>probe_rs232.obj</name>
      </input_file>
      <input_file id="fl-18">
         <path>.\uC-Probe\OS\</path>
         <kind>object</kind>
         <file>probe_com_os.obj</file>
         <name>probe_com_os.obj</name>
      </input_file>
      <input_file id="fl-19">
         <path>.\uC-Probe\OS\</path>
         <kind>object</kind>
         <file>probe_rs232_os.obj</file>
         <name>probe_rs232_os.obj</name>
      </input_file>
      <input_file id="fl-1a">
         <path>.\uC-Probe\OS\</path>
         <kind>object</kind>
         <file>probe_rs232c.obj</file>
         <name>probe_rs232c.obj</name>
      </input_file>
      <input_file id="fl-1b">
         <path>.\uC-LIB\</path>
         <kind>object</kind>
         <file>lib_ascii.obj</file>
         <name>lib_ascii.obj</name>
      </input_file>
      <input_file id="fl-1c">
         <path>.\uC-LIB\</path>
         <kind>object</kind>
         <file>lib_math.obj</file>
         <name>lib_math.obj</name>
      </input_file>
      <input_file id="fl-1d">
         <path>.\uC-LIB\</path>
         <kind>object</kind>
         <file>lib_mem.obj</file>
         <name>lib_mem.obj</name>
      </input_file>
      <input_file id="fl-1e">
         <path>.\uC-LIB\</path>
         <kind>object</kind>
         <file>lib_str.obj</file>
         <name>lib_str.obj</name>
      </input_file>
      <input_file id="fl-1f">
         <path>.\uC-CPU\</path>
         <kind>object</kind>
         <file>cpu_core.obj</file>
         <name>cpu_core.obj</name>
      </input_file>
      <input_file id="fl-20">
         <path>.\uC-CPU\ARM-CortexM3\CCS5\</path>
         <kind>object</kind>
         <file>cpu_a.obj</file>
         <name>cpu_a.obj</name>
      </input_file>
      <input_file id="fl-21">
         <path>.\uC-CPU\ARM-CortexM3\CCS5\</path>
         <kind>object</kind>
         <file>cpu_c.obj</file>
         <name>cpu_c.obj</name>
      </input_file>
      <input_file id="fl-22">
         <path>.\Source\</path>
         <kind>object</kind>
         <file>app.obj</file>
         <name>app.obj</name>
      </input_file>
      <input_file id="fl-23">
         <path>.\Source\</path>
         <kind>object</kind>
         <file>app_probe.obj</file>
         <name>app_probe.obj</name>
      </input_file>
      <input_file id="fl-24">
         <path>.\Source\</path>
         <kind>object</kind>
         <file>app_vect.obj</file>
         <name>app_vect.obj</name>
      </input_file>
      <input_file id="fl-25">
         <path>.\Source\</path>
         <kind>object</kind>
         <file>os_app_hooks.obj</file>
         <name>os_app_hooks.obj</name>
      </input_file>
      <input_file id="fl-26">
         <path>.\CPU\</path>
         <kind>object</kind>
         <file>adc.obj</file>
         <name>adc.obj</name>
      </input_file>
      <input_file id="fl-27">
         <path>.\CPU\</path>
         <kind>object</kind>
         <file>can.obj</file>
         <name>can.obj</name>
      </input_file>
      <input_file id="fl-28">
         <path>.\CPU\</path>
         <kind>object</kind>
         <file>comp.obj</file>
         <name>comp.obj</name>
      </input_file>
      <input_file id="fl-29">
         <path>.\CPU\</path>
         <kind>object</kind>
         <file>cpu_.obj</file>
         <name>cpu_.obj</name>
      </input_file>
      <input_file id="fl-2a">
         <path>.\CPU\</path>
         <kind>object</kind>
         <file>epi.obj</file>
         <name>epi.obj</name>
      </input_file>
      <input_file id="fl-2b">
         <path>.\CPU\</path>
         <kind>object</kind>
         <file>ethernet.obj</file>
         <name>ethernet.obj</name>
      </input_file>
      <input_file id="fl-2c">
         <path>.\CPU\</path>
         <kind>object</kind>
         <file>flash.obj</file>
         <name>flash.obj</name>
      </input_file>
      <input_file id="fl-2d">
         <path>.\CPU\</path>
         <kind>object</kind>
         <file>gpio.obj</file>
         <name>gpio.obj</name>
      </input_file>
      <input_file id="fl-2e">
         <path>.\CPU\</path>
         <kind>object</kind>
         <file>hibernate.obj</file>
         <name>hibernate.obj</name>
      </input_file>
      <input_file id="fl-2f">
         <path>.\CPU\</path>
         <kind>object</kind>
         <file>i2c.obj</file>
         <name>i2c.obj</name>
      </input_file>
      <input_file id="fl-30">
         <path>.\CPU\</path>
         <kind>object</kind>
         <file>i2s.obj</file>
         <name>i2s.obj</name>
      </input_file>
      <input_file id="fl-31">
         <path>.\CPU\</path>
         <kind>object</kind>
         <file>interrupt.obj</file>
         <name>interrupt.obj</name>
      </input_file>
      <input_file id="fl-32">
         <path>.\CPU\</path>
         <kind>object</kind>
         <file>mpu.obj</file>
         <name>mpu.obj</name>
      </input_file>
      <input_file id="fl-33">
         <path>.\CPU\</path>
         <kind>object</kind>
         <file>pwm.obj</file>
         <name>pwm.obj</name>
      </input_file>
      <input_file id="fl-34">
         <path>.\CPU\</path>
         <kind>object</kind>
         <file>qei.obj</file>
         <name>qei.obj</name>
      </input_file>
      <input_file id="fl-35">
         <path>.\CPU\</path>
         <kind>object</kind>
         <file>ssi.obj</file>
         <name>ssi.obj</name>
      </input_file>
      <input_file id="fl-36">
         <path>.\CPU\</path>
         <kind>object</kind>
         <file>sysctl.obj</file>
         <name>sysctl.obj</name>
      </input_file>
      <input_file id="fl-37">
         <path>.\CPU\</path>
         <kind>object</kind>
         <file>systick.obj</file>
         <name>systick.obj</name>
      </input_file>
      <input_file id="fl-38">
         <path>.\CPU\</path>
         <kind>object</kind>
         <file>timer.obj</file>
         <name>timer.obj</name>
      </input_file>
      <input_file id="fl-39">
         <path>.\CPU\</path>
         <kind>object</kind>
         <file>uart.obj</file>
         <name>uart.obj</name>
      </input_file>
      <input_file id="fl-3a">
         <path>.\CPU\</path>
         <kind>object</kind>
         <file>udma.obj</file>
         <name>udma.obj</name>
      </input_file>
      <input_file id="fl-3b">
         <path>.\CPU\</path>
         <kind>object</kind>
         <file>usb.obj</file>
         <name>usb.obj</name>
      </input_file>
      <input_file id="fl-3c">
         <path>.\CPU\</path>
         <kind>object</kind>
         <file>watchdog.obj</file>
         <name>watchdog.obj</name>
      </input_file>
      <input_file id="fl-3d">
         <path>.\BSP\</path>
         <kind>object</kind>
         <file>bsp.obj</file>
         <name>bsp.obj</name>
      </input_file>
      <input_file id="fl-3e">
         <path>.\BSP\</path>
         <kind>object</kind>
         <file>bsp_int.obj</file>
         <name>bsp_int.obj</name>
      </input_file>
      <input_file id="fl-3f">
         <path>.\BSP\</path>
         <kind>object</kind>
         <file>bsp_os.obj</file>
         <name>bsp_os.obj</name>
      </input_file>
      <input_file id="fl-40">
         <path>.\BSP\</path>
         <kind>object</kind>
         <file>cpu_bsp.obj</file>
         <name>cpu_bsp.obj</name>
      </input_file>
      <input_file id="fl-41">
         <path>.\BSP\</path>
         <kind>object</kind>
         <file>rit128x96x4.obj</file>
         <name>rit128x96x4.obj</name>
      </input_file>
      <input_file id="fl-167">
         <path>E:\Program Files (x86)\ti\ccsv6\tools\compiler\ti-cgt-arm_5.2.6\lib\</path>
         <kind>archive</kind>
         <file>rtsv7M3_T_le_eabi.lib</file>
         <name>boot.obj</name>
      </input_file>
      <input_file id="fl-168">
         <path>E:\Program Files (x86)\ti\ccsv6\tools\compiler\ti-cgt-arm_5.2.6\lib\</path>
         <kind>archive</kind>
         <file>rtsv7M3_T_le_eabi.lib</file>
         <name>copy_decompress_none.obj</name>
      </input_file>
      <input_file id="fl-169">
         <path>E:\Program Files (x86)\ti\ccsv6\tools\compiler\ti-cgt-arm_5.2.6\lib\</path>
         <kind>archive</kind>
         <file>rtsv7M3_T_le_eabi.lib</file>
         <name>copy_decompress_rle.obj</name>
      </input_file>
      <input_file id="fl-16a">
         <path>E:\Program Files (x86)\ti\ccsv6\tools\compiler\ti-cgt-arm_5.2.6\lib\</path>
         <kind>archive</kind>
         <file>rtsv7M3_T_le_eabi.lib</file>
         <name>copy_zero_init.obj</name>
      </input_file>
      <input_file id="fl-16b">
         <path>E:\Program Files (x86)\ti\ccsv6\tools\compiler\ti-cgt-arm_5.2.6\lib\</path>
         <kind>archive</kind>
         <file>rtsv7M3_T_le_eabi.lib</file>
         <name>exit.obj</name>
      </input_file>
      <input_file id="fl-16c">
         <path>E:\Program Files (x86)\ti\ccsv6\tools\compiler\ti-cgt-arm_5.2.6\lib\</path>
         <kind>archive</kind>
         <file>rtsv7M3_T_le_eabi.lib</file>
         <name>memcpy_t2.obj</name>
      </input_file>
      <input_file id="fl-16d">
         <path>E:\Program Files (x86)\ti\ccsv6\tools\compiler\ti-cgt-arm_5.2.6\lib\</path>
         <kind>archive</kind>
         <file>rtsv7M3_T_le_eabi.lib</file>
         <name>memset_t2.obj</name>
      </input_file>
      <input_file id="fl-16e">
         <path>E:\Program Files (x86)\ti\ccsv6\tools\compiler\ti-cgt-arm_5.2.6\lib\</path>
         <kind>archive</kind>
         <file>rtsv7M3_T_le_eabi.lib</file>
         <name>pre_init.obj</name>
      </input_file>
      <input_file id="fl-16f">
         <path>E:\Program Files (x86)\ti\ccsv6\tools\compiler\ti-cgt-arm_5.2.6\lib\</path>
         <kind>archive</kind>
         <file>rtsv7M3_T_le_eabi.lib</file>
         <name>stkdepth_vars.obj</name>
      </input_file>
      <input_file id="fl-170">
         <path>E:\Program Files (x86)\ti\ccsv6\tools\compiler\ti-cgt-arm_5.2.6\lib\</path>
         <kind>archive</kind>
         <file>rtsv7M3_T_le_eabi.lib</file>
         <name>_lock.obj</name>
      </input_file>
      <input_file id="fl-171">
         <path>E:\Program Files (x86)\ti\ccsv6\tools\compiler\ti-cgt-arm_5.2.6\lib\</path>
         <kind>archive</kind>
         <file>rtsv7M3_T_le_eabi.lib</file>
         <name>args_main.obj</name>
      </input_file>
      <input_file id="fl-172">
         <path>E:\Program Files (x86)\ti\ccsv6\tools\compiler\ti-cgt-arm_5.2.6\lib\</path>
         <kind>archive</kind>
         <file>rtsv7M3_T_le_eabi.lib</file>
         <name>autoinit.obj</name>
      </input_file>
      <input_file id="fl-173">
         <path>E:\Program Files (x86)\ti\ccsv6\tools\compiler\ti-cgt-arm_5.2.6\lib\</path>
         <kind>archive</kind>
         <file>rtsv7M3_T_le_eabi.lib</file>
         <name>cpy_tbl.obj</name>
      </input_file>
   </input_file_list>
   <object_component_list>
      <object_component id="oc-e">
         <name>.intvecs</name>
         <load_address>0x0</load_address>
         <run_address>0x0</run_address>
         <size>0x11c</size>
         <input_file_ref idref="fl-24"/>
      </object_component>
      <object_component id="oc-26a">
         <name>.text:OSTaskCreate</name>
         <load_address>0x11c</load_address>
         <run_address>0x11c</run_address>
         <size>0x198</size>
         <input_file_ref idref="fl-f"/>
      </object_component>
      <object_component id="oc-3ff">
         <name>.text:OS_StatTask</name>
         <load_address>0x2b4</load_address>
         <run_address>0x2b4</run_address>
         <size>0x180</size>
         <input_file_ref idref="fl-e"/>
      </object_component>
      <object_component id="oc-48a">
         <name>.text:SysCtlClockGet</name>
         <load_address>0x434</load_address>
         <run_address>0x434</run_address>
         <size>0x180</size>
         <input_file_ref idref="fl-36"/>
      </object_component>
      <object_component id="oc-264">
         <name>.text:OSInit</name>
         <load_address>0x5b4</load_address>
         <run_address>0x5b4</run_address>
         <size>0x148</size>
         <input_file_ref idref="fl-3"/>
      </object_component>
      <object_component id="oc-7d3">
         <name>.text:OSSemPend</name>
         <load_address>0x6fc</load_address>
         <run_address>0x6fc</run_address>
         <size>0x140</size>
         <input_file_ref idref="fl-d"/>
      </object_component>
      <object_component id="oc-507">
         <name>.text:OSTaskSemPend</name>
         <load_address>0x83c</load_address>
         <run_address>0x83c</run_address>
         <size>0x140</size>
         <input_file_ref idref="fl-f"/>
      </object_component>
      <object_component id="oc-50d">
         <name>.text:OS_TickListUpdate</name>
         <load_address>0x97c</load_address>
         <run_address>0x97c</run_address>
         <size>0x130</size>
         <input_file_ref idref="fl-10"/>
      </object_component>
      <object_component id="oc-458">
         <name>.text:SysCtlClockSet</name>
         <load_address>0xaac</load_address>
         <run_address>0xaac</run_address>
         <size>0x12c</size>
         <input_file_ref idref="fl-36"/>
      </object_component>
      <object_component id="oc-3b0">
         <name>.text:OSTimeDlyHMSM</name>
         <load_address>0xbd8</load_address>
         <run_address>0xbd8</run_address>
         <size>0x128</size>
         <input_file_ref idref="fl-11"/>
      </object_component>
      <object_component id="oc-4bd">
         <name>.text:AppTaskDisplay</name>
         <load_address>0xd00</load_address>
         <run_address>0xd00</run_address>
         <size>0xfc</size>
         <input_file_ref idref="fl-22"/>
      </object_component>
      <object_component id="oc-31f">
         <name>.text:OS_TmrInit</name>
         <load_address>0xdfc</load_address>
         <run_address>0xdfc</run_address>
         <size>0xf4</size>
         <input_file_ref idref="fl-12"/>
      </object_component>
      <object_component id="oc-826">
         <name>.text:ProbeCom_ReqQuery</name>
         <load_address>0xef0</load_address>
         <run_address>0xef0</run_address>
         <size>0xf4</size>
         <input_file_ref idref="fl-16"/>
      </object_component>
      <object_component id="oc-781">
         <name>.text:ProbeRS232_TxHandler</name>
         <load_address>0xfe4</load_address>
         <run_address>0xfe4</run_address>
         <size>0xec</size>
         <input_file_ref idref="fl-17"/>
      </object_component>
      <object_component id="oc-571">
         <name>.text:OSTaskDel</name>
         <load_address>0x10d0</load_address>
         <run_address>0x10d0</run_address>
         <size>0xe8</size>
         <input_file_ref idref="fl-f"/>
      </object_component>
      <object_component id="oc-61a">
         <name>.text:RIT128x96x4StringDraw</name>
         <load_address>0x11b8</load_address>
         <run_address>0x11b8</run_address>
         <size>0xe4</size>
         <input_file_ref idref="fl-41"/>
      </object_component>
      <object_component id="oc-4c4">
         <name>.text:OS_TickListInsert</name>
         <load_address>0x129c</load_address>
         <run_address>0x129c</run_address>
         <size>0xdc</size>
         <input_file_ref idref="fl-10"/>
      </object_component>
      <object_component id="oc-774">
         <name>.text:CPU_IntSrcEn</name>
         <load_address>0x1378</load_address>
         <run_address>0x1378</run_address>
         <size>0xd0</size>
         <input_file_ref idref="fl-21"/>
      </object_component>
      <object_component id="oc-7da">
         <name>.text:ProbeCom_ParseRxPkt</name>
         <load_address>0x1448</load_address>
         <run_address>0x1448</run_address>
         <size>0xd0</size>
         <input_file_ref idref="fl-16"/>
      </object_component>
      <object_component id="oc-33c">
         <name>.text:OS_TaskInitTCB</name>
         <load_address>0x1518</load_address>
         <run_address>0x1518</run_address>
         <size>0xca</size>
         <input_file_ref idref="fl-f"/>
      </object_component>
      <object_component id="oc-59a">
         <name>.text:GPIOPadConfigSet</name>
         <load_address>0x15e2</load_address>
         <run_address>0x15e2</run_address>
         <size>0xba</size>
         <input_file_ref idref="fl-2d"/>
      </object_component>
      <object_component id="oc-2f5">
         <name>.text:OS_StatTaskInit</name>
         <load_address>0x169c</load_address>
         <run_address>0x169c</run_address>
         <size>0xb8</size>
         <input_file_ref idref="fl-e"/>
      </object_component>
      <object_component id="oc-518">
         <name>.text:OSStatReset</name>
         <load_address>0x1754</load_address>
         <run_address>0x1754</run_address>
         <size>0xb0</size>
         <input_file_ref idref="fl-e"/>
      </object_component>
      <object_component id="oc-77b">
         <name>.text:ProbeRS232_RxHandler</name>
         <load_address>0x1804</load_address>
         <run_address>0x1804</run_address>
         <size>0xb0</size>
         <input_file_ref idref="fl-17"/>
      </object_component>
      <object_component id="oc-2a4">
         <name>.text:OS_TaskSemPost</name>
         <load_address>0x18b4</load_address>
         <run_address>0x18b4</run_address>
         <size>0xa8</size>
         <input_file_ref idref="fl-f"/>
      </object_component>
      <object_component id="oc-49c">
         <name>.text:ProbeCom_Init</name>
         <load_address>0x195c</load_address>
         <run_address>0x195c</run_address>
         <size>0xa8</size>
         <input_file_ref idref="fl-16"/>
      </object_component>
      <object_component id="oc-80e">
         <name>.text:ProbeCom_ReqWrMulti</name>
         <load_address>0x1a04</load_address>
         <run_address>0x1a04</run_address>
         <size>0xa8</size>
         <input_file_ref idref="fl-16"/>
      </object_component>
      <object_component id="oc-426">
         <name>.text:OS_TmrTask</name>
         <load_address>0x1aac</load_address>
         <run_address>0x1aac</run_address>
         <size>0xa4</size>
         <input_file_ref idref="fl-12"/>
      </object_component>
      <object_component id="oc-814">
         <name>.text:ProbeCom_ReqRdMulti</name>
         <load_address>0x1b50</load_address>
         <run_address>0x1b50</run_address>
         <size>0xa4</size>
         <input_file_ref idref="fl-16"/>
      </object_component>
      <object_component id="oc-53">
         <name>.text</name>
         <load_address>0x1bf4</load_address>
         <run_address>0x1bf4</run_address>
         <size>0xa2</size>
         <input_file_ref idref="fl-14"/>
      </object_component>
      <object_component id="oc-41">
         <name>.text:App_BusFault_ISR</name>
         <load_address>0x1c96</load_address>
         <run_address>0x1c96</run_address>
         <size>0x2</size>
         <input_file_ref idref="fl-24"/>
      </object_component>
      <object_component id="oc-494">
         <name>.text:OSTimeDly</name>
         <load_address>0x1c98</load_address>
         <run_address>0x1c98</run_address>
         <size>0xa0</size>
         <input_file_ref idref="fl-11"/>
      </object_component>
      <object_component id="oc-554">
         <name>.text:OS_TmrLink</name>
         <load_address>0x1d38</load_address>
         <run_address>0x1d38</run_address>
         <size>0xa0</size>
         <input_file_ref idref="fl-12"/>
      </object_component>
      <object_component id="oc-52a">
         <name>.text:OSTaskStkChk</name>
         <load_address>0x1dd8</load_address>
         <run_address>0x1dd8</run_address>
         <size>0x9c</size>
         <input_file_ref idref="fl-f"/>
      </object_component>
      <object_component id="oc-115">
         <name>.text</name>
         <load_address>0x1e74</load_address>
         <run_address>0x1e74</run_address>
         <size>0x9c</size>
         <input_file_ref idref="fl-16c"/>
      </object_component>
      <object_component id="oc-392">
         <name>.text:OSStatTaskCPUUsageInit</name>
         <load_address>0x1f10</load_address>
         <run_address>0x1f10</run_address>
         <size>0x98</size>
         <input_file_ref idref="fl-e"/>
      </object_component>
      <object_component id="oc-3ca">
         <name>.text:OS_Post</name>
         <load_address>0x1fa8</load_address>
         <run_address>0x1fa8</run_address>
         <size>0x96</size>
         <input_file_ref idref="fl-3"/>
      </object_component>
      <object_component id="oc-35">
         <name>.text:App_Fault_ISR</name>
         <load_address>0x203e</load_address>
         <run_address>0x203e</run_address>
         <size>0x2</size>
         <input_file_ref idref="fl-24"/>
      </object_component>
      <object_component id="oc-603">
         <name>.text:ProbeRS232_InitTarget</name>
         <load_address>0x2040</load_address>
         <run_address>0x2040</run_address>
         <size>0x94</size>
         <input_file_ref idref="fl-1a"/>
      </object_component>
      <object_component id="oc-84a">
         <name>.text:ProbeCom_BufWr</name>
         <load_address>0x20d4</load_address>
         <run_address>0x20d4</run_address>
         <size>0x92</size>
         <input_file_ref idref="fl-16"/>
      </object_component>
      <object_component id="oc-86f">
         <name>.text:OS_SemPost</name>
         <load_address>0x2166</load_address>
         <run_address>0x2166</run_address>
         <size>0x90</size>
         <input_file_ref idref="fl-d"/>
      </object_component>
      <object_component id="oc-851">
         <name>.text:ProbeCom_BufRd</name>
         <load_address>0x21f6</load_address>
         <run_address>0x21f6</run_address>
         <size>0x90</size>
         <input_file_ref idref="fl-16"/>
      </object_component>
      <object_component id="oc-3b">
         <name>.text:App_MemFault_ISR</name>
         <load_address>0x2286</load_address>
         <run_address>0x2286</run_address>
         <size>0x2</size>
         <input_file_ref idref="fl-24"/>
      </object_component>
      <object_component id="oc-185">
         <name>.text:OSIntExit</name>
         <load_address>0x2288</load_address>
         <run_address>0x2288</run_address>
         <size>0x88</size>
         <input_file_ref idref="fl-3"/>
      </object_component>
      <object_component id="oc-2ef">
         <name>.text:OS_TickTaskInit</name>
         <load_address>0x2310</load_address>
         <run_address>0x2310</run_address>
         <size>0x88</size>
         <input_file_ref idref="fl-10"/>
      </object_component>
      <object_component id="oc-81a">
         <name>.text:ProbeCom_ReqWr</name>
         <load_address>0x2398</load_address>
         <run_address>0x2398</run_address>
         <size>0x88</size>
         <input_file_ref idref="fl-16"/>
      </object_component>
      <object_component id="oc-464">
         <name>.text:RIT128x96x4Init</name>
         <load_address>0x2420</load_address>
         <run_address>0x2420</run_address>
         <size>0x88</size>
         <input_file_ref idref="fl-41"/>
      </object_component>
      <object_component id="oc-342">
         <name>.text:OSTaskStkInit</name>
         <load_address>0x24a8</load_address>
         <run_address>0x24a8</run_address>
         <size>0x84</size>
         <input_file_ref idref="fl-15"/>
      </object_component>
      <object_component id="oc-5fd">
         <name>.text:ProbeRS232_OS_Init</name>
         <load_address>0x252c</load_address>
         <run_address>0x252c</run_address>
         <size>0x80</size>
         <input_file_ref idref="fl-19"/>
      </object_component>
      <object_component id="oc-47d">
         <name>.text:CPU_IntDisMeasInit</name>
         <load_address>0x25ac</load_address>
         <run_address>0x25ac</run_address>
         <size>0x7c</size>
         <input_file_ref idref="fl-1f"/>
      </object_component>
      <object_component id="oc-12e">
         <name>.text</name>
         <load_address>0x2628</load_address>
         <run_address>0x2628</run_address>
         <size>0x7a</size>
         <input_file_ref idref="fl-16d"/>
      </object_component>
      <object_component id="oc-2f">
         <name>.text:App_NMI_ISR</name>
         <load_address>0x26a2</load_address>
         <run_address>0x26a2</run_address>
         <size>0x2</size>
         <input_file_ref idref="fl-24"/>
      </object_component>
      <object_component id="oc-27c">
         <name>.text:AppTaskStart</name>
         <load_address>0x26a4</load_address>
         <run_address>0x26a4</run_address>
         <size>0x78</size>
         <input_file_ref idref="fl-22"/>
      </object_component>
      <object_component id="oc-820">
         <name>.text:ProbeCom_ReqRd</name>
         <load_address>0x271c</load_address>
         <run_address>0x271c</run_address>
         <size>0x78</size>
         <input_file_ref idref="fl-16"/>
      </object_component>
      <object_component id="oc-366">
         <name>.text:OSSched</name>
         <load_address>0x2794</load_address>
         <run_address>0x2794</run_address>
         <size>0x74</size>
         <input_file_ref idref="fl-3"/>
      </object_component>
      <object_component id="oc-542">
         <name>.text:OSSchedUnlock</name>
         <load_address>0x2808</load_address>
         <run_address>0x2808</run_address>
         <size>0x74</size>
         <input_file_ref idref="fl-3"/>
      </object_component>
      <object_component id="oc-167">
         <name>.text:OSTaskSwHook</name>
         <load_address>0x287c</load_address>
         <run_address>0x287c</run_address>
         <size>0x70</size>
         <input_file_ref idref="fl-15"/>
      </object_component>
      <object_component id="oc-6e3">
         <name>.text:OSSemCreate</name>
         <load_address>0x28ec</load_address>
         <run_address>0x28ec</run_address>
         <size>0x6c</size>
         <input_file_ref idref="fl-d"/>
      </object_component>
      <object_component id="oc-2e9">
         <name>.text:OS_IdleTaskInit</name>
         <load_address>0x2958</load_address>
         <run_address>0x2958</run_address>
         <size>0x6c</size>
         <input_file_ref idref="fl-3"/>
      </object_component>
      <object_component id="oc-22f">
         <name>.text:OS_SchedRoundRobin</name>
         <load_address>0x29c4</load_address>
         <run_address>0x29c4</run_address>
         <size>0x6c</size>
         <input_file_ref idref="fl-3"/>
      </object_component>
      <object_component id="oc-140">
         <name>.text</name>
         <load_address>0x2a30</load_address>
         <run_address>0x2a30</run_address>
         <size>0x6c</size>
         <input_file_ref idref="fl-172"/>
      </object_component>
      <object_component id="oc-121">
         <name>.text</name>
         <load_address>0x2a9c</load_address>
         <run_address>0x2a9c</run_address>
         <size>0x6a</size>
         <input_file_ref idref="fl-169"/>
      </object_component>
      <object_component id="oc-4d">
         <name>.text:App_Spurious_ISR</name>
         <load_address>0x2b06</load_address>
         <run_address>0x2b06</run_address>
         <size>0x2</size>
         <input_file_ref idref="fl-24"/>
      </object_component>
      <object_component id="oc-4ca">
         <name>.text:OS_RdyListRemove</name>
         <load_address>0x2b08</load_address>
         <run_address>0x2b08</run_address>
         <size>0x64</size>
         <input_file_ref idref="fl-3"/>
      </object_component>
      <object_component id="oc-1e8">
         <name>.text:main</name>
         <load_address>0x2b6c</load_address>
         <run_address>0x2b6c</run_address>
         <size>0x64</size>
         <input_file_ref idref="fl-22"/>
      </object_component>
      <object_component id="oc-802">
         <name>.text:ProbeCom_ReqStrIn</name>
         <load_address>0x2bd0</load_address>
         <run_address>0x2bd0</run_address>
         <size>0x60</size>
         <input_file_ref idref="fl-16"/>
      </object_component>
      <object_component id="oc-548">
         <name>.text:OSSchedLock</name>
         <load_address>0x2c30</load_address>
         <run_address>0x2c30</run_address>
         <size>0x5c</size>
         <input_file_ref idref="fl-3"/>
      </object_component>
      <object_component id="oc-808">
         <name>.text:ProbeCom_ReqStrOut</name>
         <load_address>0x2c8c</load_address>
         <run_address>0x2c8c</run_address>
         <size>0x5c</size>
         <input_file_ref idref="fl-16"/>
      </object_component>
      <object_component id="oc-5a6">
         <name>.text:RIT128x96x4Enable</name>
         <load_address>0x2ce8</load_address>
         <run_address>0x2ce8</run_address>
         <size>0x5c</size>
         <input_file_ref idref="fl-41"/>
      </object_component>
      <object_component id="oc-730">
         <name>.text:OS_PendListInsertPrio</name>
         <load_address>0x2d44</load_address>
         <run_address>0x2d44</run_address>
         <size>0x5a</size>
         <input_file_ref idref="fl-3"/>
      </object_component>
      <object_component id="oc-858">
         <name>.text:Mem_Copy</name>
         <load_address>0x2d9e</load_address>
         <run_address>0x2d9e</run_address>
         <size>0x58</size>
         <input_file_ref idref="fl-1d"/>
      </object_component>
      <object_component id="oc-47">
         <name>.text:App_UsageFault_ISR</name>
         <load_address>0x2df6</load_address>
         <run_address>0x2df6</run_address>
         <size>0x2</size>
         <input_file_ref idref="fl-24"/>
      </object_component>
      <object_component id="oc-270">
         <name>.text:OSStart</name>
         <load_address>0x2df8</load_address>
         <run_address>0x2df8</run_address>
         <size>0x58</size>
         <input_file_ref idref="fl-3"/>
      </object_component>
      <object_component id="oc-17f">
         <name>.text:OSTimeTick</name>
         <load_address>0x2e50</load_address>
         <run_address>0x2e50</run_address>
         <size>0x58</size>
         <input_file_ref idref="fl-11"/>
      </object_component>
      <object_component id="oc-470">
         <name>.text:BSP_PB_Init</name>
         <load_address>0x2ea8</load_address>
         <run_address>0x2ea8</run_address>
         <size>0x54</size>
         <input_file_ref idref="fl-3d"/>
      </object_component>
      <object_component id="oc-4a2">
         <name>.text:ProbeRS232_Init</name>
         <load_address>0x2efc</load_address>
         <run_address>0x2efc</run_address>
         <size>0x54</size>
         <input_file_ref idref="fl-17"/>
      </object_component>
      <object_component id="oc-3aa">
         <name>.text:AppDisplayTaskCreate</name>
         <load_address>0x2f50</load_address>
         <run_address>0x2f50</run_address>
         <size>0x50</size>
         <input_file_ref idref="fl-22"/>
      </object_component>
      <object_component id="oc-54e">
         <name>.text:OS_TmrUnlink</name>
         <load_address>0x2fa0</load_address>
         <run_address>0x2fa0</run_address>
         <size>0x50</size>
         <input_file_ref idref="fl-12"/>
      </object_component>
      <object_component id="oc-1e0">
         <name>.text</name>
         <load_address>0x2ff0</load_address>
         <run_address>0x2ff0</run_address>
         <size>0x4c</size>
         <input_file_ref idref="fl-173"/>
      </object_component>
      <object_component id="oc-179">
         <name>.text:CPU_IntDisMeasStop</name>
         <load_address>0x303c</load_address>
         <run_address>0x303c</run_address>
         <size>0x48</size>
         <input_file_ref idref="fl-1f"/>
      </object_component>
      <object_component id="oc-6cf">
         <name>.text:Mem_Set</name>
         <load_address>0x3084</load_address>
         <run_address>0x3084</run_address>
         <size>0x48</size>
         <input_file_ref idref="fl-1d"/>
      </object_component>
      <object_component id="oc-640">
         <name>.text:OS_Pend</name>
         <load_address>0x30cc</load_address>
         <run_address>0x30cc</run_address>
         <size>0x48</size>
         <input_file_ref idref="fl-3"/>
      </object_component>
      <object_component id="oc-5ac">
         <name>.text:RIT128x96x4Clear</name>
         <load_address>0x3114</load_address>
         <run_address>0x3114</run_address>
         <size>0x48</size>
         <input_file_ref idref="fl-41"/>
      </object_component>
      <object_component id="oc-736">
         <name>.text:OS_PendDbgNameAdd</name>
         <load_address>0x315c</load_address>
         <run_address>0x315c</run_address>
         <size>0x47</size>
         <input_file_ref idref="fl-3"/>
      </object_component>
      <object_component id="oc-675">
         <name>.text:OS_TaskDbgListRemove</name>
         <load_address>0x31a4</load_address>
         <run_address>0x31a4</run_address>
         <size>0x44</size>
         <input_file_ref idref="fl-f"/>
      </object_component>
      <object_component id="oc-70b">
         <name>.text:ProbeRS232_RxTxISRHandler</name>
         <load_address>0x31e8</load_address>
         <run_address>0x31e8</run_address>
         <size>0x44</size>
         <input_file_ref idref="fl-1a"/>
      </object_component>
      <object_component id="oc-14c">
         <name>.text</name>
         <load_address>0x322c</load_address>
         <run_address>0x322c</run_address>
         <size>0x44</size>
         <input_file_ref idref="fl-16b"/>
      </object_component>
      <object_component id="oc-694">
         <name>.text:SSIConfigSetExpClk</name>
         <load_address>0x3270</load_address>
         <run_address>0x3270</run_address>
         <size>0x42</size>
         <input_file_ref idref="fl-35"/>
      </object_component>
      <object_component id="oc-587">
         <name>.text:BSP_IntHandlerDummy</name>
         <load_address>0x32b2</load_address>
         <run_address>0x32b2</run_address>
         <size>0x2</size>
         <input_file_ref idref="fl-3e"/>
      </object_component>
      <object_component id="oc-307">
         <name>.text:OS_MsgPoolInit</name>
         <load_address>0x32b4</load_address>
         <run_address>0x32b4</run_address>
         <size>0x40</size>
         <input_file_ref idref="fl-8"/>
      </object_component>
      <object_component id="oc-6f9">
         <name>.text:SysCtlPeripheralReset</name>
         <load_address>0x32f4</load_address>
         <run_address>0x32f4</run_address>
         <size>0x40</size>
         <input_file_ref idref="fl-36"/>
      </object_component>
      <object_component id="oc-62e">
         <name>.text:OS_PendListRemove1</name>
         <load_address>0x3334</load_address>
         <run_address>0x3334</run_address>
         <size>0x3c</size>
         <input_file_ref idref="fl-3"/>
      </object_component>
      <object_component id="oc-5b2">
         <name>.text:RITWriteCommand</name>
         <load_address>0x3370</load_address>
         <run_address>0x3370</run_address>
         <size>0x3c</size>
         <input_file_ref idref="fl-41"/>
      </object_component>
      <object_component id="oc-6aa">
         <name>.text:RITWriteData</name>
         <load_address>0x33ac</load_address>
         <run_address>0x33ac</run_address>
         <size>0x3c</size>
         <input_file_ref idref="fl-41"/>
      </object_component>
      <object_component id="oc-23">
         <name>.text</name>
         <load_address>0x33e8</load_address>
         <run_address>0x33e8</run_address>
         <size>0x3c</size>
         <input_file_ref idref="fl-167"/>
      </object_component>
      <object_component id="oc-830">
         <name>.text:OSSemPost</name>
         <load_address>0x3424</load_address>
         <run_address>0x3424</run_address>
         <size>0x38</size>
         <input_file_ref idref="fl-d"/>
      </object_component>
      <object_component id="oc-3e0">
         <name>.text:OS_IdleTask</name>
         <load_address>0x345c</load_address>
         <run_address>0x345c</run_address>
         <size>0x38</size>
         <input_file_ref idref="fl-3"/>
      </object_component>
      <object_component id="oc-669">
         <name>.text:OS_MsgQFreeAll</name>
         <load_address>0x3494</load_address>
         <run_address>0x3494</run_address>
         <size>0x38</size>
         <input_file_ref idref="fl-8"/>
      </object_component>
      <object_component id="oc-71d">
         <name>.text:OS_RdyListInsertHead</name>
         <load_address>0x34cc</load_address>
         <run_address>0x34cc</run_address>
         <size>0x38</size>
         <input_file_ref idref="fl-3"/>
      </object_component>
      <object_component id="oc-35a">
         <name>.text:OS_RdyListInsertTail</name>
         <load_address>0x3504</load_address>
         <run_address>0x3504</run_address>
         <size>0x38</size>
         <input_file_ref idref="fl-3"/>
      </object_component>
      <object_component id="oc-658">
         <name>.text:OS_SchedLockTimeMeasStop</name>
         <load_address>0x353c</load_address>
         <run_address>0x353c</run_address>
         <size>0x38</size>
         <input_file_ref idref="fl-3"/>
      </object_component>
      <object_component id="oc-4e3">
         <name>.text:OS_TickListRemove</name>
         <load_address>0x3574</load_address>
         <run_address>0x3574</run_address>
         <size>0x34</size>
         <input_file_ref idref="fl-10"/>
      </object_component>
      <object_component id="oc-7fc">
         <name>.text:ProbeCom_ReqErr</name>
         <load_address>0x35a8</load_address>
         <run_address>0x35a8</run_address>
         <size>0x34</size>
         <input_file_ref idref="fl-16"/>
      </object_component>
      <object_component id="oc-79d">
         <name>.text:ProbeRS232_ParseRxPkt</name>
         <load_address>0x35dc</load_address>
         <run_address>0x35dc</run_address>
         <size>0x34</size>
         <input_file_ref idref="fl-17"/>
      </object_component>
      <object_component id="oc-2ac">
         <name>.text:OS_RdyListMoveHeadToTail</name>
         <load_address>0x3610</load_address>
         <run_address>0x3610</run_address>
         <size>0x32</size>
         <input_file_ref idref="fl-3"/>
      </object_component>
      <object_component id="oc-32b">
         <name>.text:OSCfg_Init</name>
         <load_address>0x3642</load_address>
         <run_address>0x3642</run_address>
         <size>0x2</size>
         <input_file_ref idref="fl-2"/>
      </object_component>
      <object_component id="oc-46a">
         <name>.text:BSP_LED_Init</name>
         <load_address>0x3644</load_address>
         <run_address>0x3644</run_address>
         <size>0x30</size>
         <input_file_ref idref="fl-3d"/>
      </object_component>
      <object_component id="oc-173">
         <name>.text:CPU_IntDisMeasStart</name>
         <load_address>0x3674</load_address>
         <run_address>0x3674</run_address>
         <size>0x30</size>
         <input_file_ref idref="fl-1f"/>
      </object_component>
      <object_component id="oc-40f">
         <name>.text:OS_MsgPoolCreate</name>
         <load_address>0x36a4</load_address>
         <run_address>0x36a4</run_address>
         <size>0x30</size>
         <input_file_ref idref="fl-8"/>
      </object_component>
      <object_component id="oc-581">
         <name>.text:BSP_IntVectSet</name>
         <load_address>0x36d4</load_address>
         <run_address>0x36d4</run_address>
         <size>0x2c</size>
         <input_file_ref idref="fl-3e"/>
      </object_component>
      <object_component id="oc-58">
         <name>.text:OS_CPU_SysTickHandler</name>
         <load_address>0x3700</load_address>
         <run_address>0x3700</run_address>
         <size>0x2c</size>
         <input_file_ref idref="fl-15"/>
      </object_component>
      <object_component id="oc-636">
         <name>.text:OS_RdyListInsert</name>
         <load_address>0x372c</load_address>
         <run_address>0x372c</run_address>
         <size>0x2c</size>
         <input_file_ref idref="fl-3"/>
      </object_component>
      <object_component id="oc-5be">
         <name>.text:GPIODirModeSet</name>
         <load_address>0x3758</load_address>
         <run_address>0x3758</run_address>
         <size>0x2a</size>
         <input_file_ref idref="fl-2d"/>
      </object_component>
      <object_component id="oc-16e">
         <name>.text</name>
         <load_address>0x3782</load_address>
         <run_address>0x3782</run_address>
         <size>0x2a</size>
         <input_file_ref idref="fl-20"/>
      </object_component>
      <object_component id="oc-3b6">
         <name>.text:BSP_LED_Toggle</name>
         <load_address>0x37ac</load_address>
         <run_address>0x37ac</run_address>
         <size>0x28</size>
         <input_file_ref idref="fl-3d"/>
      </object_component>
      <object_component id="oc-386">
         <name>.text:OS_CPU_SysTickInit</name>
         <load_address>0x37d4</load_address>
         <run_address>0x37d4</run_address>
         <size>0x28</size>
         <input_file_ref idref="fl-15"/>
      </object_component>
      <object_component id="oc-72a">
         <name>.text:OS_PendDataInit</name>
         <load_address>0x37fc</load_address>
         <run_address>0x37fc</run_address>
         <size>0x28</size>
         <input_file_ref idref="fl-3"/>
      </object_component>
      <object_component id="oc-241">
         <name>.text:OS_PrioGetHighest</name>
         <load_address>0x3824</load_address>
         <run_address>0x3824</run_address>
         <size>0x28</size>
         <input_file_ref idref="fl-b"/>
      </object_component>
      <object_component id="oc-724">
         <name>.text:OS_TaskBlock</name>
         <load_address>0x384c</load_address>
         <run_address>0x384c</run_address>
         <size>0x28</size>
         <input_file_ref idref="fl-3"/>
      </object_component>
      <object_component id="oc-3ef">
         <name>.text:OS_TickTask</name>
         <load_address>0x3874</load_address>
         <run_address>0x3874</run_address>
         <size>0x28</size>
         <input_file_ref idref="fl-10"/>
      </object_component>
      <object_component id="oc-88b">
         <name>.text:ProbeCom_BufIsEmpty</name>
         <load_address>0x389c</load_address>
         <run_address>0x389c</run_address>
         <size>0x28</size>
         <input_file_ref idref="fl-16"/>
      </object_component>
      <object_component id="oc-374">
         <name>.text:BSP_Init</name>
         <load_address>0x38c4</load_address>
         <run_address>0x38c4</run_address>
         <size>0x24</size>
         <input_file_ref idref="fl-3d"/>
      </object_component>
      <object_component id="oc-5ce">
         <name>.text:CPU_NameClr</name>
         <load_address>0x38e8</load_address>
         <run_address>0x38e8</run_address>
         <size>0x24</size>
         <input_file_ref idref="fl-1f"/>
      </object_component>
      <object_component id="oc-4e9">
         <name>.text:OS_PendListRemove</name>
         <load_address>0x390c</load_address>
         <run_address>0x390c</run_address>
         <size>0x24</size>
         <input_file_ref idref="fl-3"/>
      </object_component>
      <object_component id="oc-4dd">
         <name>.text:OS_Post1</name>
         <load_address>0x3930</load_address>
         <run_address>0x3930</run_address>
         <size>0x24</size>
         <input_file_ref idref="fl-3"/>
      </object_component>
      <object_component id="oc-354">
         <name>.text:OS_PrioInsert</name>
         <load_address>0x3954</load_address>
         <run_address>0x3954</run_address>
         <size>0x24</size>
         <input_file_ref idref="fl-b"/>
      </object_component>
      <object_component id="oc-622">
         <name>.text:OS_PrioRemove</name>
         <load_address>0x3978</load_address>
         <run_address>0x3978</run_address>
         <size>0x24</size>
         <input_file_ref idref="fl-b"/>
      </object_component>
      <object_component id="oc-2dd">
         <name>.text:OS_RdyListInit</name>
         <load_address>0x399c</load_address>
         <run_address>0x399c</run_address>
         <size>0x24</size>
         <input_file_ref idref="fl-3"/>
      </object_component>
      <object_component id="oc-75d">
         <name>.text:OS_SemDbgListAdd</name>
         <load_address>0x39c0</load_address>
         <run_address>0x39c0</run_address>
         <size>0x24</size>
         <input_file_ref idref="fl-d"/>
      </object_component>
      <object_component id="oc-360">
         <name>.text:OS_TaskDbgListAdd</name>
         <load_address>0x39e4</load_address>
         <run_address>0x39e4</run_address>
         <size>0x24</size>
         <input_file_ref idref="fl-f"/>
      </object_component>
      <object_component id="oc-2e3">
         <name>.text:OS_TaskInit</name>
         <load_address>0x3a08</load_address>
         <run_address>0x3a08</run_address>
         <size>0x24</size>
         <input_file_ref idref="fl-f"/>
      </object_component>
      <object_component id="oc-3e7">
         <name>.text:OS_TickListInit</name>
         <load_address>0x3a2c</load_address>
         <run_address>0x3a2c</run_address>
         <size>0x24</size>
         <input_file_ref idref="fl-10"/>
      </object_component>
      <object_component id="oc-192">
         <name>.text:BSP_IntHandler</name>
         <load_address>0x3a50</load_address>
         <run_address>0x3a50</run_address>
         <size>0x20</size>
         <input_file_ref idref="fl-3e"/>
      </object_component>
      <object_component id="oc-20f">
         <name>.text:CPU_IntDisMeasMaxCurReset</name>
         <load_address>0x3a70</load_address>
         <run_address>0x3a70</run_address>
         <size>0x20</size>
         <input_file_ref idref="fl-1f"/>
      </object_component>
      <object_component id="oc-2d1">
         <name>.text:OSInitHook</name>
         <load_address>0x3a90</load_address>
         <run_address>0x3a90</run_address>
         <size>0x20</size>
         <input_file_ref idref="fl-15"/>
      </object_component>
      <object_component id="oc-24b">
         <name>.text:OSIntEnter</name>
         <load_address>0x3ab0</load_address>
         <run_address>0x3ab0</run_address>
         <size>0x20</size>
         <input_file_ref idref="fl-3"/>
      </object_component>
      <object_component id="oc-648">
         <name>.text:OS_TickListResetPeak</name>
         <load_address>0x3ad0</load_address>
         <run_address>0x3ad0</run_address>
         <size>0x20</size>
         <input_file_ref idref="fl-10"/>
      </object_component>
      <object_component id="oc-64e">
         <name>.text:OS_TmrResetPeak</name>
         <load_address>0x3af0</load_address>
         <run_address>0x3af0</run_address>
         <size>0x20</size>
         <input_file_ref idref="fl-12"/>
      </object_component>
      <object_component id="oc-7b2">
         <name>.text:ProbeRS232_RxStoINT8U</name>
         <load_address>0x3b10</load_address>
         <run_address>0x3b10</run_address>
         <size>0x20</size>
         <input_file_ref idref="fl-17"/>
      </object_component>
      <object_component id="oc-58e">
         <name>.text:SysCtlPeripheralEnable</name>
         <load_address>0x3b30</load_address>
         <run_address>0x3b30</run_address>
         <size>0x20</size>
         <input_file_ref idref="fl-36"/>
      </object_component>
      <object_component id="oc-299">
         <name>.text:CPU_IntDisMeasMaxCurGet</name>
         <load_address>0x3b50</load_address>
         <run_address>0x3b50</run_address>
         <size>0x1c</size>
         <input_file_ref idref="fl-1f"/>
      </object_component>
      <object_component id="oc-51e">
         <name>.text:CPU_IntDisMeasMaxGet</name>
         <load_address>0x3b6c</load_address>
         <run_address>0x3b6c</run_address>
         <size>0x1c</size>
         <input_file_ref idref="fl-1f"/>
      </object_component>
      <object_component id="oc-65f">
         <name>.text:OS_SchedLockTimeMeasStart</name>
         <load_address>0x3b88</load_address>
         <run_address>0x3b88</run_address>
         <size>0x1c</size>
         <input_file_ref idref="fl-3"/>
      </object_component>
      <object_component id="oc-769">
         <name>.text:ProbeRS232_Task</name>
         <load_address>0x3ba4</load_address>
         <run_address>0x3ba4</run_address>
         <size>0x1c</size>
         <input_file_ref idref="fl-17"/>
      </object_component>
      <object_component id="oc-229">
         <name>.text:OSTaskSemPost</name>
         <load_address>0x3bc0</load_address>
         <run_address>0x3bc0</run_address>
         <size>0x1a</size>
         <input_file_ref idref="fl-f"/>
      </object_component>
      <object_component id="oc-325">
         <name>.text:OS_Dbg_Init</name>
         <load_address>0x3bda</load_address>
         <run_address>0x3bda</run_address>
         <size>0x2</size>
         <input_file_ref idref="fl-4"/>
      </object_component>
      <object_component id="oc-4ef">
         <name>.text:OS_PendDbgNameRemove</name>
         <load_address>0x3bdc</load_address>
         <run_address>0x3bdc</run_address>
         <size>0x1a</size>
         <input_file_ref idref="fl-3"/>
      </object_component>
      <object_component id="oc-398">
         <name>.text:App_ProbeInit</name>
         <load_address>0x3bf6</load_address>
         <run_address>0x3bf6</run_address>
         <size>0x18</size>
         <input_file_ref idref="fl-23"/>
      </object_component>
      <object_component id="oc-45e">
         <name>.text:BSP_IntInit</name>
         <load_address>0x3c10</load_address>
         <run_address>0x3c10</run_address>
         <size>0x18</size>
         <input_file_ref idref="fl-3e"/>
      </object_component>
      <object_component id="oc-2fb">
         <name>.text:OS_FlagInit</name>
         <load_address>0x3c28</load_address>
         <run_address>0x3c28</run_address>
         <size>0x18</size>
         <input_file_ref idref="fl-5"/>
      </object_component>
      <object_component id="oc-301">
         <name>.text:OS_MemInit</name>
         <load_address>0x3c40</load_address>
         <run_address>0x3c40</run_address>
         <size>0x18</size>
         <input_file_ref idref="fl-7"/>
      </object_component>
      <object_component id="oc-30d">
         <name>.text:OS_MutexInit</name>
         <load_address>0x3c58</load_address>
         <run_address>0x3c58</run_address>
         <size>0x18</size>
         <input_file_ref idref="fl-9"/>
      </object_component>
      <object_component id="oc-313">
         <name>.text:OS_QInit</name>
         <load_address>0x3c70</load_address>
         <run_address>0x3c70</run_address>
         <size>0x18</size>
         <input_file_ref idref="fl-c"/>
      </object_component>
      <object_component id="oc-319">
         <name>.text:OS_SemInit</name>
         <load_address>0x3c88</load_address>
         <run_address>0x3c88</run_address>
         <size>0x18</size>
         <input_file_ref idref="fl-d"/>
      </object_component>
      <object_component id="oc-4f5">
         <name>.text:OS_TaskRdy</name>
         <load_address>0x3ca0</load_address>
         <run_address>0x3ca0</run_address>
         <size>0x18</size>
         <input_file_ref idref="fl-3"/>
      </object_component>
      <object_component id="oc-449">
         <name>.text:OS_TaskReturn</name>
         <load_address>0x3cb8</load_address>
         <run_address>0x3cb8</run_address>
         <size>0x18</size>
         <input_file_ref idref="fl-f"/>
      </object_component>
      <object_component id="oc-860">
         <name>.text:ProbeCom_GetINT16U</name>
         <load_address>0x3cd0</load_address>
         <run_address>0x3cd0</run_address>
         <size>0x18</size>
         <input_file_ref idref="fl-16"/>
      </object_component>
      <object_component id="oc-878">
         <name>.text:ProbeCom_StrOutAvail</name>
         <load_address>0x3ce8</load_address>
         <run_address>0x3ce8</run_address>
         <size>0x18</size>
         <input_file_ref idref="fl-16"/>
      </object_component>
      <object_component id="oc-797">
         <name>.text:ProbeRS232_OS_Pend</name>
         <load_address>0x3d00</load_address>
         <run_address>0x3d00</run_address>
         <size>0x18</size>
         <input_file_ref idref="fl-19"/>
      </object_component>
      <object_component id="oc-7a3">
         <name>.text:ProbeRS232_TxStart</name>
         <load_address>0x3d18</load_address>
         <run_address>0x3d18</run_address>
         <size>0x18</size>
         <input_file_ref idref="fl-17"/>
      </object_component>
      <object_component id="oc-146">
         <name>.text</name>
         <load_address>0x3d30</load_address>
         <run_address>0x3d30</run_address>
         <size>0x18</size>
         <input_file_ref idref="fl-171"/>
      </object_component>
      <object_component id="oc-866">
         <name>.text:ProbeCom_GetINT32U</name>
         <load_address>0x3d48</load_address>
         <run_address>0x3d48</run_address>
         <size>0x16</size>
         <input_file_ref idref="fl-16"/>
      </object_component>
      <object_component id="oc-3a4">
         <name>.text:BSP_LED_Off</name>
         <load_address>0x3d60</load_address>
         <run_address>0x3d60</run_address>
         <size>0x14</size>
         <input_file_ref idref="fl-3d"/>
      </object_component>
      <object_component id="oc-39e">
         <name>.text:BSP_LED_On</name>
         <load_address>0x3d74</load_address>
         <run_address>0x3d74</run_address>
         <size>0x14</size>
         <input_file_ref idref="fl-3d"/>
      </object_component>
      <object_component id="oc-3c3">
         <name>.text:CPU_IntDisMeasMaxCalc</name>
         <load_address>0x3d88</load_address>
         <run_address>0x3d88</run_address>
         <size>0x14</size>
         <input_file_ref idref="fl-1f"/>
      </object_component>
      <object_component id="oc-5c6">
         <name>.text:CPU_TS_TmrInit</name>
         <load_address>0x3d9c</load_address>
         <run_address>0x3d9c</run_address>
         <size>0x14</size>
         <input_file_ref idref="fl-40"/>
      </object_component>
      <object_component id="oc-2d7">
         <name>.text:OS_PrioInit</name>
         <load_address>0x3db0</load_address>
         <run_address>0x3db0</run_address>
         <size>0x14</size>
         <input_file_ref idref="fl-b"/>
      </object_component>
      <object_component id="oc-7ed">
         <name>.text:ProbeRS232_OS_Post</name>
         <load_address>0x3dc4</load_address>
         <run_address>0x3dc4</run_address>
         <size>0x14</size>
         <input_file_ref idref="fl-19"/>
      </object_component>
      <object_component id="oc-578">
         <name>.text:SysCtlDelay</name>
         <load_address>0x3dd8</load_address>
         <run_address>0x3dd8</run_address>
         <size>0x14</size>
         <input_file_ref idref="fl-36"/>
      </object_component>
      <object_component id="oc-28a">
         <name>.text</name>
         <load_address>0x3dec</load_address>
         <run_address>0x3dec</run_address>
         <size>0x14</size>
         <input_file_ref idref="fl-170"/>
      </object_component>
      <object_component id="oc-5a0">
         <name>.text:GPIOPinTypeGPIOOutput</name>
         <load_address>0x3e00</load_address>
         <run_address>0x3e00</run_address>
         <size>0x12</size>
         <input_file_ref idref="fl-2d"/>
      </object_component>
      <object_component id="oc-594">
         <name>.text:GPIOPinTypeSSI</name>
         <load_address>0x3e12</load_address>
         <run_address>0x3e12</run_address>
         <size>0x12</size>
         <input_file_ref idref="fl-2d"/>
      </object_component>
      <object_component id="oc-6ff">
         <name>.text:GPIOPinTypeUART</name>
         <load_address>0x3e24</load_address>
         <run_address>0x3e24</run_address>
         <size>0x12</size>
         <input_file_ref idref="fl-2d"/>
      </object_component>
      <object_component id="oc-837">
         <name>.text:ProbeCom_StoINT16U</name>
         <load_address>0x3e36</load_address>
         <run_address>0x3e36</run_address>
         <size>0x12</size>
         <input_file_ref idref="fl-16"/>
      </object_component>
      <object_component id="oc-6a0">
         <name>.text:SSIDataGetNonBlocking</name>
         <load_address>0x3e48</load_address>
         <run_address>0x3e48</run_address>
         <size>0x12</size>
         <input_file_ref idref="fl-35"/>
      </object_component>
      <object_component id="oc-37a">
         <name>.text:CPU_Init</name>
         <load_address>0x3e5a</load_address>
         <run_address>0x3e5a</run_address>
         <size>0x10</size>
         <input_file_ref idref="fl-1f"/>
      </object_component>
      <object_component id="oc-477">
         <name>.text:CPU_TS_Init</name>
         <load_address>0x3e6c</load_address>
         <run_address>0x3e6c</run_address>
         <size>0x10</size>
         <input_file_ref idref="fl-1f"/>
      </object_component>
      <object_component id="oc-4fc">
         <name>.text:OSIdleTaskHook</name>
         <load_address>0x3e7c</load_address>
         <run_address>0x3e7c</run_address>
         <size>0x10</size>
         <input_file_ref idref="fl-15"/>
      </object_component>
      <object_component id="oc-524">
         <name>.text:OSStatTaskHook</name>
         <load_address>0x3e8c</load_address>
         <run_address>0x3e8c</run_address>
         <size>0x10</size>
         <input_file_ref idref="fl-15"/>
      </object_component>
      <object_component id="oc-34e">
         <name>.text:OSTaskCreateHook</name>
         <load_address>0x3e9c</load_address>
         <run_address>0x3e9c</run_address>
         <size>0x10</size>
         <input_file_ref idref="fl-15"/>
      </object_component>
      <object_component id="oc-66f">
         <name>.text:OSTaskDelHook</name>
         <load_address>0x3eac</load_address>
         <run_address>0x3eac</run_address>
         <size>0x10</size>
         <input_file_ref idref="fl-15"/>
      </object_component>
      <object_component id="oc-56b">
         <name>.text:OSTaskReturnHook</name>
         <load_address>0x3ebc</load_address>
         <run_address>0x3ebc</run_address>
         <size>0x10</size>
         <input_file_ref idref="fl-15"/>
      </object_component>
      <object_component id="oc-223">
         <name>.text:OSTimeTickHook</name>
         <load_address>0x3ecc</load_address>
         <run_address>0x3ecc</run_address>
         <size>0x10</size>
         <input_file_ref idref="fl-15"/>
      </object_component>
      <object_component id="oc-843">
         <name>.text:ProbeCom_PktModifier</name>
         <load_address>0x3edc</load_address>
         <run_address>0x3edc</run_address>
         <size>0x10</size>
         <input_file_ref idref="fl-16"/>
      </object_component>
      <object_component id="oc-4a8">
         <name>.text:ProbeRS232_RxIntEn</name>
         <load_address>0x3eec</load_address>
         <run_address>0x3eec</run_address>
         <size>0x10</size>
         <input_file_ref idref="fl-1a"/>
      </object_component>
      <object_component id="oc-7c8">
         <name>.text:ProbeRS232_TxIntDis</name>
         <load_address>0x3efc</load_address>
         <run_address>0x3efc</run_address>
         <size>0x10</size>
         <input_file_ref idref="fl-1a"/>
      </object_component>
      <object_component id="oc-7e4">
         <name>.text:ProbeRS232_TxIntEn</name>
         <load_address>0x3f0c</load_address>
         <run_address>0x3f0c</run_address>
         <size>0x10</size>
         <input_file_ref idref="fl-1a"/>
      </object_component>
      <object_component id="oc-705">
         <name>.text:BSP_IntEn</name>
         <load_address>0x3f1c</load_address>
         <run_address>0x3f1c</run_address>
         <size>0xe</size>
         <input_file_ref idref="fl-3e"/>
      </object_component>
      <object_component id="oc-348">
         <name>.text:OS_MsgQInit</name>
         <load_address>0x3f2a</load_address>
         <run_address>0x3f2a</run_address>
         <size>0xe</size>
         <input_file_ref idref="fl-8"/>
      </object_component>
      <object_component id="oc-11">
         <name>.text:decompress:none</name>
         <load_address>0x3f38</load_address>
         <run_address>0x3f38</run_address>
         <size>0xe</size>
         <input_file_ref idref="fl-168"/>
      </object_component>
      <object_component id="oc-38c">
         <name>.text:CPU_TS_TmrFreqSet</name>
         <load_address>0x3f48</load_address>
         <run_address>0x3f48</run_address>
         <size>0xc</size>
         <input_file_ref idref="fl-1f"/>
      </object_component>
      <object_component id="oc-209">
         <name>.text:CPU_TS_TmrRd</name>
         <load_address>0x3f54</load_address>
         <run_address>0x3f54</run_address>
         <size>0xc</size>
         <input_file_ref idref="fl-40"/>
      </object_component>
      <object_component id="oc-5e0">
         <name>.text:ProbeCom_BufInit</name>
         <load_address>0x3f60</load_address>
         <run_address>0x3f60</run_address>
         <size>0xc</size>
         <input_file_ref idref="fl-16"/>
      </object_component>
      <object_component id="oc-7b8">
         <name>.text:ProbeRS232_RxBufClr</name>
         <load_address>0x3f6c</load_address>
         <run_address>0x3f6c</run_address>
         <size>0xc</size>
         <input_file_ref idref="fl-17"/>
      </object_component>
      <object_component id="oc-7c2">
         <name>.text:ProbeRS232_Tx1</name>
         <load_address>0x3f78</load_address>
         <run_address>0x3f78</run_address>
         <size>0xc</size>
         <input_file_ref idref="fl-1a"/>
      </object_component>
      <object_component id="oc-6be">
         <name>.text:SSIDataGet</name>
         <load_address>0x3f84</load_address>
         <run_address>0x3f84</run_address>
         <size>0xc</size>
         <input_file_ref idref="fl-35"/>
      </object_component>
      <object_component id="oc-1d">
         <name>.text:decompress:ZI</name>
         <load_address>0x3f90</load_address>
         <run_address>0x3f90</run_address>
         <size>0xc</size>
         <input_file_ref idref="fl-16a"/>
      </object_component>
      <object_component id="oc-757">
         <name>.text:OS_PendListInit</name>
         <load_address>0x3f9c</load_address>
         <run_address>0x3f9c</run_address>
         <size>0xa</size>
         <input_file_ref idref="fl-3"/>
      </object_component>
      <object_component id="oc-882">
         <name>.text:ProbeCom_GetINT08U</name>
         <load_address>0x3fa6</load_address>
         <run_address>0x3fa6</run_address>
         <size>0xa</size>
         <input_file_ref idref="fl-16"/>
      </object_component>
      <object_component id="oc-83d">
         <name>.text:ProbeCom_StoINT08U</name>
         <load_address>0x3fb0</load_address>
         <run_address>0x3fb0</run_address>
         <size>0xa</size>
         <input_file_ref idref="fl-16"/>
      </object_component>
      <object_component id="oc-6b8">
         <name>.text:SSIDataPut</name>
         <load_address>0x3fba</load_address>
         <run_address>0x3fba</run_address>
         <size>0xa</size>
         <input_file_ref idref="fl-35"/>
      </object_component>
      <object_component id="oc-68e">
         <name>.text:SSIDisable</name>
         <load_address>0x3fc4</load_address>
         <run_address>0x3fc4</run_address>
         <size>0xa</size>
         <input_file_ref idref="fl-35"/>
      </object_component>
      <object_component id="oc-69a">
         <name>.text:SSIEnable</name>
         <load_address>0x3fce</load_address>
         <run_address>0x3fce</run_address>
         <size>0xa</size>
         <input_file_ref idref="fl-35"/>
      </object_component>
      <object_component id="oc-5da">
         <name>.text:Mem_Clr</name>
         <load_address>0x3fd8</load_address>
         <run_address>0x3fd8</run_address>
         <size>0x8</size>
         <input_file_ref idref="fl-1d"/>
      </object_component>
      <object_component id="oc-94">
         <name>.text:BSP_IntHandlerADC0</name>
         <load_address>0x3fe0</load_address>
         <run_address>0x3fe0</run_address>
         <size>0x6</size>
         <input_file_ref idref="fl-3e"/>
      </object_component>
      <object_component id="oc-9a">
         <name>.text:BSP_IntHandlerADC1</name>
         <load_address>0x3fe6</load_address>
         <run_address>0x3fe6</run_address>
         <size>0x6</size>
         <input_file_ref idref="fl-3e"/>
      </object_component>
      <object_component id="oc-a0">
         <name>.text:BSP_IntHandlerADC2</name>
         <load_address>0x3fec</load_address>
         <run_address>0x3fec</run_address>
         <size>0x6</size>
         <input_file_ref idref="fl-3e"/>
      </object_component>
      <object_component id="oc-a6">
         <name>.text:BSP_IntHandlerADC3</name>
         <load_address>0x3ff2</load_address>
         <run_address>0x3ff2</run_address>
         <size>0x6</size>
         <input_file_ref idref="fl-3e"/>
      </object_component>
      <object_component id="oc-100">
         <name>.text:BSP_IntHandlerCAN0</name>
         <load_address>0x3ff8</load_address>
         <run_address>0x3ff8</run_address>
         <size>0x6</size>
         <input_file_ref idref="fl-3e"/>
      </object_component>
      <object_component id="oc-d6">
         <name>.text:BSP_IntHandlerCOMP0</name>
         <load_address>0x3ffe</load_address>
         <run_address>0x3ffe</run_address>
         <size>0x6</size>
         <input_file_ref idref="fl-3e"/>
      </object_component>
      <object_component id="oc-106">
         <name>.text:BSP_IntHandlerETH</name>
         <load_address>0x4004</load_address>
         <run_address>0x4004</run_address>
         <size>0x6</size>
         <input_file_ref idref="fl-3e"/>
      </object_component>
      <object_component id="oc-e2">
         <name>.text:BSP_IntHandlerFLASH</name>
         <load_address>0x400a</load_address>
         <run_address>0x400a</run_address>
         <size>0x6</size>
         <input_file_ref idref="fl-3e"/>
      </object_component>
      <object_component id="oc-5e">
         <name>.text:BSP_IntHandlerGPIOA</name>
         <load_address>0x4010</load_address>
         <run_address>0x4010</run_address>
         <size>0x6</size>
         <input_file_ref idref="fl-3e"/>
      </object_component>
      <object_component id="oc-64">
         <name>.text:BSP_IntHandlerGPIOB</name>
         <load_address>0x4016</load_address>
         <run_address>0x4016</run_address>
         <size>0x6</size>
         <input_file_ref idref="fl-3e"/>
      </object_component>
      <object_component id="oc-6a">
         <name>.text:BSP_IntHandlerGPIOC</name>
         <load_address>0x401c</load_address>
         <run_address>0x401c</run_address>
         <size>0x6</size>
         <input_file_ref idref="fl-3e"/>
      </object_component>
      <object_component id="oc-70">
         <name>.text:BSP_IntHandlerGPIOD</name>
         <load_address>0x4022</load_address>
         <run_address>0x4022</run_address>
         <size>0x6</size>
         <input_file_ref idref="fl-3e"/>
      </object_component>
      <object_component id="oc-76">
         <name>.text:BSP_IntHandlerGPIOE</name>
         <load_address>0x4028</load_address>
         <run_address>0x4028</run_address>
         <size>0x6</size>
         <input_file_ref idref="fl-3e"/>
      </object_component>
      <object_component id="oc-e8">
         <name>.text:BSP_IntHandlerGPIOF</name>
         <load_address>0x402e</load_address>
         <run_address>0x402e</run_address>
         <size>0x6</size>
         <input_file_ref idref="fl-3e"/>
      </object_component>
      <object_component id="oc-ee">
         <name>.text:BSP_IntHandlerGPIOG</name>
         <load_address>0x4034</load_address>
         <run_address>0x4034</run_address>
         <size>0x6</size>
         <input_file_ref idref="fl-3e"/>
      </object_component>
      <object_component id="oc-10c">
         <name>.text:BSP_IntHandlerHIBERNATE</name>
         <load_address>0x403a</load_address>
         <run_address>0x403a</run_address>
         <size>0x6</size>
         <input_file_ref idref="fl-3e"/>
      </object_component>
      <object_component id="oc-8e">
         <name>.text:BSP_IntHandlerI2C0</name>
         <load_address>0x4040</load_address>
         <run_address>0x4040</run_address>
         <size>0x6</size>
         <input_file_ref idref="fl-3e"/>
      </object_component>
      <object_component id="oc-88">
         <name>.text:BSP_IntHandlerSSI0</name>
         <load_address>0x4046</load_address>
         <run_address>0x4046</run_address>
         <size>0x6</size>
         <input_file_ref idref="fl-3e"/>
      </object_component>
      <object_component id="oc-dc">
         <name>.text:BSP_IntHandlerSYSCTL</name>
         <load_address>0x404c</load_address>
         <run_address>0x404c</run_address>
         <size>0x6</size>
         <input_file_ref idref="fl-3e"/>
      </object_component>
      <object_component id="oc-b2">
         <name>.text:BSP_IntHandlerTIMER0A</name>
         <load_address>0x4052</load_address>
         <run_address>0x4052</run_address>
         <size>0x6</size>
         <input_file_ref idref="fl-3e"/>
      </object_component>
      <object_component id="oc-b8">
         <name>.text:BSP_IntHandlerTIMER0B</name>
         <load_address>0x4058</load_address>
         <run_address>0x4058</run_address>
         <size>0x6</size>
         <input_file_ref idref="fl-3e"/>
      </object_component>
      <object_component id="oc-be">
         <name>.text:BSP_IntHandlerTIMER1A</name>
         <load_address>0x405e</load_address>
         <run_address>0x405e</run_address>
         <size>0x6</size>
         <input_file_ref idref="fl-3e"/>
      </object_component>
      <object_component id="oc-c4">
         <name>.text:BSP_IntHandlerTIMER1B</name>
         <load_address>0x4064</load_address>
         <run_address>0x4064</run_address>
         <size>0x6</size>
         <input_file_ref idref="fl-3e"/>
      </object_component>
      <object_component id="oc-ca">
         <name>.text:BSP_IntHandlerTIMER2A</name>
         <load_address>0x406a</load_address>
         <run_address>0x406a</run_address>
         <size>0x6</size>
         <input_file_ref idref="fl-3e"/>
      </object_component>
      <object_component id="oc-d0">
         <name>.text:BSP_IntHandlerTIMER2B</name>
         <load_address>0x4070</load_address>
         <run_address>0x4070</run_address>
         <size>0x6</size>
         <input_file_ref idref="fl-3e"/>
      </object_component>
      <object_component id="oc-f4">
         <name>.text:BSP_IntHandlerTIMER3A</name>
         <load_address>0x4076</load_address>
         <run_address>0x4076</run_address>
         <size>0x6</size>
         <input_file_ref idref="fl-3e"/>
      </object_component>
      <object_component id="oc-fa">
         <name>.text:BSP_IntHandlerTIMER3B</name>
         <load_address>0x407c</load_address>
         <run_address>0x407c</run_address>
         <size>0x6</size>
         <input_file_ref idref="fl-3e"/>
      </object_component>
      <object_component id="oc-7c">
         <name>.text:BSP_IntHandlerUART0</name>
         <load_address>0x4082</load_address>
         <run_address>0x4082</run_address>
         <size>0x6</size>
         <input_file_ref idref="fl-3e"/>
      </object_component>
      <object_component id="oc-82">
         <name>.text:BSP_IntHandlerUART1</name>
         <load_address>0x4088</load_address>
         <run_address>0x4088</run_address>
         <size>0x6</size>
         <input_file_ref idref="fl-3e"/>
      </object_component>
      <object_component id="oc-ac">
         <name>.text:BSP_IntHandlerWATCHDOG</name>
         <load_address>0x408e</load_address>
         <run_address>0x408e</run_address>
         <size>0x6</size>
         <input_file_ref idref="fl-3e"/>
      </object_component>
      <object_component id="oc-4d2">
         <name>.text:GPIOPinRead</name>
         <load_address>0x4094</load_address>
         <run_address>0x4094</run_address>
         <size>0x6</size>
         <input_file_ref idref="fl-2d"/>
      </object_component>
      <object_component id="oc-4af">
         <name>.text:GPIOPinWrite</name>
         <load_address>0x409a</load_address>
         <run_address>0x409a</run_address>
         <size>0x6</size>
         <input_file_ref idref="fl-2d"/>
      </object_component>
      <object_component id="oc-29">
         <name>.text:ResetISR</name>
         <load_address>0x40a0</load_address>
         <run_address>0x40a0</run_address>
         <size>0x6</size>
         <input_file_ref idref="fl-24"/>
      </object_component>
      <object_component id="oc-17">
         <name>.text:decompress:rle24</name>
         <load_address>0x40a6</load_address>
         <run_address>0x40a6</run_address>
         <size>0x6</size>
         <input_file_ref idref="fl-169"/>
      </object_component>
      <object_component id="oc-380">
         <name>.text:BSP_CPU_ClkFreq</name>
         <load_address>0x40ac</load_address>
         <run_address>0x40ac</run_address>
         <size>0x4</size>
         <input_file_ref idref="fl-3d"/>
      </object_component>
      <object_component id="oc-483">
         <name>.text:CPU_NameInit</name>
         <load_address>0x40b0</load_address>
         <run_address>0x40b0</run_address>
         <size>0x4</size>
         <input_file_ref idref="fl-1f"/>
      </object_component>
      <object_component id="oc-6ef">
         <name>.text:ProbeRS232_OS_Task</name>
         <load_address>0x40b4</load_address>
         <run_address>0x40b4</run_address>
         <size>0x4</size>
         <input_file_ref idref="fl-19"/>
      </object_component>
      <object_component id="oc-7ac">
         <name>.text:ProbeRS232_RxPkt</name>
         <load_address>0x40b8</load_address>
         <run_address>0x40b8</run_address>
         <size>0x4</size>
         <input_file_ref idref="fl-17"/>
      </object_component>
      <object_component id="oc-13a">
         <name>.text</name>
         <load_address>0x40bc</load_address>
         <run_address>0x40bc</run_address>
         <size>0x4</size>
         <input_file_ref idref="fl-16e"/>
      </object_component>
      <object_component id="oc-717">
         <name>.const:g_pucFont</name>
         <load_address>0x40c0</load_address>
         <run_address>0x40c0</run_address>
         <size>0x1e0</size>
         <input_file_ref idref="fl-41"/>
      </object_component>
      <object_component id="oc-333">
         <name>.const</name>
         <load_address>0x42a0</load_address>
         <run_address>0x42a0</run_address>
         <size>0xa4</size>
         <input_file_ref idref="fl-2"/>
      </object_component>
      <object_component id="oc-5d5">
         <name>.const:g_pulXtals</name>
         <load_address>0x4344</load_address>
         <run_address>0x4344</run_address>
         <size>0x5c</size>
         <input_file_ref idref="fl-36"/>
      </object_component>
      <object_component id="oc-5b8">
         <name>.const:.string:g_pucRIT128x96x4Init</name>
         <load_address>0x43a0</load_address>
         <run_address>0x43a0</run_address>
         <size>0x4f</size>
         <input_file_ref idref="fl-41"/>
      </object_component>
      <object_component id="oc-687">
         <name>.const</name>
[...]
      </symbol>
      <symbol id="sm-a72">
         <name>CPU_Name</name>
         <value>0x200020ac</value>
      </symbol>
      <symbol id="sm-a73">
         <name>CPU_TS_TmrFreq_Hz</name>
         <value>0x20002100</value>
      </symbol>
      <symbol id="sm-a74">
         <name>CPU_IntDisMeasCtr</name>
         <value>0x200021e4</value>
      </symbol>
      <symbol id="sm-a75">
         <name>CPU_IntDisNestCtr</name>
         <value>0x200021e6</value>
      </symbol>
      <symbol id="sm-a76">
         <name>CPU_IntDisMeasStart_cnts</name>
         <value>0x200020f8</value>
      </symbol>
      <symbol id="sm-a77">
         <name>CPU_IntDisMeasStop_cnts</name>
         <value>0x200020fc</value>
      </symbol>
      <symbol id="sm-a78">
         <name>CPU_IntDisMeasOvrhd_cnts</name>
         <value>0x200020f4</value>
      </symbol>
      <symbol id="sm-a79">
         <name>CPU_IntDisMeasMaxCur_cnts</name>
         <value>0x200020ec</value>
      </symbol>
      <symbol id="sm-a7a">
         <name>CPU_IntDisMeasMax_cnts</name>
         <value>0x200020f0</value>
      </symbol>
      <symbol id="sm-a7b">
         <name>CPU_IntDisMeasMaxGet</name>
         <value>0x3b6d</value>
         <object_component_ref idref="oc-51e"/>
      </symbol>
      <symbol id="sm-a7c">
         <name>CPU_IntDisMeasMaxCurGet</name>
         <value>0x3b51</value>
         <object_component_ref idref="oc-299"/>
      </symbol>
      <symbol id="sm-a7d">
         <name>CPU_IntDisMeasStop</name>
         <value>0x303d</value>
         <object_component_ref idref="oc-179"/>
      </symbol>
      <symbol id="sm-a7e">
         <name>CPU_NameClr</name>
         <value>0x38e9</value>
         <object_component_ref idref="oc-5ce"/>
      </symbol>
      <symbol id="sm-a7f">
         <name>CPU_Init</name>
         <value>0x3e5b</value>
         <object_component_ref idref="oc-37a"/>
      </symbol>
      <symbol id="sm-a80">
         <name>CPU_IntDisMeasStart</name>
         <value>0x3675</value>
         <object_component_ref idref="oc-173"/>
      </symbol>
      <symbol id="sm-a81">
         <name>CPU_TS_TmrFreqSet</name>
         <value>0x3f49</value>
         <object_component_ref idref="oc-38c"/>
      </symbol>
      <symbol id="sm-a82">
         <name>CPU_IntDisMeasMaxCurReset</name>
         <value>0x3a71</value>
         <object_component_ref idref="oc-20f"/>
      </symbol>
      <symbol id="sm-a8b">
         <name>CPU_IntDis</name>
         <value>0x3783</value>
         <object_component_ref idref="oc-16e"/>
      </symbol>
      <symbol id="sm-a8c">
         <name>CPU_SR_Save</name>
         <value>0x378b</value>
         <object_component_ref idref="oc-16e"/>
      </symbol>
      <symbol id="sm-a8d">
         <name>CPU_WaitForExcept</name>
         <value>0x37a9</value>
         <object_component_ref idref="oc-16e"/>
      </symbol>
      <symbol id="sm-a8e">
         <name>CPU_IntEn</name>
         <value>0x3787</value>
         <object_component_ref idref="oc-16e"/>
      </symbol>
      <symbol id="sm-a8f">
         <name>CPU_CntLeadZeros</name>
         <value>0x3799</value>
         <object_component_ref idref="oc-16e"/>
      </symbol>
      <symbol id="sm-a90">
         <name>CPU_RevBits</name>
         <value>0x379f</value>
         <object_component_ref idref="oc-16e"/>
      </symbol>
      <symbol id="sm-a91">
         <name>CPU_SR_Restore</name>
         <value>0x3793</value>
         <object_component_ref idref="oc-16e"/>
      </symbol>
      <symbol id="sm-a92">
         <name>CPU_WaitForInt</name>
         <value>0x37a5</value>
         <object_component_ref idref="oc-16e"/>
      </symbol>
      <symbol id="sm-aaa">
         <name>CPU_IntSrcEn</name>
         <value>0x1379</value>
         <object_component_ref idref="oc-774"/>
      </symbol>
      <symbol id="sm-b15">
         <name>main</name>
         <value>0x2b6d</value>
         <object_component_ref idref="oc-1e8"/>
      </symbol>
      <symbol id="sm-b20">
         <name>App_ProbeInit</name>
         <value>0x3bf7</value>
         <object_component_ref idref="oc-398"/>
      </symbol>
      <symbol id="sm-b6f">
         <name>ResetISR</name>
         <value>0x40a1</value>
         <object_component_ref idref="oc-29"/>
      </symbol>
      <symbol id="sm-b70">
         <name>g_pfnVectors</name>
         <value>0x0</value>
         <object_component_ref idref="oc-e"/>
      </symbol>
      <symbol id="sm-bb5">
         <name>GPIOPinTypeUART</name>
         <value>0x3e25</value>
         <object_component_ref idref="oc-6ff"/>
      </symbol>
      <symbol id="sm-bb6">
         <name>GPIOPinTypeGPIOOutput</name>
         <value>0x3e01</value>
         <object_component_ref idref="oc-5a0"/>
      </symbol>
      <symbol id="sm-bb7">
         <name>GPIOPinRead</name>
         <value>0x4095</value>
         <object_component_ref idref="oc-4d2"/>
      </symbol>
      <symbol id="sm-bb8">
         <name>GPIODirModeSet</name>
         <value>0x3759</value>
         <object_component_ref idref="oc-5be"/>
      </symbol>
      <symbol id="sm-bb9">
         <name>GPIOPinWrite</name>
         <value>0x409b</value>
         <object_component_ref idref="oc-4af"/>
      </symbol>
      <symbol id="sm-bba">
         <name>GPIOPadConfigSet</name>
         <value>0x15e3</value>
         <object_component_ref idref="oc-59a"/>
      </symbol>
      <symbol id="sm-bbb">
         <name>GPIOPinTypeSSI</name>
         <value>0x3e13</value>
         <object_component_ref idref="oc-594"/>
      </symbol>
      <symbol id="sm-bfc">
         <name>SSIDataPut</name>
         <value>0x3fbb</value>
         <object_component_ref idref="oc-6b8"/>
      </symbol>
      <symbol id="sm-bfd">
         <name>SSIDataGet</name>
         <value>0x3f85</value>
         <object_component_ref idref="oc-6be"/>
      </symbol>
      <symbol id="sm-bfe">
         <name>SSIDataGetNonBlocking</name>
         <value>0x3e49</value>
         <object_component_ref idref="oc-6a0"/>
      </symbol>
      <symbol id="sm-bff">
         <name>SSIConfigSetExpClk</name>
         <value>0x3271</value>
         <object_component_ref idref="oc-694"/>
      </symbol>
      <symbol id="sm-c00">
         <name>SSIEnable</name>
         <value>0x3fcf</value>
         <object_component_ref idref="oc-69a"/>
      </symbol>
      <symbol id="sm-c01">
         <name>SSIDisable</name>
         <value>0x3fc5</value>
         <object_component_ref idref="oc-68e"/>
      </symbol>
      <symbol id="sm-c88">
         <name>g_ulInlineCCSWorkaround</name>
         <value>0x200021e0</value>
      </symbol>
      <symbol id="sm-c89">
         <name>SysCtlClockSet</name>
         <value>0xaad</value>
         <object_component_ref idref="oc-458"/>
      </symbol>
      <symbol id="sm-c8a">
         <name>SysCtlDelay</name>
         <value>0x3dd9</value>
         <object_component_ref idref="oc-578"/>
      </symbol>
      <symbol id="sm-c8b">
         <name>SysCtlPeripheralEnable</name>
         <value>0x3b31</value>
         <object_component_ref idref="oc-58e"/>
      </symbol>
      <symbol id="sm-c8c">
         <name>SysCtlClockGet</name>
         <value>0x435</value>
         <object_component_ref idref="oc-48a"/>
      </symbol>
      <symbol id="sm-c8d">
         <name>SysCtlPeripheralReset</name>
         <value>0x32f5</value>
         <object_component_ref idref="oc-6f9"/>
      </symbol>
      <symbol id="sm-ce3">
         <name>BSP_LED_Off</name>
         <value>0x3d61</value>
         <object_component_ref idref="oc-3a4"/>
      </symbol>
      <symbol id="sm-ce4">
         <name>BSP_Init</name>
         <value>0x38c5</value>
         <object_component_ref idref="oc-374"/>
      </symbol>
      <symbol id="sm-ce5">
         <name>BSP_LED_On</name>
         <value>0x3d75</value>
         <object_component_ref idref="oc-39e"/>
      </symbol>
      <symbol id="sm-ce6">
         <name>BSP_LED_Toggle</name>
         <value>0x37ad</value>
         <object_component_ref idref="oc-3b6"/>
      </symbol>
      <symbol id="sm-ce7">
         <name>BSP_CPU_ClkFreq</name>
         <value>0x40ad</value>
         <object_component_ref idref="oc-380"/>
      </symbol>
      <symbol id="sm-e16">
         <name>BSP_IntHandlerWATCHDOG</name>
         <value>0x408f</value>
         <object_component_ref idref="oc-ac"/>
      </symbol>
      <symbol id="sm-e17">
         <name>BSP_IntHandlerFLASH</name>
         <value>0x400b</value>
         <object_component_ref idref="oc-e2"/>
      </symbol>
      <symbol id="sm-e18">
         <name>BSP_IntEn</name>
         <value>0x3f1d</value>
         <object_component_ref idref="oc-705"/>
      </symbol>
      <symbol id="sm-e19">
         <name>BSP_IntHandlerSYSCTL</name>
         <value>0x404d</value>
         <object_component_ref idref="oc-dc"/>
      </symbol>
      <symbol id="sm-e1a">
         <name>BSP_IntHandlerCAN0</name>
         <value>0x3ff9</value>
         <object_component_ref idref="oc-100"/>
      </symbol>
      <symbol id="sm-e1b">
         <name>BSP_IntHandlerETH</name>
         <value>0x4005</value>
         <object_component_ref idref="oc-106"/>
      </symbol>
      <symbol id="sm-e1c">
         <name>BSP_IntHandlerADC2</name>
         <value>0x3fed</value>
         <object_component_ref idref="oc-a0"/>
      </symbol>
      <symbol id="sm-e1d">
         <name>BSP_IntHandlerADC3</name>
         <value>0x3ff3</value>
         <object_component_ref idref="oc-a6"/>
      </symbol>
      <symbol id="sm-e1e">
         <name>BSP_IntHandlerADC0</name>
         <value>0x3fe1</value>
         <object_component_ref idref="oc-94"/>
      </symbol>
      <symbol id="sm-e1f">
         <name>BSP_IntHandlerADC1</name>
         <value>0x3fe7</value>
         <object_component_ref idref="oc-9a"/>
      </symbol>
      <symbol id="sm-e20">
         <name>BSP_IntHandlerTIMER2B</name>
         <value>0x4071</value>
         <object_component_ref idref="oc-d0"/>
      </symbol>
      <symbol id="sm-e21">
         <name>BSP_IntHandlerTIMER2A</name>
         <value>0x406b</value>
         <object_component_ref idref="oc-ca"/>
      </symbol>
      <symbol id="sm-e22">
         <name>BSP_IntHandlerTIMER3B</name>
         <value>0x407d</value>
         <object_component_ref idref="oc-fa"/>
      </symbol>
      <symbol id="sm-e23">
         <name>BSP_IntHandlerTIMER3A</name>
         <value>0x4077</value>
         <object_component_ref idref="oc-f4"/>
      </symbol>
      <symbol id="sm-e24">
         <name>BSP_IntHandlerTIMER0B</name>
         <value>0x4059</value>
         <object_component_ref idref="oc-b8"/>
      </symbol>
      <symbol id="sm-e25">
         <name>BSP_IntHandlerTIMER0A</name>
         <value>0x4053</value>
         <object_component_ref idref="oc-b2"/>
      </symbol>
      <symbol id="sm-e26">
         <name>BSP_IntHandlerI2C0</name>
         <value>0x4041</value>
         <object_component_ref idref="oc-8e"/>
      </symbol>
      <symbol id="sm-e27">
         <name>BSP_IntHandlerTIMER1B</name>
         <value>0x4065</value>
         <object_component_ref idref="oc-c4"/>
      </symbol>
      <symbol id="sm-e28">
         <name>BSP_IntHandlerTIMER1A</name>
         <value>0x405f</value>
         <object_component_ref idref="oc-be"/>
      </symbol>
      <symbol id="sm-e29">
         <name>BSP_IntHandlerUART0</name>
         <value>0x4083</value>
         <object_component_ref idref="oc-7c"/>
      </symbol>
      <symbol id="sm-e2a">
         <name>BSP_IntHandlerUART1</name>
         <value>0x4089</value>
         <object_component_ref idref="oc-82"/>
      </symbol>
      <symbol id="sm-e2b">
         <name>BSP_IntHandlerSSI0</name>
         <value>0x4047</value>
         <object_component_ref idref="oc-88"/>
      </symbol>
      <symbol id="sm-e2c">
         <name>BSP_IntHandlerCOMP0</name>
         <value>0x3fff</value>
         <object_component_ref idref="oc-d6"/>
      </symbol>
      <symbol id="sm-e2d">
         <name>BSP_IntInit</name>
         <value>0x3c11</value>
         <object_component_ref idref="oc-45e"/>
      </symbol>
      <symbol id="sm-e2e">
         <name>BSP_IntHandlerHIBERNATE</name>
         <value>0x403b</value>
         <object_component_ref idref="oc-10c"/>
      </symbol>
      <symbol id="sm-e2f">
         <name>BSP_IntVectSet</name>
         <value>0x36d5</value>
         <object_component_ref idref="oc-581"/>
      </symbol>
      <symbol id="sm-e30">
         <name>BSP_IntHandlerGPIOC</name>
         <value>0x401d</value>
         <object_component_ref idref="oc-6a"/>
      </symbol>
      <symbol id="sm-e31">
         <name>BSP_IntHandlerGPIOB</name>
         <value>0x4017</value>
         <object_component_ref idref="oc-64"/>
      </symbol>
      <symbol id="sm-e32">
         <name>BSP_IntHandlerGPIOA</name>
         <value>0x4011</value>
         <object_component_ref idref="oc-5e"/>
      </symbol>
      <symbol id="sm-e33">
         <name>BSP_IntHandlerGPIOG</name>
         <value>0x4035</value>
         <object_component_ref idref="oc-ee"/>
      </symbol>
      <symbol id="sm-e34">
         <name>BSP_IntHandlerGPIOF</name>
         <value>0x402f</value>
         <object_component_ref idref="oc-e8"/>
      </symbol>
      <symbol id="sm-e35">
         <name>BSP_IntHandlerGPIOE</name>
         <value>0x4029</value>
         <object_component_ref idref="oc-76"/>
      </symbol>
      <symbol id="sm-e36">
         <name>BSP_IntHandlerGPIOD</name>
         <value>0x4023</value>
         <object_component_ref idref="oc-70"/>
      </symbol>
      <symbol id="sm-e4d">
         <name>CPU_TS_TmrInit</name>
         <value>0x3d9d</value>
         <object_component_ref idref="oc-5c6"/>
      </symbol>
      <symbol id="sm-e4e">
         <name>CPU_TS_TmrRd</name>
         <value>0x3f55</value>
         <object_component_ref idref="oc-209"/>
      </symbol>
      <symbol id="sm-ed7">
         <name>RIT128x96x4StringDraw</name>
         <value>0x11b9</value>
         <object_component_ref idref="oc-61a"/>
      </symbol>
      <symbol id="sm-ed8">
         <name>RIT128x96x4Enable</name>
         <value>0x2ce9</value>
         <object_component_ref idref="oc-5a6"/>
      </symbol>
      <symbol id="sm-ed9">
         <name>RIT128x96x4Clear</name>
         <value>0x3115</value>
         <object_component_ref idref="oc-5ac"/>
      </symbol>
      <symbol id="sm-eda">
         <name>RIT128x96x4Init</name>
         <value>0x2421</value>
         <object_component_ref idref="oc-464"/>
      </symbol>
      <symbol id="sm-eea">
         <name>_c_int00</name>
         <value>0x33e9</value>
         <object_component_ref idref="oc-23"/>
      </symbol>
      <symbol id="sm-eeb">
         <name>__stack</name>
         <value>0x20002204</value>
         <object_component_ref idref="oc-28"/>
      </symbol>
      <symbol id="sm-f02">
         <name>__TI_decompress_none</name>
         <value>0x3f39</value>
         <object_component_ref idref="oc-11"/>
      </symbol>
      <symbol id="sm-f2a">
         <name>__TI_decompress_rle24</name>
         <value>0x40a7</value>
         <object_component_ref idref="oc-17"/>
      </symbol>
      <symbol id="sm-f3c">
         <name>__TI_zero_init</name>
         <value>0x3f91</value>
         <object_component_ref idref="oc-1d"/>
      </symbol>
      <symbol id="sm-f5b">
         <name>C$$EXIT</name>
         <value>0x322d</value>
         <object_component_ref idref="oc-14c"/>
      </symbol>
      <symbol id="sm-f5c">
         <name>abort</name>
         <value>0x3231</value>
         <object_component_ref idref="oc-14c"/>
      </symbol>
      <symbol id="sm-f5d">
         <name>exit</name>
         <value>0x3239</value>
         <object_component_ref idref="oc-14c"/>
      </symbol>
      <symbol id="sm-f5e">
         <name>__TI_dtors_ptr</name>
         <value>0x20002310</value>
         <object_component_ref idref="oc-1f3"/>
      </symbol>
      <symbol id="sm-f5f">
         <name>__TI_cleanup_ptr</name>
         <value>0x2000230c</value>
         <object_component_ref idref="oc-1f3"/>
      </symbol>
      <symbol id="sm-f7a">
         <name>memcpy</name>
         <value>0x1e75</value>
         <object_component_ref idref="oc-115"/>
      </symbol>
      <symbol id="sm-f7b">
         <name>__aeabi_memcpy</name>
         <value>0x1e75</value>
         <object_component_ref idref="oc-115"/>
      </symbol>
      <symbol id="sm-f7c">
         <name>__aeabi_memcpy8</name>
         <value>0x1e75</value>
         <object_component_ref idref="oc-115"/>
      </symbol>
      <symbol id="sm-f7d">
         <name>__aeabi_memcpy4</name>
         <value>0x1e75</value>
         <object_component_ref idref="oc-115"/>
      </symbol>
      <symbol id="sm-f8c">
         <name>__aeabi_memset</name>
         <value>0x262b</value>
         <object_component_ref idref="oc-12e"/>
      </symbol>
      <symbol id="sm-f8d">
         <name>memset</name>
         <value>0x2631</value>
         <object_component_ref idref="oc-12e"/>
      </symbol>
      <symbol id="sm-f8e">
         <name>__aeabi_memset8</name>
         <value>0x262b</value>
         <object_component_ref idref="oc-12e"/>
      </symbol>
      <symbol id="sm-f8f">
         <name>__aeabi_memset4</name>
         <value>0x262b</value>
         <object_component_ref idref="oc-12e"/>
      </symbol>
      <symbol id="sm-f90">
         <name>__aeabi_memclr8</name>
         <value>0x2629</value>
         <object_component_ref idref="oc-12e"/>
      </symbol>
      <symbol id="sm-f91">
         <name>__aeabi_memclr4</name>
         <value>0x2629</value>
         <object_component_ref idref="oc-12e"/>
      </symbol>
      <symbol id="sm-f92">
         <name>__aeabi_memclr</name>
         <value>0x2629</value>
         <object_component_ref idref="oc-12e"/>
      </symbol>
      <symbol id="sm-f9c">
         <name>_system_pre_init</name>
         <value>0x40bd</value>
         <object_component_ref idref="oc-13a"/>
      </symbol>
      <symbol id="sm-fa4">
         <name>main_func_sp</name>
         <value>0x20002314</value>
         <object_component_ref idref="oc-152"/>
      </symbol>
      <symbol id="sm-fbd">
         <name>_nop</name>
         <value>0x3dfb</value>
         <object_component_ref idref="oc-28a"/>
      </symbol>
      <symbol id="sm-fbe">
         <name>_lock</name>
         <value>0x20002304</value>
         <object_component_ref idref="oc-1f0"/>
      </symbol>
      <symbol id="sm-fbf">
         <name>_unlock</name>
         <value>0x20002308</value>
         <object_component_ref idref="oc-1f0"/>
      </symbol>
      <symbol id="sm-fc0">
         <name>_register_lock</name>
         <value>0x3df3</value>
         <object_component_ref idref="oc-28a"/>
      </symbol>
      <symbol id="sm-fc1">
         <name>_register_unlock</name>
         <value>0x3ded</value>
         <object_component_ref idref="oc-28a"/>
      </symbol>
      <symbol id="sm-fd6">
         <name>_args_main</name>
         <value>0x3d31</value>
         <object_component_ref idref="oc-146"/>
      </symbol>
      <symbol id="sm-ffc">
         <name>__TI_auto_init</name>
         <value>0x2a31</value>
         <object_component_ref idref="oc-140"/>
      </symbol>
      <symbol id="sm-1016">
         <name>copy_in</name>
         <value>0x2ff1</value>
         <object_component_ref idref="oc-1e0"/>
      </symbol>
      <symbol id="sm-1017">
         <name>__TI_static_base__</name>
         <value>0x0</value>
      </symbol>
      <symbol id="sm-101a">
         <name>SHT$$INIT_ARRAY$$Limit</name>
         <value>0x0</value>
      </symbol>
      <symbol id="sm-101b">
         <name>SHT$$INIT_ARRAY$$Base</name>
         <value>0x0</value>
      </symbol>
      <symbol id="sm-101c">
         <name>BSP_IntDisAll</name>
         <value>0x3783</value>
      </symbol>
   </symbol_table>
   <title>Link successful</title>
</link_info>
