******************************************************************************
                  TI ARM Linker Unix v5.2.6                    
******************************************************************************
>> Linked Tue Jan 19 11:07:46 2016

OUTPUT FILE NAME:   <uCOS-III-Ex2.out>
ENTRY POINT SYMBOL: "_c_int00"  address: 00004fa5


MEMORY CONFIGURATION

         name            origin    length      used     unused   attr    fill
----------------------  --------  ---------  --------  --------  ----  --------
  FLASH                 00000000   00040000  000062a0  00039d60  R  X
  SRAM                  20000000   00018000  00002452  00015bae  RW X


SEGMENT ALLOCATION MAP

run origin  load origin   length   init length attrs members
----------  ----------- ---------- ----------- ----- -------
00000000    00000000    000062a0   000062a0    r-x
  00000000    00000000    0000011c   0000011c    r-- .intvecs
  0000011c    0000011c    00005c9c   00005c9c    r-x .text
  00005db8    00005db8    00000480   00000480    r-- .const
  00006238    00006238    00000068   00000068    r-- .cinit
20000000    20000000    0000245c   00000000    rw-
  20000000    20000000    00002201   00000000    rw- .bss
  20002208    20002208    00000151   00000000    rw- .data
  2000235c    2000235c    00000100   00000000    rw- .stack


SECTION ALLOCATION MAP

 output                                  attributes/
section   page    origin      length       input sections
--------  ----  ----------  ----------   ----------------
.intvecs   0    00000000    0000011c     
                  00000000    0000011c     app_vect.obj (.intvecs)

.text      0    0000011c    00005c9c     
                  0000011c    0000109a     rtsv7M3_T_le_eabi.lib : _printfi.obj (.text)
                  000011b6    000001f4                           : ull_div_t2.obj (.text)
                  000013aa    000001b6                           : fd_add_t2.obj (.text)
                  00001560    00000198     os_task.obj (.text:OSTaskCreate)
                  000016f8    00000180     os_stat.obj (.text:OS_StatTask)
                  00001878    00000180     sysctl.obj (.text:SysCtlClockGet)
                  000019f8    00000148     os_core.obj (.text:OSInit)
                  00001b40    00000140     os_sem.obj (.text:OSSemPend)
                  00001c80    00000140     os_task.obj (.text:OSTaskSemPend)
                  00001dc0    00000136     rtsv7M3_T_le_eabi.lib : fd_div_t2.obj (.text)
                  00001ef6    00000002     app_vect.obj (.text:App_BusFault_ISR)
                  00001ef8    00000130     os_tick.obj (.text:OS_TickListUpdate)
                  00002028    0000012c     sysctl.obj (.text:SysCtlClockSet)
                  00002154    00000128     os_time.obj (.text:OSTimeDlyHMSM)
                  0000227c    00000118     app.obj (.text:AppTaskDisplay)
                  00002394    00000110     rtsv7M3_T_le_eabi.lib : xdscale.obj (.text)
                  000024a4    000000fc                           : fd_mul_t2.obj (.text)
                  000025a0    000000f4     os_tmr.obj (.text:OS_TmrInit)
                  00002694    000000f4     probe_com.obj (.text:ProbeCom_ReqQuery)
                  00002788    000000ec     probe_rs232.obj (.text:ProbeRS232_TxHandler)
                  00002874    000000e8     os_task.obj (.text:OSTaskDel)
                  0000295c    000000e4     rit128x96x4.obj (.text:RIT128x96x4StringDraw)
                  00002a40    000000dc     os_tick.obj (.text:OS_TickListInsert)
                  00002b1c    000000d0     cpu_c.obj (.text:CPU_IntSrcEn)
                  00002bec    000000d0     probe_com.obj (.text:ProbeCom_ParseRxPkt)
                  00002cbc    000000ca     os_task.obj (.text:OS_TaskInitTCB)
                  00002d86    000000be     rtsv7M3_T_le_eabi.lib : xdnorm.obj (.text)
                  00002e44    000000ba     gpio.obj (.text:GPIOPadConfigSet)
                  00002efe    00000002     app_vect.obj (.text:App_Fault_ISR)
                  00002f00    000000b8     os_stat.obj (.text:OS_StatTaskInit)
                  00002fb8    000000b0     os_stat.obj (.text:OSStatReset)
                  00003068    000000b0     probe_rs232.obj (.text:ProbeRS232_RxHandler)
                  00003118    000000a8     os_task.obj (.text:OS_TaskSemPost)
                  000031c0    000000a8     probe_com.obj (.text:ProbeCom_Init)
                  00003268    000000a8     probe_com.obj (.text:ProbeCom_ReqWrMulti)
                  00003310    000000a4     os_tmr.obj (.text:OS_TmrTask)
                  000033b4    000000a4     probe_com.obj (.text:ProbeCom_ReqRdMulti)
                  00003458    000000a4     app.obj (.text:main)
                  000034fc    000000a2     os_cpu_a.obj (.text)
                  0000359e    00000002     app_vect.obj (.text:App_MemFault_ISR)
                  000035a0    000000a0     os_time.obj (.text:OSTimeDly)
                  00003640    000000a0     os_tmr.obj (.text:OS_TmrLink)
                  000036e0    0000009c     os_task.obj (.text:OSTaskStkChk)
                  0000377c    0000009c     rtsv7M3_T_le_eabi.lib : memcpy_t2.obj (.text)
                  00003818    00000098     os_stat.obj (.text:OSStatTaskCPUUsageInit)
                  000038b0    00000096     os_core.obj (.text:OS_Post)
                  00003946    00000002     app_vect.obj (.text:App_NMI_ISR)
                  00003948    00000094     probe_rs232c.obj (.text:ProbeRS232_InitTarget)
                  000039dc    00000092     probe_com.obj (.text:ProbeCom_BufWr)
                  00003a6e    00000090     os_sem.obj (.text:OS_SemPost)
                  00003afe    00000090     probe_com.obj (.text:ProbeCom_BufRd)
                  00003b8e    00000002     app_vect.obj (.text:App_Spurious_ISR)
                  00003b90    00000088     os_core.obj (.text:OSIntExit)
                  00003c18    00000088     os_tick.obj (.text:OS_TickTaskInit)
                  00003ca0    00000088     probe_com.obj (.text:ProbeCom_ReqWr)
                  00003d28    00000088     rit128x96x4.obj (.text:RIT128x96x4Init)
                  00003db0    00000086     rtsv7M3_T_le_eabi.lib : fd_cmp_t2.obj (.text:__aeabi_cdcmple)
                  00003e36    00000086                           : fd_cmp_t2.obj (.text:__aeabi_cdrcmple)
                  00003ebc    00000084     os_cpu_c.obj (.text:OSTaskStkInit)
                  00003f40    00000080     probe_rs232_os.obj (.text:ProbeRS232_OS_Init)
                  00003fc0    0000007c     cpu_core.obj (.text:CPU_IntDisMeasInit)
                  0000403c    0000007a     rtsv7M3_T_le_eabi.lib : memset_t2.obj (.text)
                  000040b6    00000002     app_vect.obj (.text:App_UsageFault_ISR)
                  000040b8    00000078     probe_com.obj (.text:ProbeCom_ReqRd)
                  00004130    00000074     os_core.obj (.text:OSSched)
                  000041a4    00000074     os_core.obj (.text:OSSchedUnlock)
                  00004218    00000070     os_cpu_c.obj (.text:OSTaskSwHook)
                  00004288    0000006c     os_sem.obj (.text:OSSemCreate)
                  000042f4    0000006c     os_core.obj (.text:OS_IdleTaskInit)
                  00004360    0000006c     os_core.obj (.text:OS_SchedRoundRobin)
                  000043cc    0000006c     rtsv7M3_T_le_eabi.lib : autoinit.obj (.text)
                  00004438    0000006a                           : copy_decompress_rle.obj (.text)
                  000044a2    00000066                           : xdunscal.obj (.text)
                  00004508    00000064     os_core.obj (.text:OS_RdyListRemove)
                  0000456c    00000060     probe_com.obj (.text:ProbeCom_ReqStrIn)
                  000045cc    00000060     rtsv7M3_T_le_eabi.lib : sprintf.obj (.text)
                  0000462c    0000005c     os_core.obj (.text:OSSchedLock)
                  00004688    0000005c     probe_com.obj (.text:ProbeCom_ReqStrOut)
                  000046e4    0000005c     rit128x96x4.obj (.text:RIT128x96x4Enable)
                  00004740    0000005a     os_core.obj (.text:OS_PendListInsertPrio)
                  0000479a    00000058     lib_mem.obj (.text:Mem_Copy)
                  000047f2    00000002     bsp_int.obj (.text:BSP_IntHandlerDummy)
                  000047f4    00000058     os_core.obj (.text:OSStart)
                  0000484c    00000058     os_time.obj (.text:OSTimeTick)
                  000048a4    00000056     rtsv7M3_T_le_eabi.lib : ltoa.obj (.text)
                  000048fa    00000002     os_cfg_app.obj (.text:OSCfg_Init)
                  000048fc    00000054     app.obj (.text:AppTaskStart)
                  00004950    00000054     bsp.obj (.text:BSP_PB_Init)
                  000049a4    00000054     probe_rs232.obj (.text:ProbeRS232_Init)
                  000049f8    00000050     os_tmr.obj (.text:OS_TmrUnlink)
                  00004a48    0000004c     rtsv7M3_T_le_eabi.lib : atoi.obj (.text)
                  00004a94    0000004c                           : cpy_tbl.obj (.text)
                  00004ae0    00000048     app.obj (.text:AppDisplayTaskCreate)
                  00004b28    00000048     cpu_core.obj (.text:CPU_IntDisMeasStop)
                  00004b70    00000048     lib_mem.obj (.text:Mem_Set)
                  00004bb8    00000048     os_core.obj (.text:OS_Pend)
                  00004c00    00000048     rit128x96x4.obj (.text:RIT128x96x4Clear)
                  00004c48    00000048     rtsv7M3_T_le_eabi.lib : fd_toi_t2.obj (.text)
                  00004c90    00000047     os_core.obj (.text:OS_PendDbgNameAdd)
                  00004cd7    00000001     --HOLE-- [fill = 0]
                  00004cd8    00000046     rtsv7M3_T_le_eabi.lib : ldexp.obj (.text)
                  00004d1e    00000002     os_dbg.obj (.text:OS_Dbg_Init)
                  00004d20    00000044     os_task.obj (.text:OS_TaskDbgListRemove)
                  00004d64    00000044     probe_rs232c.obj (.text:ProbeRS232_RxTxISRHandler)
                  00004da8    00000044     rtsv7M3_T_le_eabi.lib : exit.obj (.text)
                  00004dec    00000042     ssi.obj (.text:SSIConfigSetExpClk)
                  00004e2e    00000002     --HOLE-- [fill = 0]
                  00004e30    00000040     os_msg.obj (.text:OS_MsgPoolInit)
                  00004e70    00000040     sysctl.obj (.text:SysCtlPeripheralReset)
                  00004eb0    00000040     rtsv7M3_T_le_eabi.lib : signal.obj (.text)
                  00004ef0    0000003c     os_core.obj (.text:OS_PendListRemove1)
                  00004f2c    0000003c     rit128x96x4.obj (.text:RITWriteCommand)
                  00004f68    0000003c     rit128x96x4.obj (.text:RITWriteData)
                  00004fa4    0000003c     rtsv7M3_T_le_eabi.lib : boot.obj (.text)
                  00004fe0    00000038     os_sem.obj (.text:OSSemPost)
                  00005018    00000038     os_core.obj (.text:OS_IdleTask)
                  00005050    00000038     os_msg.obj (.text:OS_MsgQFreeAll)
                  00005088    00000038     os_core.obj (.text:OS_RdyListInsertHead)
                  000050c0    00000038     os_core.obj (.text:OS_RdyListInsertTail)
                  000050f8    00000038     os_core.obj (.text:OS_SchedLockTimeMeasStop)
                  00005130    00000034     os_tick.obj (.text:OS_TickListRemove)
                  00005164    00000034     probe_com.obj (.text:ProbeCom_ReqErr)
                  00005198    00000034     probe_rs232.obj (.text:ProbeRS232_ParseRxPkt)
                  000051cc    00000034     rtsv7M3_T_le_eabi.lib : feraiseexcept.obj (.text)
                  00005200    00000032     os_core.obj (.text:OS_RdyListMoveHeadToTail)
                  00005232    00000002     --HOLE-- [fill = 0]
                  00005234    00000030     bsp.obj (.text:BSP_LED_Init)
                  00005264    00000030     cpu_core.obj (.text:CPU_IntDisMeasStart)
                  00005294    00000030     os_msg.obj (.text:OS_MsgPoolCreate)
                  000052c4    00000030     rtsv7M3_T_le_eabi.lib : xferaise.obj (.text)
                  000052f4    0000002e                           : i_tofd_t2.obj (.text)
                  00005322    0000002e                           : raise.obj (.text)
                  00005350    0000002c     bsp_int.obj (.text:BSP_IntVectSet)
                  0000537c    0000002c     os_cpu_c.obj (.text:OS_CPU_SysTickHandler)
                  000053a8    0000002c     os_core.obj (.text:OS_RdyListInsert)
                  000053d4    0000002a     gpio.obj (.text:GPIODirModeSet)
                  000053fe    0000002a     cpu_a.obj (.text)
                  00005428    0000002a     rtsv7M3_T_le_eabi.lib : xdclass.obj (.text)
                  00005452    00000002     --HOLE-- [fill = 0]
                  00005454    00000028     bsp.obj (.text:BSP_LED_Toggle)
                  0000547c    00000028     os_cpu_c.obj (.text:OS_CPU_SysTickInit)
                  000054a4    00000028     os_core.obj (.text:OS_PendDataInit)
                  000054cc    00000028     os_prio.obj (.text:OS_PrioGetHighest)
                  000054f4    00000028     os_core.obj (.text:OS_TaskBlock)
                  0000551c    00000028     os_tick.obj (.text:OS_TickTask)
                  00005544    00000028     probe_com.obj (.text:ProbeCom_BufIsEmpty)
                  0000556c    00000024     bsp.obj (.text:BSP_Init)
                  00005590    00000024     cpu_core.obj (.text:CPU_NameClr)
                  000055b4    00000024     os_core.obj (.text:OS_PendListRemove)
                  000055d8    00000024     os_core.obj (.text:OS_Post1)
                  000055fc    00000024     os_prio.obj (.text:OS_PrioInsert)
                  00005620    00000024     os_prio.obj (.text:OS_PrioRemove)
                  00005644    00000024     os_core.obj (.text:OS_RdyListInit)
                  00005668    00000024     os_sem.obj (.text:OS_SemDbgListAdd)
                  0000568c    00000024     os_task.obj (.text:OS_TaskDbgListAdd)
                  000056b0    00000024     os_task.obj (.text:OS_TaskInit)
                  000056d4    00000024     os_tick.obj (.text:OS_TickListInit)
                  000056f8    00000022     rtsv7M3_T_le_eabi.lib : frexp.obj (.text)
                  0000571a    00000002     --HOLE-- [fill = 0]
                  0000571c    00000020     bsp_int.obj (.text:BSP_IntHandler)
                  0000573c    00000020     cpu_core.obj (.text:CPU_IntDisMeasMaxCurReset)
                  0000575c    00000020     os_cpu_c.obj (.text:OSInitHook)
                  0000577c    00000020     os_core.obj (.text:OSIntEnter)
                  0000579c    00000020     os_tick.obj (.text:OS_TickListResetPeak)
                  000057bc    00000020     os_tmr.obj (.text:OS_TmrResetPeak)
                  000057dc    00000020     probe_rs232.obj (.text:ProbeRS232_RxStoINT8U)
                  000057fc    00000020     sysctl.obj (.text:SysCtlPeripheralEnable)
                  0000581c    0000001c     cpu_core.obj (.text:CPU_IntDisMeasMaxCurGet)
                  00005838    0000001c     cpu_core.obj (.text:CPU_IntDisMeasMaxGet)
                  00005854    0000001c     os_core.obj (.text:OS_SchedLockTimeMeasStart)
                  00005870    0000001c     probe_rs232.obj (.text:ProbeRS232_Task)
                  0000588c    0000001a     os_task.obj (.text:OSTaskSemPost)
                  000058a6    00000002     --HOLE-- [fill = 0]
                  000058a8    0000001a     os_core.obj (.text:OS_PendDbgNameRemove)
                  000058c2    0000001a     rtsv7M3_T_le_eabi.lib : memccpy.obj (.text)
                  000058dc    00000018     app_probe.obj (.text:App_ProbeInit)
                  000058f4    00000018     bsp_int.obj (.text:BSP_IntInit)
                  0000590c    00000018     os_flag.obj (.text:OS_FlagInit)
                  00005924    00000018     os_mem.obj (.text:OS_MemInit)
                  0000593c    00000018     os_mutex.obj (.text:OS_MutexInit)
                  00005954    00000018     os_q.obj (.text:OS_QInit)
                  0000596c    00000018     os_sem.obj (.text:OS_SemInit)
                  00005984    00000018     os_core.obj (.text:OS_TaskRdy)
                  0000599c    00000018     os_task.obj (.text:OS_TaskReturn)
                  000059b4    00000018     probe_com.obj (.text:ProbeCom_GetINT16U)
                  000059cc    00000018     probe_com.obj (.text:ProbeCom_StrOutAvail)
                  000059e4    00000018     probe_rs232_os.obj (.text:ProbeRS232_OS_Pend)
                  000059fc    00000018     probe_rs232.obj (.text:ProbeRS232_TxStart)
                  00005a14    00000018     rtsv7M3_T_le_eabi.lib : args_main.obj (.text)
                  00005a2c    00000016     probe_com.obj (.text:ProbeCom_GetINT32U)
                  00005a42    00000016     rtsv7M3_T_le_eabi.lib : strchr.obj (.text)
                  00005a58    00000014     bsp.obj (.text:BSP_LED_Off)
                  00005a6c    00000014     cpu_core.obj (.text:CPU_IntDisMeasMaxCalc)
                  00005a80    00000014     cpu_bsp.obj (.text:CPU_TS_TmrInit)
                  00005a94    00000014     os_prio.obj (.text:OS_PrioInit)
                  00005aa8    00000014     probe_rs232_os.obj (.text:ProbeRS232_OS_Post)
                  00005abc    00000014     sysctl.obj (.text:SysCtlDelay)
                  00005ad0    00000014     rtsv7M3_T_le_eabi.lib : _lock.obj (.text)
                  00005ae4    00000014                           : strlen.obj (.text)
                  00005af8    00000012     gpio.obj (.text:GPIOPinTypeGPIOOutput)
                  00005b0a    00000012     gpio.obj (.text:GPIOPinTypeSSI)
                  00005b1c    00000012     gpio.obj (.text:GPIOPinTypeUART)
                  00005b2e    00000012     probe_com.obj (.text:ProbeCom_StoINT16U)
                  00005b40    00000012     ssi.obj (.text:SSIDataGetNonBlocking)
                  00005b52    00000010     cpu_core.obj (.text:CPU_Init)
                  00005b62    00000002     --HOLE-- [fill = 0]
                  00005b64    00000010     cpu_core.obj (.text:CPU_TS_Init)
                  00005b74    00000010     os_cpu_c.obj (.text:OSIdleTaskHook)
                  00005b84    00000010     os_cpu_c.obj (.text:OSStatTaskHook)
                  00005b94    00000010     os_cpu_c.obj (.text:OSTaskCreateHook)
                  00005ba4    00000010     os_cpu_c.obj (.text:OSTaskDelHook)
                  00005bb4    00000010     os_cpu_c.obj (.text:OSTaskReturnHook)
                  00005bc4    00000010     os_cpu_c.obj (.text:OSTimeTickHook)
                  00005bd4    00000010     probe_com.obj (.text:ProbeCom_PktModifier)
                  00005be4    00000010     probe_rs232c.obj (.text:ProbeRS232_RxIntEn)
                  00005bf4    00000010     probe_rs232c.obj (.text:ProbeRS232_TxIntDis)
                  00005c04    00000010     probe_rs232c.obj (.text:ProbeRS232_TxIntEn)
                  00005c14    0000000e     bsp_int.obj (.text:BSP_IntEn)
                  00005c22    0000000e     os_msg.obj (.text:OS_MsgQInit)
                  00005c30    0000000e     rtsv7M3_T_le_eabi.lib : copy_decompress_none.obj (.text:decompress:none)
                  00005c3e    00000002     --HOLE-- [fill = 0]
                  00005c40    0000000c     cpu_core.obj (.text:CPU_TS_TmrFreqSet)
                  00005c4c    0000000c     cpu_bsp.obj (.text:CPU_TS_TmrRd)
                  00005c58    0000000c     probe_com.obj (.text:ProbeCom_BufInit)
                  00005c64    0000000c     probe_rs232.obj (.text:ProbeRS232_RxBufClr)
                  00005c70    0000000c     probe_rs232c.obj (.text:ProbeRS232_Tx1)
                  00005c7c    0000000c     ssi.obj (.text:SSIDataGet)
                  00005c88    0000000c     rtsv7M3_T_le_eabi.lib : copy_zero_init.obj (.text:decompress:ZI)
                  00005c94    0000000a     os_core.obj (.text:OS_PendListInit)
                  00005c9e    0000000a     probe_com.obj (.text:ProbeCom_GetINT08U)
                  00005ca8    0000000a     probe_com.obj (.text:ProbeCom_StoINT08U)
                  00005cb2    0000000a     ssi.obj (.text:SSIDataPut)
                  00005cbc    0000000a     ssi.obj (.text:SSIDisable)
                  00005cc6    0000000a     ssi.obj (.text:SSIEnable)
                  00005cd0    00000008     lib_mem.obj (.text:Mem_Clr)
                  00005cd8    00000006     bsp_int.obj (.text:BSP_IntHandlerADC0)
                  00005cde    00000006     bsp_int.obj (.text:BSP_IntHandlerADC1)
                  00005ce4    00000006     bsp_int.obj (.text:BSP_IntHandlerADC2)
                  00005cea    00000006     bsp_int.obj (.text:BSP_IntHandlerADC3)
                  00005cf0    00000006     bsp_int.obj (.text:BSP_IntHandlerCAN0)
                  00005cf6    00000006     bsp_int.obj (.text:BSP_IntHandlerCOMP0)
                  00005cfc    00000006     bsp_int.obj (.text:BSP_IntHandlerETH)
                  00005d02    00000006     bsp_int.obj (.text:BSP_IntHandlerFLASH)
                  00005d08    00000006     bsp_int.obj (.text:BSP_IntHandlerGPIOA)
                  00005d0e    00000006     bsp_int.obj (.text:BSP_IntHandlerGPIOB)
                  00005d14    00000006     bsp_int.obj (.text:BSP_IntHandlerGPIOC)
                  00005d1a    00000006     bsp_int.obj (.text:BSP_IntHandlerGPIOD)
                  00005d20    00000006     bsp_int.obj (.text:BSP_IntHandlerGPIOE)
                  00005d26    00000006     bsp_int.obj (.text:BSP_IntHandlerGPIOF)
                  00005d2c    00000006     bsp_int.obj (.text:BSP_IntHandlerGPIOG)
                  00005d32    00000006     bsp_int.obj (.text:BSP_IntHandlerHIBERNATE)
                  00005d38    00000006     bsp_int.obj (.text:BSP_IntHandlerI2C0)
                  00005d3e    00000006     bsp_int.obj (.text:BSP_IntHandlerSSI0)
                  00005d44    00000006     bsp_int.obj (.text:BSP_IntHandlerSYSCTL)
                  00005d4a    00000006     bsp_int.obj (.text:BSP_IntHandlerTIMER0A)
                  00005d50    00000006     bsp_int.obj (.text:BSP_IntHandlerTIMER0B)
                  00005d56    00000006     bsp_int.obj (.text:BSP_IntHandlerTIMER1A)
                  00005d5c    00000006     bsp_int.obj (.text:BSP_IntHandlerTIMER1B)
                  00005d62    00000006     bsp_int.obj (.text:BSP_IntHandlerTIMER2A)
                  00005d68    00000006     bsp_int.obj (.text:BSP_IntHandlerTIMER2B)
                  00005d6e    00000006     bsp_int.obj (.text:BSP_IntHandlerTIMER3A)
                  00005d74    00000006     bsp_int.obj (.text:BSP_IntHandlerTIMER3B)
                  00005d7a    00000006     bsp_int.obj (.text:BSP_IntHandlerUART0)
                  00005d80    00000006     bsp_int.obj (.text:BSP_IntHandlerUART1)
                  00005d86    00000006     bsp_int.obj (.text:BSP_IntHandlerWATCHDOG)
                  00005d8c    00000006     gpio.obj (.text:GPIOPinRead)
                  00005d92    00000006     gpio.obj (.text:GPIOPinWrite)
                  00005d98    00000006     app_vect.obj (.text:ResetISR)
                  00005d9e    00000006     rtsv7M3_T_le_eabi.lib : copy_decompress_rle.obj (.text:decompress:rle24)
                  00005da4    00000004     bsp.obj (.text:BSP_CPU_ClkFreq)
                  00005da8    00000004     cpu_core.obj (.text:CPU_NameInit)
                  00005dac    00000004     probe_rs232_os.obj (.text:ProbeRS232_OS_Task)
                  00005db0    00000004     probe_rs232.obj (.text:ProbeRS232_RxPkt)
                  00005db4    00000004     rtsv7M3_T_le_eabi.lib : pre_init.obj (.text)

.const     0    00005db8    00000480     
                  00005db8    000001e0     rit128x96x4.obj (.const:g_pucFont)
                  00005f98    00000101     rtsv7M3_T_le_eabi.lib : ctype.obj (.const:.string:_ctypes_)
                  00006099    00000003     --HOLE-- [fill = 0]
                  0000609c    000000a4     os_cfg_app.obj (.const)
                  00006140    0000005c     sysctl.obj (.const:g_pulXtals)
                  0000619c    0000004f     rit128x96x4.obj (.const:.string:g_pucRIT128x96x4Init)
                  000061eb    00000001     --HOLE-- [fill = 0]
                  000061ec    00000040     sysctl.obj (.const)
                  0000622c    0000000c     rit128x96x4.obj (.const:.string)

.cinit     0    00006238    00000068     
                  00006238    00000041     (.cinit..data.load) [load image, compression = rle]
                  00006279    00000003     --HOLE-- [fill = 0]
                  0000627c    0000000c     (__TI_handler_table)
                  00006288    00000008     (.cinit..bss.load) [load image, compression = zero_init]
                  00006290    00000010     (__TI_cinit_table)

.bss       0    20000000    00002201     UNINITIALIZED
                  20000000    00000640     os_cfg_app.obj (.bss:OSCfg_MsgPool)
                  20000640    00000200     app.obj (.bss:AppTaskDisplay_Stk)
                  20000840    00000200     app.obj (.bss:AppTaskStartStk)
                  20000a40    00000200     os_cfg_app.obj (.bss:OSCfg_ISRStk)
                  20000c40    00000200     os_cfg_app.obj (.bss:OSCfg_IdleTaskStk)
                  20000e40    00000200     os_cfg_app.obj (.bss:OSCfg_StatTaskStk)
                  20001040    00000200     os_cfg_app.obj (.bss:OSCfg_TickTaskStk)
                  20001240    00000200     os_cfg_app.obj (.bss:OSCfg_TmrTaskStk)
                  20001440    00000200     probe_rs232_os.obj (.bss:ProbeRS232_OS_TaskStk)
                  20001640    00000100     probe_rs232.obj (.bss:ProbeRS232_RxBuf)
                  20001740    00000100     probe_rs232.obj (.bss:ProbeRS232_TxBuf)
                  20001840    000000c4     app.obj (.bss:AppTaskDisplay_TCB)
                  20001904    000000c4     app.obj (.bss:AppTaskStartTCB)
                  200019c8    000000c4     os_var.obj (.bss:OSIdleTaskTCB)
                  20001a8c    000000c4     os_var.obj (.bss:OSStatTaskTCB)
                  20001b50    000000c4     os_var.obj (.bss:OSTickTaskTCB)
                  20001c14    000000c4     os_var.obj (.bss:OSTmrTaskTCB)
                  20001cd8    000000c4     probe_rs232_os.obj (.bss:ProbeRS232_OS_TaskTCB)
                  20001d9c    000000b8     bsp_int.obj (.bss:BSP_IntVectTbl)
                  20001e54    00000080     probe_com.obj (.bss:ProbeCom_StrInBufData)
                  20001ed4    00000080     probe_com.obj (.bss:ProbeCom_StrOutBufData)
                  20001f54    00000068     os_cfg_app.obj (.bss:OSCfg_TickWheel)
                  20001fbc    00000068     os_cfg_app.obj (.bss:OSCfg_TmrWheel)
                  20002024    00000060     os_var.obj (.bss:OSRdyList)
                  20002084    00000028     probe_rs232_os.obj (.bss:ProbeRS232_OS_Sem)
                  200020ac    00000010     (.common:CPU_Name)
                  200020bc    00000010     (.common:ProbeCom_StrInBuf)
                  200020cc    00000010     (.common:ProbeCom_StrOutBuf)
                  200020dc    00000008     (.common:OSMsgPool)
                  200020e4    00000008     (.common:g_pucBuffer)
                  200020ec    00000004     (.common:CPU_IntDisMeasMaxCur_cnts)
                  200020f0    00000004     (.common:CPU_IntDisMeasMax_cnts)
                  200020f4    00000004     (.common:CPU_IntDisMeasOvrhd_cnts)
                  200020f8    00000004     (.common:CPU_IntDisMeasStart_cnts)
                  200020fc    00000004     (.common:CPU_IntDisMeasStop_cnts)
                  20002100    00000004     (.common:CPU_TS_TmrFreq_Hz)
                  20002104    00000004     (.common:OSFlagDbgListPtr)
                  20002108    00000004     (.common:OSIdleTaskCtr)
                  2000210c    00000004     (.common:OSIntDisTimeMax)
                  20002110    00000004     (.common:OSMemDbgListPtr)
                  20002114    00000004     (.common:OSMutexDbgListPtr)
                  20002118    00000004     (.common:OSPrioTbl)
                  2000211c    00000004     (.common:OSQDbgListPtr)
                  20002120    00000004     (.common:OSSchedLockTimeBegin)
                  20002124    00000004     (.common:OSSchedLockTimeMax)
                  20002128    00000004     (.common:OSSchedLockTimeMaxCur)
                  2000212c    00000004     (.common:OSSchedRoundRobinDfltTimeQuanta)
                  20002130    00000004     (.common:OSSemDbgListPtr)
                  20002134    00000004     (.common:OSStatTaskCtr)
                  20002138    00000004     (.common:OSStatTaskCtrMax)
                  2000213c    00000004     (.common:OSStatTaskCtrRun)
                  20002140    00000004     (.common:OSStatTaskTimeMax)
                  20002144    00000004     (.common:OSTCBCurPtr)
                  20002148    00000004     (.common:OSTCBHighRdyPtr)
                  2000214c    00000004     (.common:OSTaskCtxSwCtr)
                  20002150    00000004     (.common:OSTaskDbgListPtr)
                  20002154    00000004     (.common:OSTickCtr)
                  20002158    00000004     (.common:OSTickTaskTimeMax)
                  2000215c    00000004     (.common:OSTmrDbgListPtr)
                  20002160    00000004     (.common:OSTmrTaskTimeMax)
                  20002164    00000004     (.common:OSTmrTickCtr)
                  20002168    00000004     (.common:OSTmrUpdateCnt)
                  2000216c    00000004     (.common:OSTmrUpdateCtr)
                  20002170    00000004     (.common:OS_AppIdleTaskHookPtr)
                  20002174    00000004     (.common:OS_AppStatTaskHookPtr)
                  20002178    00000004     (.common:OS_AppTaskCreateHookPtr)
                  2000217c    00000004     (.common:OS_AppTaskDelHookPtr)
                  20002180    00000004     (.common:OS_AppTaskReturnHookPtr)
                  20002184    00000004     (.common:OS_AppTaskSwHookPtr)
                  20002188    00000004     (.common:OS_AppTimeTickHookPtr)
                  2000218c    00000004     (.common:OS_CPU_ExceptStkBase)
                  20002190    00000004     (.common:ProbeCom_EndiannessTest)
                  20002194    00000004     (.common:ProbeCom_ErrPktCtr)
                  20002198    00000004     (.common:ProbeCom_RxPktCtr)
                  2000219c    00000004     (.common:ProbeCom_RxSymByteCtr)
                  200021a0    00000004     (.common:ProbeCom_RxSymCtr)
                  200021a4    00000004     (.common:ProbeCom_StrRxCtr)
                  200021a8    00000004     (.common:ProbeCom_StrRxOvfErrCtr)
                  200021ac    00000004     (.common:ProbeCom_StrTxCtr)
                  200021b0    00000004     (.common:ProbeCom_StrTxOvfErrCtr)
                  200021b4    00000004     (.common:ProbeCom_TxPktCtr)
                  200021b8    00000004     (.common:ProbeCom_TxSymByteCtr)
                  200021bc    00000004     (.common:ProbeCom_TxSymCtr)
                  200021c0    00000004     (.common:ProbeRS232_RxBufWrIx)
                  200021c4    00000004     (.common:ProbeRS232_RxCtr)
                  200021c8    00000004     (.common:ProbeRS232_RxLen)
                  200021cc    00000004     (.common:ProbeRS232_RxLenRem)
                  200021d0    00000004     (.common:ProbeRS232_RxPktCtr)
                  200021d4    00000004     (.common:ProbeRS232_TxBufRdIx)
                  200021d8    00000004     (.common:ProbeRS232_TxCtr)
                  200021dc    00000004     (.common:ProbeRS232_TxLen)
                  200021e0    00000004     (.common:g_ulInlineCCSWorkaround)
                  200021e4    00000002     (.common:CPU_IntDisMeasCtr)
                  200021e6    00000002     (.common:CPU_IntDisNestCtr)
                  200021e8    00000002     (.common:OSFlagQty)
                  200021ea    00000002     (.common:OSMemQty)
                  200021ec    00000002     (.common:OSMutexQty)
                  200021ee    00000002     (.common:OSQQty)
                  200021f0    00000002     (.common:OSSemQty)
                  200021f2    00000002     (.common:OSTaskQty)
                  200021f4    00000001     (.common:OSIntNestingCtr)
                  200021f5    00000001     (.common:OSPrioCur)
                  200021f6    00000001     (.common:OSPrioHighRdy)
                  200021f7    00000001     (.common:OSRunning)
                  200021f8    00000001     (.common:OSSchedLockNestingCtr)
                  200021f9    00000001     (.common:OSSchedRoundRobinEn)
                  200021fa    00000001     (.common:OSStatResetFlag)
                  200021fb    00000001     (.common:OSStatTaskCPUUsage)
                  200021fc    00000001     (.common:OSStatTaskRdy)
                  200021fd    00000001     (.common:ProbeRS232_RxState)
                  200021fe    00000001     (.common:ProbeRS232_TxActiveFlag)
                  200021ff    00000001     (.common:ProbeRS232_TxBufInUse)
                  20002200    00000001     (.common:ProbeRS232_TxState)

.TI.noinit 
*          0    20000000    00000000     UNINITIALIZED

.data      0    20002208    00000151     UNINITIALIZED
                  20002208    000000b0     rtsv7M3_T_le_eabi.lib : signal.obj (.data:sigtable)
                  200022b8    00000080                           : xvalues.obj (.data)
                  20002338    00000008                           : _lock.obj (.data)
                  20002340    00000008                           : exit.obj (.data)
                  20002348    00000008                           : feraiseexcept.obj (.data)
                  20002350    00000004                           : errno.obj (.data)
                  20002354    00000004                           : stkdepth_vars.obj (.data)
                  20002358    00000001     rit128x96x4.obj (.data)

.TI.persistent 
*          0    20002208    00000000     UNINITIALIZED

.stack     0    2000235c    00000100     UNINITIALIZED
                  2000235c    00000100     --HOLE--


LINKER GENERATED COPY TABLES

__TI_cinit_table @ 00006290 records: 2, size/record: 8, table size: 16
	.data: load addr=00006238, load size=00000041 bytes, run addr=20002208, run size=00000151 bytes, compression=rle
	.bss: load addr=00006288, load size=00000008 bytes, run addr=20000000, run size=00002201 bytes, compression=zero_init


LINKER GENERATED HANDLER TABLE

__TI_handler_table @ 0000627c records: 3, size/record: 4, table size: 12
	index: 0, handler: __TI_decompress_rle24
	index: 1, handler: __TI_decompress_none
	index: 2, handler: __TI_zero_init


GLOBAL SYMBOLS: SORTED ALPHABETICALLY BY Name 

address   name                           
-------   ----                           
000058dd  App_ProbeInit                  
00005da5  BSP_CPU_ClkFreq                
0000556d  BSP_Init                       
000053ff  BSP_IntDisAll                  
00005c15  BSP_IntEn                      
00005cd9  BSP_IntHandlerADC0             
00005cdf  BSP_IntHandlerADC1             
00005ce5  BSP_IntHandlerADC2             
00005ceb  BSP_IntHandlerADC3             
00005cf1  BSP_IntHandlerCAN0             
00005cf7  BSP_IntHandlerCOMP0            
00005cfd  BSP_IntHandlerETH              
00005d03  BSP_IntHandlerFLASH            
00005d09  BSP_IntHandlerGPIOA            
00005d0f  BSP_IntHandlerGPIOB            
00005d15  BSP_IntHandlerGPIOC            
00005d1b  BSP_IntHandlerGPIOD            
00005d21  BSP_IntHandlerGPIOE            
00005d27  BSP_IntHandlerGPIOF            
00005d2d  BSP_IntHandlerGPIOG            
00005d33  BSP_IntHandlerHIBERNATE        
00005d39  BSP_IntHandlerI2C0             
00005d3f  BSP_IntHandlerSSI0             
00005d45  BSP_IntHandlerSYSCTL           
00005d4b  BSP_IntHandlerTIMER0A          
00005d51  BSP_IntHandlerTIMER0B          
00005d57  BSP_IntHandlerTIMER1A          
00005d5d  BSP_IntHandlerTIMER1B          
00005d63  BSP_IntHandlerTIMER2A          
00005d69  BSP_IntHandlerTIMER2B          
00005d6f  BSP_IntHandlerTIMER3A          
00005d75  BSP_IntHandlerTIMER3B          
00005d7b  BSP_IntHandlerUART0            
00005d81  BSP_IntHandlerUART1            
00005d87  BSP_IntHandlerWATCHDOG         
000058f5  BSP_IntInit                    
00005351  BSP_IntVectSet                 
00005a59  BSP_LED_Off                    
00005455  BSP_LED_Toggle                 
00004da9  C$$EXIT                        
00005415  CPU_CntLeadZeros               
00005b53  CPU_Init                       
000053ff  CPU_IntDis                     
200021e4  CPU_IntDisMeasCtr              
0000581d  CPU_IntDisMeasMaxCurGet        
0000573d  CPU_IntDisMeasMaxCurReset      
200020ec  CPU_IntDisMeasMaxCur_cnts      
00005839  CPU_IntDisMeasMaxGet           
200020f0  CPU_IntDisMeasMax_cnts         
200020f4  CPU_IntDisMeasOvrhd_cnts       
00005265  CPU_IntDisMeasStart            
200020f8  CPU_IntDisMeasStart_cnts       
00004b29  CPU_IntDisMeasStop             
200020fc  CPU_IntDisMeasStop_cnts        
200021e6  CPU_IntDisNestCtr              
00005403  CPU_IntEn                      
00002b1d  CPU_IntSrcEn                   
200020ac  CPU_Name                       
00005591  CPU_NameClr                    
0000541b  CPU_RevBits                    
0000540f  CPU_SR_Restore                 
00005407  CPU_SR_Save                    
00005c41  CPU_TS_TmrFreqSet              
20002100  CPU_TS_TmrFreq_Hz              
00005a81  CPU_TS_TmrInit                 
00005c4d  CPU_TS_TmrRd                   
00005425  CPU_WaitForExcept              
00005421  CPU_WaitForInt                 
000053d5  GPIODirModeSet                 
00002e45  GPIOPadConfigSet               
00005d8d  GPIOPinRead                    
00005af9  GPIOPinTypeGPIOOutput          
00005b0b  GPIOPinTypeSSI                 
00005b1d  GPIOPinTypeUART                
00005d93  GPIOPinWrite                   
00005cd1  Mem_Clr                        
0000479b  Mem_Copy                       
00004b71  Mem_Set                        
0000613c  OSCfg_DataSizeRAM              
20000a40  OSCfg_ISRStk                   
000060c8  OSCfg_ISRStkBasePtr            
000060cc  OSCfg_ISRStkSize               
000060d0  OSCfg_ISRStkSizeRAM            
20000c40  OSCfg_IdleTaskStk              
0000609c  OSCfg_IdleTaskStkBasePtr       
000060a0  OSCfg_IdleTaskStkLimit         
000060a4  OSCfg_IdleTaskStkSize          
000060a8  OSCfg_IdleTaskStkSizeRAM       
000048fb  OSCfg_Init                     
000060ac  OSCfg_IntQBasePtr              
000060b0  OSCfg_IntQSize                 
000060b4  OSCfg_IntQSizeRAM              
000060b8  OSCfg_IntQTaskStkBasePtr       
000060bc  OSCfg_IntQTaskStkLimit         
000060c0  OSCfg_IntQTaskStkSize          
000060c4  OSCfg_IntQTaskStkSizeRAM       
20000000  OSCfg_MsgPool                  
000060dc  OSCfg_MsgPoolBasePtr           
000060d4  OSCfg_MsgPoolSize              
000060d8  OSCfg_MsgPoolSizeRAM           
000060e0  OSCfg_StatTaskPrio             
000060e4  OSCfg_StatTaskRate_Hz          
20000e40  OSCfg_StatTaskStk              
000060e8  OSCfg_StatTaskStkBasePtr       
000060ec  OSCfg_StatTaskStkLimit         
000060f0  OSCfg_StatTaskStkSize          
000060f4  OSCfg_StatTaskStkSizeRAM       
000060f8  OSCfg_StkSizeMin               
000060fc  OSCfg_TickRate_Hz              
00006100  OSCfg_TickTaskPrio             
20001040  OSCfg_TickTaskStk              
00006104  OSCfg_TickTaskStkBasePtr       
00006108  OSCfg_TickTaskStkLimit         
0000610c  OSCfg_TickTaskStkSize          
00006110  OSCfg_TickTaskStkSizeRAM       
20001f54  OSCfg_TickWheel                
00006114  OSCfg_TickWheelSize            
00006118  OSCfg_TickWheelSizeRAM         
0000611c  OSCfg_TmrTaskPrio              
00006120  OSCfg_TmrTaskRate_Hz           
20001240  OSCfg_TmrTaskStk               
00006124  OSCfg_TmrTaskStkBasePtr        
00006128  OSCfg_TmrTaskStkLimit          
0000612c  OSCfg_TmrTaskStkSize           
00006130  OSCfg_TmrTaskStkSizeRAM        
20001fbc  OSCfg_TmrWheel                 
00006134  OSCfg_TmrWheelSize             
00006138  OSCfg_TmrWheelSizeRAM          
20002104  OSFlagDbgListPtr               
200021e8  OSFlagQty                      
20002108  OSIdleTaskCtr                  
00005b75  OSIdleTaskHook                 
200019c8  OSIdleTaskTCB                  
000019f9  OSInit                         
0000575d  OSInitHook                     
2000210c  OSIntDisTimeMax                
0000577d  OSIntEnter                     
00003b91  OSIntExit                      
200021f4  OSIntNestingCtr                
20002110  OSMemDbgListPtr                
200021ea  OSMemQty                       
200020dc  OSMsgPool                      
20002114  OSMutexDbgListPtr              
200021ec  OSMutexQty                     
200021f5  OSPrioCur                      
200021f6  OSPrioHighRdy                  
20002118  OSPrioTbl                      
2000211c  OSQDbgListPtr                  
200021ee  OSQQty                         
20002024  OSRdyList                      
200021f7  OSRunning                      
00004131  OSSched                        
0000462d  OSSchedLock                    
200021f8  OSSchedLockNestingCtr          
20002120  OSSchedLockTimeBegin           
20002124  OSSchedLockTimeMax             
20002128  OSSchedLockTimeMaxCur          
2000212c  OSSchedRoundRobinDfltTimeQuanta
200021f9  OSSchedRoundRobinEn            
000041a5  OSSchedUnlock                  
00004289  OSSemCreate                    
20002130  OSSemDbgListPtr                
00001b41  OSSemPend                      
00004fe1  OSSemPost                      
200021f0  OSSemQty                       
000047f5  OSStart                        
00003529  OSStartHighRdy                 
00002fb9  OSStatReset                    
200021fa  OSStatResetFlag                
200021fb  OSStatTaskCPUUsage             
00003819  OSStatTaskCPUUsageInit         
20002134  OSStatTaskCtr                  
20002138  OSStatTaskCtrMax               
2000213c  OSStatTaskCtrRun               
00005b85  OSStatTaskHook                 
200021fc  OSStatTaskRdy                  
20001a8c  OSStatTaskTCB                  
20002140  OSStatTaskTimeMax              
20002144  OSTCBCurPtr                    
20002148  OSTCBHighRdyPtr                
00001561  OSTaskCreate                   
00005b95  OSTaskCreateHook               
2000214c  OSTaskCtxSwCtr                 
20002150  OSTaskDbgListPtr               
00002875  OSTaskDel                      
00005ba5  OSTaskDelHook                  
200021f2  OSTaskQty                      
00005bb5  OSTaskReturnHook               
00001c81  OSTaskSemPend                  
0000588d  OSTaskSemPost                  
000036e1  OSTaskStkChk                   
00003ebd  OSTaskStkInit                  
00004219  OSTaskSwHook                   
20002154  OSTickCtr                      
20001b50  OSTickTaskTCB                  
20002158  OSTickTaskTimeMax              
000035a1  OSTimeDly                      
00002155  OSTimeDlyHMSM                  
0000484d  OSTimeTick                     
00005bc5  OSTimeTickHook                 
2000215c  OSTmrDbgListPtr                
20001c14  OSTmrTaskTCB                   
20002160  OSTmrTaskTimeMax               
20002164  OSTmrTickCtr                   
20002168  OSTmrUpdateCnt                 
2000216c  OSTmrUpdateCtr                 
20002170  OS_AppIdleTaskHookPtr          
20002174  OS_AppStatTaskHookPtr          
20002178  OS_AppTaskCreateHookPtr        
2000217c  OS_AppTaskDelHookPtr           
20002180  OS_AppTaskReturnHookPtr        
20002184  OS_AppTaskSwHookPtr            
20002188  OS_AppTimeTickHookPtr          
2000218c  OS_CPU_ExceptStkBase           
00003551  OS_CPU_PendSVHandler           
0000537d  OS_CPU_SysTickHandler          
0000547d  OS_CPU_SysTickInit             
00004d1f  OS_Dbg_Init                    
0000590d  OS_FlagInit                    
00005019  OS_IdleTask                    
000042f5  OS_IdleTaskInit                
00005925  OS_MemInit                     
00005295  OS_MsgPoolCreate               
00004e31  OS_MsgPoolInit                 
00005051  OS_MsgQFreeAll                 
00005c23  OS_MsgQInit                    
0000593d  OS_MutexInit                   
00004bb9  OS_Pend                        
000054a5  OS_PendDataInit                
00004c91  OS_PendDbgNameAdd              
000058a9  OS_PendDbgNameRemove           
00005c95  OS_PendListInit                
00004741  OS_PendListInsertPrio          
000055b5  OS_PendListRemove              
00004ef1  OS_PendListRemove1             
000038b1  OS_Post                        
000055d9  OS_Post1                       
000054cd  OS_PrioGetHighest              
00005a95  OS_PrioInit                    
000055fd  OS_PrioInsert                  
00005621  OS_PrioRemove                  
00005955  OS_QInit                       
00005645  OS_RdyListInit                 
000053a9  OS_RdyListInsert               
00005089  OS_RdyListInsertHead           
000050c1  OS_RdyListInsertTail           
00005201  OS_RdyListMoveHeadToTail       
00004509  OS_RdyListRemove               
00005855  OS_SchedLockTimeMeasStart      
000050f9  OS_SchedLockTimeMeasStop       
00004361  OS_SchedRoundRobin             
00005669  OS_SemDbgListAdd               
0000596d  OS_SemInit                     
00003a6f  OS_SemPost                     
000016f9  OS_StatTask                    
00002f01  OS_StatTaskInit                
000054f5  OS_TaskBlock                   
0000568d  OS_TaskDbgListAdd              
00004d21  OS_TaskDbgListRemove           
000056b1  OS_TaskInit                    
00002cbd  OS_TaskInitTCB                 
00005985  OS_TaskRdy                     
0000599d  OS_TaskReturn                  
00003119  OS_TaskSemPost                 
000056d5  OS_TickListInit                
00002a41  OS_TickListInsert              
00005131  OS_TickListRemove              
0000579d  OS_TickListResetPeak           
00001ef9  OS_TickListUpdate              
0000551d  OS_TickTask                    
00003c19  OS_TickTaskInit                
000025a1  OS_TmrInit                     
00003641  OS_TmrLink                     
000057bd  OS_TmrResetPeak                
00003311  OS_TmrTask                     
000049f9  OS_TmrUnlink                   
20002194  ProbeCom_ErrPktCtr             
000031c1  ProbeCom_Init                  
00002bed  ProbeCom_ParseRxPkt            
20002198  ProbeCom_RxPktCtr              
2000219c  ProbeCom_RxSymByteCtr          
200021a0  ProbeCom_RxSymCtr              
200021a4  ProbeCom_StrRxCtr              
200021a8  ProbeCom_StrRxOvfErrCtr        
200021ac  ProbeCom_StrTxCtr              
200021b0  ProbeCom_StrTxOvfErrCtr        
200021b4  ProbeCom_TxPktCtr              
200021b8  ProbeCom_TxSymByteCtr          
200021bc  ProbeCom_TxSymCtr              
000049a5  ProbeRS232_Init                
00003949  ProbeRS232_InitTarget          
00003f41  ProbeRS232_OS_Init             
000059e5  ProbeRS232_OS_Pend             
00005aa9  ProbeRS232_OS_Post             
200021c4  ProbeRS232_RxCtr               
00003069  ProbeRS232_RxHandler           
00005be5  ProbeRS232_RxIntEn             
00004d65  ProbeRS232_RxTxISRHandler      
00005871  ProbeRS232_Task                
00005c71  ProbeRS232_Tx1                 
200021d8  ProbeRS232_TxCtr               
00002789  ProbeRS232_TxHandler           
00005bf5  ProbeRS232_TxIntDis            
00005c05  ProbeRS232_TxIntEn             
00004c01  RIT128x96x4Clear               
000046e5  RIT128x96x4Enable              
00003d29  RIT128x96x4Init                
0000295d  RIT128x96x4StringDraw          
00005d99  ResetISR                       
UNDEFED   SHT$$INIT_ARRAY$$Base          
UNDEFED   SHT$$INIT_ARRAY$$Limit         
00004ded  SSIConfigSetExpClk             
00005c7d  SSIDataGet                     
00005b41  SSIDataGetNonBlocking          
00005cb3  SSIDataPut                     
00005cbd  SSIDisable                     
00005cc7  SSIEnable                      
00001879  SysCtlClockGet                 
00002029  SysCtlClockSet                 
00005abd  SysCtlDelay                    
000057fd  SysCtlPeripheralEnable         
00004e71  SysCtlPeripheralReset          
00005429  _Dclass                        
200022b8  _Denorm                        
00002d87  _Dnorm                         
00002395  _Dscale                        
000044a3  _Dunscale                      
200022c8  _Eps                           
20002350  _Errno                         
20002348  _Fenv                          
000052c5  _Feraise                       
200022d8  _Hugeval                       
200022e8  _Inf                           
200022f8  _Nan                           
20002318  _Rteps                         
20002308  _Snan                          
2000234c  _Tls_setup__Fenv               
20002328  _Xbig                          
20002330  _Zero                          
2000245c  __STACK_END                    
00000100  __STACK_SIZE                   
2000275c  __STACK_TOP                    
00006290  __TI_CINIT_Base                
000062a0  __TI_CINIT_Limit               
0000627c  __TI_Handler_Table_Base        
00006288  __TI_Handler_Table_Limit       
000043cd  __TI_auto_init                 
20002340  __TI_cleanup_ptr               
00005c31  __TI_decompress_none           
00005d9f  __TI_decompress_rle24          
20002344  __TI_dtors_ptr                 
00000eb1  __TI_printfi                   
00000000  __TI_static_base__             
00005c89  __TI_zero_init                 
00003db1  __aeabi_cdcmpeq                
00003db1  __aeabi_cdcmple                
00003e37  __aeabi_cdrcmple               
00004c49  __aeabi_d2iz                   
000013b5  __aeabi_dadd                   
00001dc1  __aeabi_ddiv                   
000024a5  __aeabi_dmul                   
000013ab  __aeabi_dsub                   
000052f5  __aeabi_i2d                    
0000403d  __aeabi_memclr                 
0000403d  __aeabi_memclr4                
0000403d  __aeabi_memclr8                
0000377d  __aeabi_memcpy                 
0000377d  __aeabi_memcpy4                
0000377d  __aeabi_memcpy8                
0000403f  __aeabi_memset                 
0000403f  __aeabi_memset4                
0000403f  __aeabi_memset8                
000011b7  __aeabi_uldivmod               
ffffffff  __binit__                      
ffffffff  __c_args__                     
2000235c  __stack                        
00005a15  _args_main                     
00004fa5  _c_int00                       
00005f98  _ctypes_                       
20002338  _lock                          
00005adf  _nop                           
00005ad7  _register_lock                 
00005ad1  _register_unlock               
00005db5  _system_pre_init               
2000233c  _unlock                        
00004dad  abort                          
00004a49  atoi                           
ffffffff  binit                          
00004a95  copy_in                        
00004db5  exit                           
000051cd  feraiseexcept                  
000056f9  frexp                          
00000000  g_pfnVectors                   
200021e0  g_ulInlineCCSWorkaround        
00004cd9  ldexp                          
000048a5  ltoa                           
00003459  main                           
20002354  main_func_sp                   
000058c3  memccpy                        
0000377d  memcpy                         
00004045  memset                         
00005323  raise                          
00004eb1  signal                         
000045cd  sprintf                        
00005a43  strchr                         
00005ae5  strlen                         


GLOBAL SYMBOLS: SORTED BY Symbol Address 

address   name                           
-------   ----                           
00000000  __TI_static_base__             
00000000  g_pfnVectors                   
00000100  __STACK_SIZE                   
00000eb1  __TI_printfi                   
000011b7  __aeabi_uldivmod               
000013ab  __aeabi_dsub                   
000013b5  __aeabi_dadd                   
00001561  OSTaskCreate                   
000016f9  OS_StatTask                    
00001879  SysCtlClockGet                 
000019f9  OSInit                         
00001b41  OSSemPend                      
00001c81  OSTaskSemPend                  
00001dc1  __aeabi_ddiv                   
00001ef9  OS_TickListUpdate              
00002029  SysCtlClockSet                 
00002155  OSTimeDlyHMSM                  
00002395  _Dscale                        
000024a5  __aeabi_dmul                   
000025a1  OS_TmrInit                     
00002789  ProbeRS232_TxHandler           
00002875  OSTaskDel                      
0000295d  RIT128x96x4StringDraw          
00002a41  OS_TickListInsert              
00002b1d  CPU_IntSrcEn                   
00002bed  ProbeCom_ParseRxPkt            
00002cbd  OS_TaskInitTCB                 
00002d87  _Dnorm                         
00002e45  GPIOPadConfigSet               
00002f01  OS_StatTaskInit                
00002fb9  OSStatReset                    
00003069  ProbeRS232_RxHandler           
00003119  OS_TaskSemPost                 
000031c1  ProbeCom_Init                  
00003311  OS_TmrTask                     
00003459  main                           
00003529  OSStartHighRdy                 
00003551  OS_CPU_PendSVHandler           
000035a1  OSTimeDly                      
00003641  OS_TmrLink                     
000036e1  OSTaskStkChk                   
0000377d  __aeabi_memcpy                 
0000377d  __aeabi_memcpy4                
0000377d  __aeabi_memcpy8                
0000377d  memcpy                         
00003819  OSStatTaskCPUUsageInit         
000038b1  OS_Post                        
00003949  ProbeRS232_InitTarget          
00003a6f  OS_SemPost                     
00003b91  OSIntExit                      
00003c19  OS_TickTaskInit                
00003d29  RIT128x96x4Init                
00003db1  __aeabi_cdcmpeq                
00003db1  __aeabi_cdcmple                
00003e37  __aeabi_cdrcmple               
00003ebd  OSTaskStkInit                  
00003f41  ProbeRS232_OS_Init             
0000403d  __aeabi_memclr                 
0000403d  __aeabi_memclr4                
0000403d  __aeabi_memclr8                
0000403f  __aeabi_memset                 
0000403f  __aeabi_memset4                
0000403f  __aeabi_memset8                
00004045  memset                         
00004131  OSSched                        
000041a5  OSSchedUnlock                  
00004219  OSTaskSwHook                   
00004289  OSSemCreate                    
000042f5  OS_IdleTaskInit                
00004361  OS_SchedRoundRobin             
000043cd  __TI_auto_init                 
000044a3  _Dunscale                      
00004509  OS_RdyListRemove               
000045cd  sprintf                        
0000462d  OSSchedLock                    
000046e5  RIT128x96x4Enable              
00004741  OS_PendListInsertPrio          
0000479b  Mem_Copy                       
000047f5  OSStart                        
0000484d  OSTimeTick                     
000048a5  ltoa                           
000048fb  OSCfg_Init                     
000049a5  ProbeRS232_Init                
000049f9  OS_TmrUnlink                   
00004a49  atoi                           
00004a95  copy_in                        
00004b29  CPU_IntDisMeasStop             
00004b71  Mem_Set                        
00004bb9  OS_Pend                        
00004c01  RIT128x96x4Clear               
00004c49  __aeabi_d2iz                   
00004c91  OS_PendDbgNameAdd              
00004cd9  ldexp                          
00004d1f  OS_Dbg_Init                    
00004d21  OS_TaskDbgListRemove           
00004d65  ProbeRS232_RxTxISRHandler      
00004da9  C$$EXIT                        
00004dad  abort                          
00004db5  exit                           
00004ded  SSIConfigSetExpClk             
00004e31  OS_MsgPoolInit                 
00004e71  SysCtlPeripheralReset          
00004eb1  signal                         
00004ef1  OS_PendListRemove1             
00004fa5  _c_int00                       
00004fe1  OSSemPost                      
00005019  OS_IdleTask                    
00005051  OS_MsgQFreeAll                 
00005089  OS_RdyListInsertHead           
000050c1  OS_RdyListInsertTail           
000050f9  OS_SchedLockTimeMeasStop       
00005131  OS_TickListRemove              
000051cd  feraiseexcept                  
00005201  OS_RdyListMoveHeadToTail       
00005265  CPU_IntDisMeasStart            
00005295  OS_MsgPoolCreate               
000052c5  _Feraise                       
000052f5  __aeabi_i2d                    
00005323  raise                          
00005351  BSP_IntVectSet                 
0000537d  OS_CPU_SysTickHandler          
000053a9  OS_RdyListInsert               
000053d5  GPIODirModeSet                 
000053ff  BSP_IntDisAll                  
000053ff  CPU_IntDis                     
00005403  CPU_IntEn                      
00005407  CPU_SR_Save                    
0000540f  CPU_SR_Restore                 
00005415  CPU_CntLeadZeros               
0000541b  CPU_RevBits                    
00005421  CPU_WaitForInt                 
00005425  CPU_WaitForExcept              
00005429  _Dclass                        
00005455  BSP_LED_Toggle                 
0000547d  OS_CPU_SysTickInit             
000054a5  OS_PendDataInit                
000054cd  OS_PrioGetHighest              
000054f5  OS_TaskBlock                   
0000551d  OS_TickTask                    
0000556d  BSP_Init                       
00005591  CPU_NameClr                    
000055b5  OS_PendListRemove              
000055d9  OS_Post1                       
000055fd  OS_PrioInsert                  
00005621  OS_PrioRemove                  
00005645  OS_RdyListInit                 
00005669  OS_SemDbgListAdd               
0000568d  OS_TaskDbgListAdd              
000056b1  OS_TaskInit                    
000056d5  OS_TickListInit                
000056f9  frexp                          
0000573d  CPU_IntDisMeasMaxCurReset      
0000575d  OSInitHook                     
0000577d  OSIntEnter                     
0000579d  OS_TickListResetPeak           
000057bd  OS_TmrResetPeak                
000057fd  SysCtlPeripheralEnable         
0000581d  CPU_IntDisMeasMaxCurGet        
00005839  CPU_IntDisMeasMaxGet           
00005855  OS_SchedLockTimeMeasStart      
00005871  ProbeRS232_Task                
0000588d  OSTaskSemPost                  
000058a9  OS_PendDbgNameRemove           
000058c3  memccpy                        
000058dd  App_ProbeInit                  
000058f5  BSP_IntInit                    
0000590d  OS_FlagInit                    
00005925  OS_MemInit                     
0000593d  OS_MutexInit                   
00005955  OS_QInit                       
0000596d  OS_SemInit                     
00005985  OS_TaskRdy                     
0000599d  OS_TaskReturn                  
000059e5  ProbeRS232_OS_Pend             
00005a15  _args_main                     
00005a43  strchr                         
00005a59  BSP_LED_Off                    
00005a81  CPU_TS_TmrInit                 
00005a95  OS_PrioInit                    
00005aa9  ProbeRS232_OS_Post             
00005abd  SysCtlDelay                    
00005ad1  _register_unlock               
00005ad7  _register_lock                 
00005adf  _nop                           
00005ae5  strlen                         
00005af9  GPIOPinTypeGPIOOutput          
00005b0b  GPIOPinTypeSSI                 
00005b1d  GPIOPinTypeUART                
00005b41  SSIDataGetNonBlocking          
00005b53  CPU_Init                       
00005b75  OSIdleTaskHook                 
00005b85  OSStatTaskHook                 
00005b95  OSTaskCreateHook               
00005ba5  OSTaskDelHook                  
00005bb5  OSTaskReturnHook               
00005bc5  OSTimeTickHook                 
00005be5  ProbeRS232_RxIntEn             
00005bf5  ProbeRS232_TxIntDis            
00005c05  ProbeRS232_TxIntEn             
00005c15  BSP_IntEn                      
00005c23  OS_MsgQInit                    
00005c31  __TI_decompress_none           
00005c41  CPU_TS_TmrFreqSet              
00005c4d  CPU_TS_TmrRd                   
00005c71  ProbeRS232_Tx1                 
00005c7d  SSIDataGet                     
00005c89  __TI_zero_init                 
00005c95  OS_PendListInit                
00005cb3  SSIDataPut                     
00005cbd  SSIDisable                     
00005cc7  SSIEnable                      
00005cd1  Mem_Clr                        
00005cd9  BSP_IntHandlerADC0             
00005cdf  BSP_IntHandlerADC1             
00005ce5  BSP_IntHandlerADC2             
00005ceb  BSP_IntHandlerADC3             
00005cf1  BSP_IntHandlerCAN0             
00005cf7  BSP_IntHandlerCOMP0            
00005cfd  BSP_IntHandlerETH              
00005d03  BSP_IntHandlerFLASH            
00005d09  BSP_IntHandlerGPIOA            
00005d0f  BSP_IntHandlerGPIOB            
00005d15  BSP_IntHandlerGPIOC            
00005d1b  BSP_IntHandlerGPIOD            
00005d21  BSP_IntHandlerGPIOE            
00005d27  BSP_IntHandlerGPIOF            
00005d2d  BSP_IntHandlerGPIOG            
00005d33  BSP_IntHandlerHIBERNATE        
00005d39  BSP_IntHandlerI2C0             
00005d3f  BSP_IntHandlerSSI0             
00005d45  BSP_IntHandlerSYSCTL           
00005d4b  BSP_IntHandlerTIMER0A          
00005d51  BSP_IntHandlerTIMER0B          
00005d57  BSP_IntHandlerTIMER1A          
00005d5d  BSP_IntHandlerTIMER1B          
00005d63  BSP_IntHandlerTIMER2A          
00005d69  BSP_IntHandlerTIMER2B          
00005d6f  BSP_IntHandlerTIMER3A          
00005d75  BSP_IntHandlerTIMER3B          
00005d7b  BSP_IntHandlerUART0            
00005d81  BSP_IntHandlerUART1            
00005d87  BSP_IntHandlerWATCHDOG         
00005d8d  GPIOPinRead                    
00005d93  GPIOPinWrite                   
00005d99  ResetISR                       
00005d9f  __TI_decompress_rle24          
00005da5  BSP_CPU_ClkFreq                
00005db5  _system_pre_init               
00005f98  _ctypes_                       
0000609c  OSCfg_IdleTaskStkBasePtr       
000060a0  OSCfg_IdleTaskStkLimit         
000060a4  OSCfg_IdleTaskStkSize          
000060a8  OSCfg_IdleTaskStkSizeRAM       
000060ac  OSCfg_IntQBasePtr              
000060b0  OSCfg_IntQSize                 
000060b4  OSCfg_IntQSizeRAM              
000060b8  OSCfg_IntQTaskStkBasePtr       
000060bc  OSCfg_IntQTaskStkLimit         
000060c0  OSCfg_IntQTaskStkSize          
000060c4  OSCfg_IntQTaskStkSizeRAM       
000060c8  OSCfg_ISRStkBasePtr            
000060cc  OSCfg_ISRStkSize               
000060d0  OSCfg_ISRStkSizeRAM            
000060d4  OSCfg_MsgPoolSize              
000060d8  OSCfg_MsgPoolSizeRAM           
000060dc  OSCfg_MsgPoolBasePtr           
000060e0  OSCfg_StatTaskPrio             
000060e4  OSCfg_StatTaskRate_Hz          
000060e8  OSCfg_StatTaskStkBasePtr       
000060ec  OSCfg_StatTaskStkLimit         
000060f0  OSCfg_StatTaskStkSize          
000060f4  OSCfg_StatTaskStkSizeRAM       
000060f8  OSCfg_StkSizeMin               
000060fc  OSCfg_TickRate_Hz              
00006100  OSCfg_TickTaskPrio             
00006104  OSCfg_TickTaskStkBasePtr       
00006108  OSCfg_TickTaskStkLimit         
0000610c  OSCfg_TickTaskStkSize          
00006110  OSCfg_TickTaskStkSizeRAM       
00006114  OSCfg_TickWheelSize            
00006118  OSCfg_TickWheelSizeRAM         
0000611c  OSCfg_TmrTaskPrio              
00006120  OSCfg_TmrTaskRate_Hz           
00006124  OSCfg_TmrTaskStkBasePtr        
00006128  OSCfg_TmrTaskStkLimit          
0000612c  OSCfg_TmrTaskStkSize           
00006130  OSCfg_TmrTaskStkSizeRAM        
00006134  OSCfg_TmrWheelSize             
00006138  OSCfg_TmrWheelSizeRAM          
0000613c  OSCfg_DataSizeRAM              
0000627c  __TI_Handler_Table_Base        
00006288  __TI_Handler_Table_Limit       
00006290  __TI_CINIT_Base                
000062a0  __TI_CINIT_Limit               
20000000  OSCfg_MsgPool                  
20000a40  OSCfg_ISRStk                   
20000c40  OSCfg_IdleTaskStk              
20000e40  OSCfg_StatTaskStk              
20001040  OSCfg_TickTaskStk              
20001240  OSCfg_TmrTaskStk               
200019c8  OSIdleTaskTCB                  
20001a8c  OSStatTaskTCB                  
20001b50  OSTickTaskTCB                  
20001c14  OSTmrTaskTCB                   
20001f54  OSCfg_TickWheel                
20001fbc  OSCfg_TmrWheel                 
20002024  OSRdyList                      
200020ac  CPU_Name                       
200020dc  OSMsgPool                      
200020ec  CPU_IntDisMeasMaxCur_cnts      
200020f0  CPU_IntDisMeasMax_cnts         
200020f4  CPU_IntDisMeasOvrhd_cnts       
200020f8  CPU_IntDisMeasStart_cnts       
200020fc  CPU_IntDisMeasStop_cnts        
20002100  CPU_TS_TmrFreq_Hz              
20002104  OSFlagDbgListPtr               
20002108  OSIdleTaskCtr                  
2000210c  OSIntDisTimeMax                
20002110  OSMemDbgListPtr                
20002114  OSMutexDbgListPtr              
20002118  OSPrioTbl                      
2000211c  OSQDbgListPtr                  
20002120  OSSchedLockTimeBegin           
20002124  OSSchedLockTimeMax             
20002128  OSSchedLockTimeMaxCur          
2000212c  OSSchedRoundRobinDfltTimeQuanta
20002130  OSSemDbgListPtr                
20002134  OSStatTaskCtr                  
20002138  OSStatTaskCtrMax               
2000213c  OSStatTaskCtrRun               
20002140  OSStatTaskTimeMax              
20002144  OSTCBCurPtr                    
20002148  OSTCBHighRdyPtr                
2000214c  OSTaskCtxSwCtr                 
20002150  OSTaskDbgListPtr               
20002154  OSTickCtr                      
20002158  OSTickTaskTimeMax              
2000215c  OSTmrDbgListPtr                
20002160  OSTmrTaskTimeMax               
20002164  OSTmrTickCtr                   
20002168  OSTmrUpdateCnt                 
2000216c  OSTmrUpdateCtr                 
20002170  OS_AppIdleTaskHookPtr          
20002174  OS_AppStatTaskHookPtr          
20002178  OS_AppTaskCreateHookPtr        
2000217c  OS_AppTaskDelHookPtr           
20002180  OS_AppTaskReturnHookPtr        
20002184  OS_AppTaskSwHookPtr            
20002188  OS_AppTimeTickHookPtr          
2000218c  OS_CPU_ExceptStkBase           
20002194  ProbeCom_ErrPktCtr             
20002198  ProbeCom_RxPktCtr              
2000219c  ProbeCom_RxSymByteCtr          
200021a0  ProbeCom_RxSymCtr              
200021a4  ProbeCom_StrRxCtr              
200021a8  ProbeCom_StrRxOvfErrCtr        
200021ac  ProbeCom_StrTxCtr              
200021b0  ProbeCom_StrTxOvfErrCtr        
200021b4  ProbeCom_TxPktCtr              
200021b8  ProbeCom_TxSymByteCtr          
200021bc  ProbeCom_TxSymCtr              
200021c4  ProbeRS232_RxCtr               
200021d8  ProbeRS232_TxCtr               
200021e0  g_ulInlineCCSWorkaround        
200021e4  CPU_IntDisMeasCtr              
200021e6  CPU_IntDisNestCtr              
200021e8  OSFlagQty                      
200021ea  OSMemQty                       
200021ec  OSMutexQty                     
200021ee  OSQQty                         
200021f0  OSSemQty                       
200021f2  OSTaskQty                      
200021f4  OSIntNestingCtr                
200021f5  OSPrioCur                      
200021f6  OSPrioHighRdy                  
200021f7  OSRunning                      
200021f8  OSSchedLockNestingCtr          
200021f9  OSSchedRoundRobinEn            
200021fa  OSStatResetFlag                
200021fb  OSStatTaskCPUUsage             
200021fc  OSStatTaskRdy                  
200022b8  _Denorm                        
200022c8  _Eps                           
200022d8  _Hugeval                       
200022e8  _Inf                           
200022f8  _Nan                           
20002308  _Snan                          
20002318  _Rteps                         
20002328  _Xbig                          
20002330  _Zero                          
20002338  _lock                          
2000233c  _unlock                        
20002340  __TI_cleanup_ptr               
20002344  __TI_dtors_ptr                 
20002348  _Fenv                          
2000234c  _Tls_setup__Fenv               
20002350  _Errno                         
20002354  main_func_sp                   
2000235c  __stack                        
2000245c  __STACK_END                    
2000275c  __STACK_TOP                    
ffffffff  __binit__                      
ffffffff  __c_args__                     
ffffffff  binit                          
UNDEFED   SHT$$INIT_ARRAY$$Base          
UNDEFED   SHT$$INIT_ARRAY$$Limit         

[406 symbols]
