<?xml version="1.0"?>
<link_info>
   <banner>TI ARM Linker Unix v5.2.6</banner>
   <copyright>Copyright (c) 1996-2015 Texas Instruments Incorporated</copyright>
   <link_time>0x569e0af2</link_time>
   <link_errors>0x0</link_errors>
   <output_file>uCOS-III-Ex2.out</output_file>
   <entry_point>
      <name>_c_int00</name>
      <address>0x4fa5</address>
   </entry_point>
   <input_file_list>
      <input_file id="fl-2">
         <path>./uCOS-III/Source/</path>
         <kind>object</kind>
         <file>os_cfg_app.obj</file>
         <name>os_cfg_app.obj</name>
      </input_file>
      <input_file id="fl-3">
         <path>./uCOS-III/Source/</path>
         <kind>object</kind>
         <file>os_core.obj</file>
         <name>os_core.obj</name>
      </input_file>
      <input_file id="fl-4">
         <path>./uCOS-III/Source/</path>
         <kind>object</kind>
         <file>os_dbg.obj</file>
         <name>os_dbg.obj</name>
      </input_file>
      <input_file id="fl-5">
         <path>./uCOS-III/Source/</path>
         <kind>object</kind>
         <file>os_flag.obj</file>
         <name>os_flag.obj</name>
      </input_file>
      <input_file id="fl-6">
         <path>./uCOS-III/Source/</path>
         <kind>object</kind>
         <file>os_int.obj</file>
         <name>os_int.obj</name>
      </input_file>
      <input_file id="fl-7">
         <path>./uCOS-III/Source/</path>
         <kind>object</kind>
         <file>os_mem.obj</file>
         <name>os_mem.obj</name>
      </input_file>
      <input_file id="fl-8">
         <path>./uCOS-III/Source/</path>
         <kind>object</kind>
         <file>os_msg.obj</file>
         <name>os_msg.obj</name>
      </input_file>
      <input_file id="fl-9">
         <path>./uCOS-III/Source/</path>
         <kind>object</kind>
         <file>os_mutex.obj</file>
         <name>os_mutex.obj</name>
      </input_file>
      <input_file id="fl-a">
         <path>./uCOS-III/Source/</path>
         <kind>object</kind>
         <file>os_pend_multi.obj</file>
         <name>os_pend_multi.obj</name>
      </input_file>
      <input_file id="fl-b">
         <path>./uCOS-III/Source/</path>
         <kind>object</kind>
         <file>os_prio.obj</file>
         <name>os_prio.obj</name>
      </input_file>
      <input_file id="fl-c">
         <path>./uCOS-III/Source/</path>
         <kind>object</kind>
         <file>os_q.obj</file>
         <name>os_q.obj</name>
      </input_file>
      <input_file id="fl-d">
         <path>./uCOS-III/Source/</path>
         <kind>object</kind>
         <file>os_sem.obj</file>
         <name>os_sem.obj</name>
      </input_file>
      <input_file id="fl-e">
         <path>./uCOS-III/Source/</path>
         <kind>object</kind>
         <file>os_stat.obj</file>
         <name>os_stat.obj</name>
      </input_file>
      <input_file id="fl-f">
         <path>./uCOS-III/Source/</path>
         <kind>object</kind>
         <file>os_task.obj</file>
         <name>os_task.obj</name>
      </input_file>
      <input_file id="fl-10">
         <path>./uCOS-III/Source/</path>
         <kind>object</kind>
         <file>os_tick.obj</file>
         <name>os_tick.obj</name>
      </input_file>
      <input_file id="fl-11">
         <path>./uCOS-III/Source/</path>
         <kind>object</kind>
         <file>os_time.obj</file>
         <name>os_time.obj</name>
      </input_file>
      <input_file id="fl-12">
         <path>./uCOS-III/Source/</path>
         <kind>object</kind>
         <file>os_tmr.obj</file>
         <name>os_tmr.obj</name>
      </input_file>
      <input_file id="fl-13">
         <path>./uCOS-III/Source/</path>
         <kind>object</kind>
         <file>os_var.obj</file>
         <name>os_var.obj</name>
      </input_file>
      <input_file id="fl-14">
         <path>./uCOS-III/Ports/</path>
         <kind>object</kind>
         <file>os_cpu_a.obj</file>
         <name>os_cpu_a.obj</name>
      </input_file>
      <input_file id="fl-15">
         <path>./uCOS-III/Ports/</path>
         <kind>object</kind>
         <file>os_cpu_c.obj</file>
         <name>os_cpu_c.obj</name>
      </input_file>
      <input_file id="fl-16">
         <path>./uC-Probe/Source/</path>
         <kind>object</kind>
         <file>probe_com.obj</file>
         <name>probe_com.obj</name>
      </input_file>
      <input_file id="fl-17">
         <path>./uC-Probe/Source/</path>
         <kind>object</kind>
         <file>probe_rs232.obj</file>
         <name>probe_rs232.obj</name>
      </input_file>
      <input_file id="fl-18">
         <path>./uC-Probe/OS/</path>
         <kind>object</kind>
         <file>probe_com_os.obj</file>
         <name>probe_com_os.obj</name>
      </input_file>
      <input_file id="fl-19">
         <path>./uC-Probe/OS/</path>
         <kind>object</kind>
         <file>probe_rs232_os.obj</file>
         <name>probe_rs232_os.obj</name>
      </input_file>
      <input_file id="fl-1a">
         <path>./uC-Probe/OS/</path>
         <kind>object</kind>
         <file>probe_rs232c.obj</file>
         <name>probe_rs232c.obj</name>
      </input_file>
      <input_file id="fl-1b">
         <path>./uC-LIB/</path>
         <kind>object</kind>
         <file>lib_ascii.obj</file>
         <name>lib_ascii.obj</name>
      </input_file>
      <input_file id="fl-1c">
         <path>./uC-LIB/</path>
         <kind>object</kind>
         <file>lib_math.obj</file>
         <name>lib_math.obj</name>
      </input_file>
      <input_file id="fl-1d">
         <path>./uC-LIB/</path>
         <kind>object</kind>
         <file>lib_mem.obj</file>
         <name>lib_mem.obj</name>
      </input_file>
      <input_file id="fl-1e">
         <path>./uC-LIB/</path>
         <kind>object</kind>
         <file>lib_str.obj</file>
         <name>lib_str.obj</name>
      </input_file>
      <input_file id="fl-1f">
         <path>./uC-CPU/</path>
         <kind>object</kind>
         <file>cpu_core.obj</file>
         <name>cpu_core.obj</name>
      </input_file>
      <input_file id="fl-20">
         <path>./uC-CPU/ARM-CortexM3/CCS5/</path>
         <kind>object</kind>
         <file>cpu_a.obj</file>
         <name>cpu_a.obj</name>
      </input_file>
      <input_file id="fl-21">
         <path>./uC-CPU/ARM-CortexM3/CCS5/</path>
         <kind>object</kind>
         <file>cpu_c.obj</file>
         <name>cpu_c.obj</name>
      </input_file>
      <input_file id="fl-22">
         <path>./Source/</path>
         <kind>object</kind>
         <file>app.obj</file>
         <name>app.obj</name>
      </input_file>
      <input_file id="fl-23">
         <path>./Source/</path>
         <kind>object</kind>
         <file>app_probe.obj</file>
         <name>app_probe.obj</name>
      </input_file>
      <input_file id="fl-24">
         <path>./Source/</path>
         <kind>object</kind>
         <file>app_vect.obj</file>
         <name>app_vect.obj</name>
      </input_file>
      <input_file id="fl-25">
         <path>./Source/</path>
         <kind>object</kind>
         <file>os_app_hooks.obj</file>
         <name>os_app_hooks.obj</name>
      </input_file>
      <input_file id="fl-26">
         <path>./CPU/</path>
         <kind>object</kind>
         <file>adc.obj</file>
         <name>adc.obj</name>
      </input_file>
      <input_file id="fl-27">
         <path>./CPU/</path>
         <kind>object</kind>
         <file>can.obj</file>
         <name>can.obj</name>
      </input_file>
      <input_file id="fl-28">
         <path>./CPU/</path>
         <kind>object</kind>
         <file>comp.obj</file>
         <name>comp.obj</name>
      </input_file>
      <input_file id="fl-29">
         <path>./CPU/</path>
         <kind>object</kind>
         <file>cpu_.obj</file>
         <name>cpu_.obj</name>
      </input_file>
      <input_file id="fl-2a">
         <path>./CPU/</path>
         <kind>object</kind>
         <file>epi.obj</file>
         <name>epi.obj</name>
      </input_file>
      <input_file id="fl-2b">
         <path>./CPU/</path>
         <kind>object</kind>
         <file>ethernet.obj</file>
         <name>ethernet.obj</name>
      </input_file>
      <input_file id="fl-2c">
         <path>./CPU/</path>
         <kind>object</kind>
         <file>flash.obj</file>
         <name>flash.obj</name>
      </input_file>
      <input_file id="fl-2d">
         <path>./CPU/</path>
         <kind>object</kind>
         <file>gpio.obj</file>
         <name>gpio.obj</name>
      </input_file>
      <input_file id="fl-2e">
         <path>./CPU/</path>
         <kind>object</kind>
         <file>hibernate.obj</file>
         <name>hibernate.obj</name>
      </input_file>
      <input_file id="fl-2f">
         <path>./CPU/</path>
         <kind>object</kind>
         <file>i2c.obj</file>
         <name>i2c.obj</name>
      </input_file>
      <input_file id="fl-30">
         <path>./CPU/</path>
         <kind>object</kind>
         <file>i2s.obj</file>
         <name>i2s.obj</name>
      </input_file>
      <input_file id="fl-31">
         <path>./CPU/</path>
         <kind>object</kind>
         <file>interrupt.obj</file>
         <name>interrupt.obj</name>
      </input_file>
      <input_file id="fl-32">
         <path>./CPU/</path>
         <kind>object</kind>
         <file>mpu.obj</file>
         <name>mpu.obj</name>
      </input_file>
      <input_file id="fl-33">
         <path>./CPU/</path>
         <kind>object</kind>
         <file>pwm.obj</file>
         <name>pwm.obj</name>
      </input_file>
      <input_file id="fl-34">
         <path>./CPU/</path>
         <kind>object</kind>
         <file>qei.obj</file>
         <name>qei.obj</name>
      </input_file>
      <input_file id="fl-35">
         <path>./CPU/</path>
         <kind>object</kind>
         <file>ssi.obj</file>
         <name>ssi.obj</name>
      </input_file>
      <input_file id="fl-36">
         <path>./CPU/</path>
         <kind>object</kind>
         <file>sysctl.obj</file>
         <name>sysctl.obj</name>
      </input_file>
      <input_file id="fl-37">
         <path>./CPU/</path>
         <kind>object</kind>
         <file>systick.obj</file>
         <name>systick.obj</name>
      </input_file>
      <input_file id="fl-38">
         <path>./CPU/</path>
         <kind>object</kind>
         <file>timer.obj</file>
         <name>timer.obj</name>
      </input_file>
      <input_file id="fl-39">
         <path>./CPU/</path>
         <kind>object</kind>
         <file>uart.obj</file>
         <name>uart.obj</name>
      </input_file>
      <input_file id="fl-3a">
         <path>./CPU/</path>
         <kind>object</kind>
         <file>udma.obj</file>
         <name>udma.obj</name>
      </input_file>
      <input_file id="fl-3b">
         <path>./CPU/</path>
         <kind>object</kind>
         <file>usb.obj</file>
         <name>usb.obj</name>
      </input_file>
      <input_file id="fl-3c">
         <path>./CPU/</path>
         <kind>object</kind>
         <file>watchdog.obj</file>
         <name>watchdog.obj</name>
      </input_file>
      <input_file id="fl-3d">
         <path>./BSP/</path>
         <kind>object</kind>
         <file>bsp.obj</file>
         <name>bsp.obj</name>
      </input_file>
      <input_file id="fl-3e">
         <path>./BSP/</path>
         <kind>object</kind>
         <file>bsp_int.obj</file>
         <name>bsp_int.obj</name>
      </input_file>
      <input_file id="fl-3f">
         <path>./BSP/</path>
         <kind>object</kind>
         <file>bsp_os.obj</file>
         <name>bsp_os.obj</name>
      </input_file>
      <input_file id="fl-40">
         <path>./BSP/</path>
         <kind>object</kind>
         <file>cpu_bsp.obj</file>
         <name>cpu_bsp.obj</name>
      </input_file>
      <input_file id="fl-41">
         <path>./BSP/</path>
         <kind>object</kind>
         <file>rit128x96x4.obj</file>
         <name>rit128x96x4.obj</name>
      </input_file>
      <input_file id="fl-167">
         <path>/opt/ti/ccsv6/tools/compiler/ti-cgt-arm_5.2.6/lib/</path>
         <kind>archive</kind>
         <file>rtsv7M3_T_le_eabi.lib</file>
         <name>boot.obj</name>
      </input_file>
      <input_file id="fl-168">
         <path>/opt/ti/ccsv6/tools/compiler/ti-cgt-arm_5.2.6/lib/</path>
         <kind>archive</kind>
         <file>rtsv7M3_T_le_eabi.lib</file>
         <name>copy_decompress_none.obj</name>
      </input_file>
      <input_file id="fl-169">
         <path>/opt/ti/ccsv6/tools/compiler/ti-cgt-arm_5.2.6/lib/</path>
         <kind>archive</kind>
         <file>rtsv7M3_T_le_eabi.lib</file>
         <name>copy_decompress_rle.obj</name>
      </input_file>
      <input_file id="fl-16a">
         <path>/opt/ti/ccsv6/tools/compiler/ti-cgt-arm_5.2.6/lib/</path>
         <kind>archive</kind>
         <file>rtsv7M3_T_le_eabi.lib</file>
         <name>copy_zero_init.obj</name>
      </input_file>
      <input_file id="fl-16b">
         <path>/opt/ti/ccsv6/tools/compiler/ti-cgt-arm_5.2.6/lib/</path>
         <kind>archive</kind>
         <file>rtsv7M3_T_le_eabi.lib</file>
         <name>exit.obj</name>
      </input_file>
      <input_file id="fl-16c">
         <path>/opt/ti/ccsv6/tools/compiler/ti-cgt-arm_5.2.6/lib/</path>
         <kind>archive</kind>
         <file>rtsv7M3_T_le_eabi.lib</file>
         <name>memcpy_t2.obj</name>
      </input_file>
      <input_file id="fl-16d">
         <path>/opt/ti/ccsv6/tools/compiler/ti-cgt-arm_5.2.6/lib/</path>
         <kind>archive</kind>
         <file>rtsv7M3_T_le_eabi.lib</file>
         <name>memset_t2.obj</name>
      </input_file>
      <input_file id="fl-16e">
         <path>/opt/ti/ccsv6/tools/compiler/ti-cgt-arm_5.2.6/lib/</path>
         <kind>archive</kind>
         <file>rtsv7M3_T_le_eabi.lib</file>
         <name>pre_init.obj</name>
      </input_file>
      <input_file id="fl-16f">
         <path>/opt/ti/ccsv6/tools/compiler/ti-cgt-arm_5.2.6/lib/</path>
         <kind>archive</kind>
         <file>rtsv7M3_T_le_eabi.lib</file>
         <name>sprintf.obj</name>
      </input_file>
      <input_file id="fl-170">
         <path>/opt/ti/ccsv6/tools/compiler/ti-cgt-arm_5.2.6/lib/</path>
         <kind>archive</kind>
         <file>rtsv7M3_T_le_eabi.lib</file>
         <name>stkdepth_vars.obj</name>
      </input_file>
      <input_file id="fl-171">
         <path>/opt/ti/ccsv6/tools/compiler/ti-cgt-arm_5.2.6/lib/</path>
         <kind>archive</kind>
         <file>rtsv7M3_T_le_eabi.lib</file>
         <name>_lock.obj</name>
      </input_file>
      <input_file id="fl-172">
         <path>/opt/ti/ccsv6/tools/compiler/ti-cgt-arm_5.2.6/lib/</path>
         <kind>archive</kind>
         <file>rtsv7M3_T_le_eabi.lib</file>
         <name>_printfi.obj</name>
      </input_file>
      <input_file id="fl-173">
         <path>/opt/ti/ccsv6/tools/compiler/ti-cgt-arm_5.2.6/lib/</path>
         <kind>archive</kind>
         <file>rtsv7M3_T_le_eabi.lib</file>
         <name>args_main.obj</name>
      </input_file>
      <input_file id="fl-174">
         <path>/opt/ti/ccsv6/tools/compiler/ti-cgt-arm_5.2.6/lib/</path>
         <kind>archive</kind>
         <file>rtsv7M3_T_le_eabi.lib</file>
         <name>atoi.obj</name>
      </input_file>
      <input_file id="fl-175">
         <path>/opt/ti/ccsv6/tools/compiler/ti-cgt-arm_5.2.6/lib/</path>
         <kind>archive</kind>
         <file>rtsv7M3_T_le_eabi.lib</file>
         <name>autoinit.obj</name>
      </input_file>
      <input_file id="fl-176">
         <path>/opt/ti/ccsv6/tools/compiler/ti-cgt-arm_5.2.6/lib/</path>
         <kind>archive</kind>
         <file>rtsv7M3_T_le_eabi.lib</file>
         <name>cpy_tbl.obj</name>
      </input_file>
      <input_file id="fl-177">
         <path>/opt/ti/ccsv6/tools/compiler/ti-cgt-arm_5.2.6/lib/</path>
         <kind>archive</kind>
         <file>rtsv7M3_T_le_eabi.lib</file>
         <name>ctype.obj</name>
      </input_file>
      <input_file id="fl-178">
         <path>/opt/ti/ccsv6/tools/compiler/ti-cgt-arm_5.2.6/lib/</path>
         <kind>archive</kind>
         <file>rtsv7M3_T_le_eabi.lib</file>
         <name>fd_add_t2.obj</name>
      </input_file>
      <input_file id="fl-179">
         <path>/opt/ti/ccsv6/tools/compiler/ti-cgt-arm_5.2.6/lib/</path>
         <kind>archive</kind>
         <file>rtsv7M3_T_le_eabi.lib</file>
         <name>fd_cmp_t2.obj</name>
      </input_file>
      <input_file id="fl-17a">
         <path>/opt/ti/ccsv6/tools/compiler/ti-cgt-arm_5.2.6/lib/</path>
         <kind>archive</kind>
         <file>rtsv7M3_T_le_eabi.lib</file>
         <name>fd_div_t2.obj</name>
      </input_file>
      <input_file id="fl-17b">
         <path>/opt/ti/ccsv6/tools/compiler/ti-cgt-arm_5.2.6/lib/</path>
         <kind>archive</kind>
         <file>rtsv7M3_T_le_eabi.lib</file>
         <name>fd_mul_t2.obj</name>
      </input_file>
      <input_file id="fl-17c">
         <path>/opt/ti/ccsv6/tools/compiler/ti-cgt-arm_5.2.6/lib/</path>
         <kind>archive</kind>
         <file>rtsv7M3_T_le_eabi.lib</file>
         <name>fd_toi_t2.obj</name>
      </input_file>
      <input_file id="fl-17d">
         <path>/opt/ti/ccsv6/tools/compiler/ti-cgt-arm_5.2.6/lib/</path>
         <kind>archive</kind>
         <file>rtsv7M3_T_le_eabi.lib</file>
         <name>frexp.obj</name>
      </input_file>
      <input_file id="fl-17e">
         <path>/opt/ti/ccsv6/tools/compiler/ti-cgt-arm_5.2.6/lib/</path>
         <kind>archive</kind>
         <file>rtsv7M3_T_le_eabi.lib</file>
         <name>i_tofd_t2.obj</name>
      </input_file>
      <input_file id="fl-17f">
         <path>/opt/ti/ccsv6/tools/compiler/ti-cgt-arm_5.2.6/lib/</path>
         <kind>archive</kind>
         <file>rtsv7M3_T_le_eabi.lib</file>
         <name>ldexp.obj</name>
      </input_file>
      <input_file id="fl-180">
         <path>/opt/ti/ccsv6/tools/compiler/ti-cgt-arm_5.2.6/lib/</path>
         <kind>archive</kind>
         <file>rtsv7M3_T_le_eabi.lib</file>
         <name>ltoa.obj</name>
      </input_file>
      <input_file id="fl-181">
         <path>/opt/ti/ccsv6/tools/compiler/ti-cgt-arm_5.2.6/lib/</path>
         <kind>archive</kind>
         <file>rtsv7M3_T_le_eabi.lib</file>
         <name>memccpy.obj</name>
      </input_file>
      <input_file id="fl-182">
         <path>/opt/ti/ccsv6/tools/compiler/ti-cgt-arm_5.2.6/lib/</path>
         <kind>archive</kind>
         <file>rtsv7M3_T_le_eabi.lib</file>
         <name>strchr.obj</name>
      </input_file>
      <input_file id="fl-183">
         <path>/opt/ti/ccsv6/tools/compiler/ti-cgt-arm_5.2.6/lib/</path>
         <kind>archive</kind>
         <file>rtsv7M3_T_le_eabi.lib</file>
         <name>strlen.obj</name>
      </input_file>
      <input_file id="fl-184">
         <path>/opt/ti/ccsv6/tools/compiler/ti-cgt-arm_5.2.6/lib/</path>
         <kind>archive</kind>
         <file>rtsv7M3_T_le_eabi.lib</file>
         <name>ull_div_t2.obj</name>
      </input_file>
      <input_file id="fl-185">
         <path>/opt/ti/ccsv6/tools/compiler/ti-cgt-arm_5.2.6/lib/</path>
         <kind>archive</kind>
         <file>rtsv7M3_T_le_eabi.lib</file>
         <name>xdclass.obj</name>
      </input_file>
      <input_file id="fl-186">
         <path>/opt/ti/ccsv6/tools/compiler/ti-cgt-arm_5.2.6/lib/</path>
         <kind>archive</kind>
         <file>rtsv7M3_T_le_eabi.lib</file>
         <name>xdscale.obj</name>
      </input_file>
      <input_file id="fl-187">
         <path>/opt/ti/ccsv6/tools/compiler/ti-cgt-arm_5.2.6/lib/</path>
         <kind>archive</kind>
         <file>rtsv7M3_T_le_eabi.lib</file>
         <name>xdunscal.obj</name>
      </input_file>
      <input_file id="fl-188">
         <path>/opt/ti/ccsv6/tools/compiler/ti-cgt-arm_5.2.6/lib/</path>
         <kind>archive</kind>
         <file>rtsv7M3_T_le_eabi.lib</file>
         <name>xferaise.obj</name>
      </input_file>
      <input_file id="fl-189">
         <path>/opt/ti/ccsv6/tools/compiler/ti-cgt-arm_5.2.6/lib/</path>
         <kind>archive</kind>
         <file>rtsv7M3_T_le_eabi.lib</file>
         <name>xvalues.obj</name>
      </input_file>
      <input_file id="fl-18a">
         <path>/opt/ti/ccsv6/tools/compiler/ti-cgt-arm_5.2.6/lib/</path>
         <kind>archive</kind>
         <file>rtsv7M3_T_le_eabi.lib</file>
         <name>errno.obj</name>
      </input_file>
      <input_file id="fl-18b">
         <path>/opt/ti/ccsv6/tools/compiler/ti-cgt-arm_5.2.6/lib/</path>
         <kind>archive</kind>
         <file>rtsv7M3_T_le_eabi.lib</file>
         <name>feraiseexcept.obj</name>
      </input_file>
      <input_file id="fl-18c">
         <path>/opt/ti/ccsv6/tools/compiler/ti-cgt-arm_5.2.6/lib/</path>
         <kind>archive</kind>
         <file>rtsv7M3_T_le_eabi.lib</file>
         <name>raise.obj</name>
      </input_file>
      <input_file id="fl-18d">
         <path>/opt/ti/ccsv6/tools/compiler/ti-cgt-arm_5.2.6/lib/</path>
         <kind>archive</kind>
         <file>rtsv7M3_T_le_eabi.lib</file>
         <name>signal.obj</name>
      </input_file>
      <input_file id="fl-18e">
         <path>/opt/ti/ccsv6/tools/compiler/ti-cgt-arm_5.2.6/lib/</path>
         <kind>archive</kind>
         <file>rtsv7M3_T_le_eabi.lib</file>
         <name>xdnorm.obj</name>
      </input_file>
   </input_file_list>
   <object_component_list>
      <object_component id="oc-e">
         <name>.intvecs</name>
         <load_address>0x0</load_address>
         <run_address>0x0</run_address>
         <size>0x11c</size>
         <input_file_ref idref="fl-24"/>
      </object_component>
      <object_component id="oc-70f">
         <name>.text</name>
         <load_address>0x11c</load_address>
         <run_address>0x11c</run_address>
         <size>0x109a</size>
         <input_file_ref idref="fl-172"/>
      </object_component>
      <object_component id="oc-791">
         <name>.text</name>
         <load_address>0x11b6</load_address>
         <run_address>0x11b6</run_address>
         <size>0x1f4</size>
         <input_file_ref idref="fl-184"/>
      </object_component>
      <object_component id="oc-7c0">
         <name>.text</name>
         <load_address>0x13aa</load_address>
         <run_address>0x13aa</run_address>
         <size>0x1b6</size>
         <input_file_ref idref="fl-178"/>
      </object_component>
      <object_component id="oc-26a">
         <name>.text:OSTaskCreate</name>
         <load_address>0x1560</load_address>
         <run_address>0x1560</run_address>
         <size>0x198</size>
         <input_file_ref idref="fl-f"/>
      </object_component>
      <object_component id="oc-3f2">
         <name>.text:OS_StatTask</name>
         <load_address>0x16f8</load_address>
         <run_address>0x16f8</run_address>
         <size>0x180</size>
         <input_file_ref idref="fl-e"/>
      </object_component>
      <object_component id="oc-47b">
         <name>.text:SysCtlClockGet</name>
         <load_address>0x1878</load_address>
         <run_address>0x1878</run_address>
         <size>0x180</size>
         <input_file_ref idref="fl-36"/>
      </object_component>
      <object_component id="oc-264">
         <name>.text:OSInit</name>
         <load_address>0x19f8</load_address>
         <run_address>0x19f8</run_address>
         <size>0x148</size>
         <input_file_ref idref="fl-3"/>
      </object_component>
      <object_component id="oc-879">
         <name>.text:OSSemPend</name>
         <load_address>0x1b40</load_address>
         <run_address>0x1b40</run_address>
         <size>0x140</size>
         <input_file_ref idref="fl-d"/>
      </object_component>
      <object_component id="oc-4f4">
         <name>.text:OSTaskSemPend</name>
         <load_address>0x1c80</load_address>
         <run_address>0x1c80</run_address>
         <size>0x140</size>
         <input_file_ref idref="fl-f"/>
      </object_component>
      <object_component id="oc-7a6">
         <name>.text</name>
         <load_address>0x1dc0</load_address>
         <run_address>0x1dc0</run_address>
         <size>0x136</size>
         <input_file_ref idref="fl-17a"/>
      </object_component>
      <object_component id="oc-41">
         <name>.text:App_BusFault_ISR</name>
         <load_address>0x1ef6</load_address>
         <run_address>0x1ef6</run_address>
         <size>0x2</size>
         <input_file_ref idref="fl-24"/>
      </object_component>
      <object_component id="oc-4fa">
         <name>.text:OS_TickListUpdate</name>
         <load_address>0x1ef8</load_address>
         <run_address>0x1ef8</run_address>
         <size>0x130</size>
         <input_file_ref idref="fl-10"/>
      </object_component>
      <object_component id="oc-449">
         <name>.text:SysCtlClockSet</name>
         <load_address>0x2028</load_address>
         <run_address>0x2028</run_address>
         <size>0x12c</size>
         <input_file_ref idref="fl-36"/>
      </object_component>
      <object_component id="oc-3a4">
         <name>.text:OSTimeDlyHMSM</name>
         <load_address>0x2154</load_address>
         <run_address>0x2154</run_address>
         <size>0x128</size>
         <input_file_ref idref="fl-11"/>
      </object_component>
      <object_component id="oc-4a6">
         <name>.text:AppTaskDisplay</name>
         <load_address>0x227c</load_address>
         <run_address>0x227c</run_address>
         <size>0x118</size>
         <input_file_ref idref="fl-22"/>
      </object_component>
      <object_component id="oc-859">
         <name>.text</name>
         <load_address>0x2394</load_address>
         <run_address>0x2394</run_address>
         <size>0x110</size>
         <input_file_ref idref="fl-186"/>
      </object_component>
      <object_component id="oc-7a1">
         <name>.text</name>
         <load_address>0x24a4</load_address>
         <run_address>0x24a4</run_address>
         <size>0xfc</size>
         <input_file_ref idref="fl-17b"/>
      </object_component>
      <object_component id="oc-320">
         <name>.text:OS_TmrInit</name>
         <load_address>0x25a0</load_address>
         <run_address>0x25a0</run_address>
         <size>0xf4</size>
         <input_file_ref idref="fl-12"/>
      </object_component>
      <object_component id="oc-8f6">
         <name>.text:ProbeCom_ReqQuery</name>
         <load_address>0x2694</load_address>
         <run_address>0x2694</run_address>
         <size>0xf4</size>
         <input_file_ref idref="fl-16"/>
      </object_component>
      <object_component id="oc-788">
         <name>.text:ProbeRS232_TxHandler</name>
         <load_address>0x2788</load_address>
         <run_address>0x2788</run_address>
         <size>0xec</size>
         <input_file_ref idref="fl-17"/>
      </object_component>
      <object_component id="oc-55e">
         <name>.text:OSTaskDel</name>
         <load_address>0x2874</load_address>
         <run_address>0x2874</run_address>
         <size>0xe8</size>
         <input_file_ref idref="fl-f"/>
      </object_component>
      <object_component id="oc-611">
         <name>.text:RIT128x96x4StringDraw</name>
         <load_address>0x295c</load_address>
         <run_address>0x295c</run_address>
         <size>0xe4</size>
         <input_file_ref idref="fl-41"/>
      </object_component>
      <object_component id="oc-4ad">
         <name>.text:OS_TickListInsert</name>
         <load_address>0x2a40</load_address>
         <run_address>0x2a40</run_address>
         <size>0xdc</size>
         <input_file_ref idref="fl-10"/>
      </object_component>
      <object_component id="oc-77b">
         <name>.text:CPU_IntSrcEn</name>
         <load_address>0x2b1c</load_address>
         <run_address>0x2b1c</run_address>
         <size>0xd0</size>
         <input_file_ref idref="fl-21"/>
      </object_component>
      <object_component id="oc-880">
         <name>.text:ProbeCom_ParseRxPkt</name>
         <load_address>0x2bec</load_address>
         <run_address>0x2bec</run_address>
         <size>0xd0</size>
         <input_file_ref idref="fl-16"/>
      </object_component>
      <object_component id="oc-33d">
         <name>.text:OS_TaskInitTCB</name>
         <load_address>0x2cbc</load_address>
         <run_address>0x2cbc</run_address>
         <size>0xca</size>
         <input_file_ref idref="fl-f"/>
      </object_component>
      <object_component id="oc-8a5">
         <name>.text</name>
         <load_address>0x2d86</load_address>
         <run_address>0x2d86</run_address>
         <size>0xbe</size>
         <input_file_ref idref="fl-18e"/>
      </object_component>
      <object_component id="oc-587">
         <name>.text:GPIOPadConfigSet</name>
         <load_address>0x2e44</load_address>
         <run_address>0x2e44</run_address>
         <size>0xba</size>
         <input_file_ref idref="fl-2d"/>
      </object_component>
      <object_component id="oc-35">
         <name>.text:App_Fault_ISR</name>
         <load_address>0x2efe</load_address>
         <run_address>0x2efe</run_address>
         <size>0x2</size>
         <input_file_ref idref="fl-24"/>
      </object_component>
      <object_component id="oc-2f6">
         <name>.text:OS_StatTaskInit</name>
         <load_address>0x2f00</load_address>
         <run_address>0x2f00</run_address>
         <size>0xb8</size>
         <input_file_ref idref="fl-e"/>
      </object_component>
      <object_component id="oc-505">
         <name>.text:OSStatReset</name>
         <load_address>0x2fb8</load_address>
         <run_address>0x2fb8</run_address>
         <size>0xb0</size>
         <input_file_ref idref="fl-e"/>
      </object_component>
      <object_component id="oc-782">
         <name>.text:ProbeRS232_RxHandler</name>
         <load_address>0x3068</load_address>
         <run_address>0x3068</run_address>
         <size>0xb0</size>
         <input_file_ref idref="fl-17"/>
      </object_component>
      <object_component id="oc-2a5">
         <name>.text:OS_TaskSemPost</name>
         <load_address>0x3118</load_address>
         <run_address>0x3118</run_address>
         <size>0xa8</size>
         <input_file_ref idref="fl-f"/>
      </object_component>
      <object_component id="oc-48d">
         <name>.text:ProbeCom_Init</name>
         <load_address>0x31c0</load_address>
         <run_address>0x31c0</run_address>
         <size>0xa8</size>
         <input_file_ref idref="fl-16"/>
      </object_component>
      <object_component id="oc-8de">
         <name>.text:ProbeCom_ReqWrMulti</name>
         <load_address>0x3268</load_address>
         <run_address>0x3268</run_address>
         <size>0xa8</size>
         <input_file_ref idref="fl-16"/>
      </object_component>
      <object_component id="oc-419">
         <name>.text:OS_TmrTask</name>
         <load_address>0x3310</load_address>
         <run_address>0x3310</run_address>
         <size>0xa4</size>
         <input_file_ref idref="fl-12"/>
      </object_component>
      <object_component id="oc-8e4">
         <name>.text:ProbeCom_ReqRdMulti</name>
         <load_address>0x33b4</load_address>
         <run_address>0x33b4</run_address>
         <size>0xa4</size>
         <input_file_ref idref="fl-16"/>
      </object_component>
      <object_component id="oc-1e8">
         <name>.text:main</name>
         <load_address>0x3458</load_address>
         <run_address>0x3458</run_address>
         <size>0xa4</size>
         <input_file_ref idref="fl-22"/>
      </object_component>
      <object_component id="oc-53">
         <name>.text</name>
         <load_address>0x34fc</load_address>
         <run_address>0x34fc</run_address>
         <size>0xa2</size>
         <input_file_ref idref="fl-14"/>
      </object_component>
      <object_component id="oc-3b">
         <name>.text:App_MemFault_ISR</name>
         <load_address>0x359e</load_address>
         <run_address>0x359e</run_address>
         <size>0x2</size>
         <input_file_ref idref="fl-24"/>
      </object_component>
      <object_component id="oc-485">
         <name>.text:OSTimeDly</name>
         <load_address>0x35a0</load_address>
         <run_address>0x35a0</run_address>
         <size>0xa0</size>
         <input_file_ref idref="fl-11"/>
      </object_component>
      <object_component id="oc-541">
         <name>.text:OS_TmrLink</name>
         <load_address>0x3640</load_address>
         <run_address>0x3640</run_address>
         <size>0xa0</size>
         <input_file_ref idref="fl-12"/>
      </object_component>
      <object_component id="oc-517">
         <name>.text:OSTaskStkChk</name>
         <load_address>0x36e0</load_address>
         <run_address>0x36e0</run_address>
         <size>0x9c</size>
         <input_file_ref idref="fl-f"/>
      </object_component>
      <object_component id="oc-115">
         <name>.text</name>
         <load_address>0x377c</load_address>
         <run_address>0x377c</run_address>
         <size>0x9c</size>
         <input_file_ref idref="fl-16c"/>
      </object_component>
      <object_component id="oc-392">
         <name>.text:OSStatTaskCPUUsageInit</name>
         <load_address>0x3818</load_address>
         <run_address>0x3818</run_address>
         <size>0x98</size>
         <input_file_ref idref="fl-e"/>
      </object_component>
      <object_component id="oc-3bd">
         <name>.text:OS_Post</name>
         <load_address>0x38b0</load_address>
         <run_address>0x38b0</run_address>
         <size>0x96</size>
         <input_file_ref idref="fl-3"/>
      </object_component>
      <object_component id="oc-2f">
         <name>.text:App_NMI_ISR</name>
         <load_address>0x3946</load_address>
         <run_address>0x3946</run_address>
         <size>0x2</size>
         <input_file_ref idref="fl-24"/>
      </object_component>
      <object_component id="oc-5f6">
         <name>.text:ProbeRS232_InitTarget</name>
         <load_address>0x3948</load_address>
         <run_address>0x3948</run_address>
         <size>0x94</size>
         <input_file_ref idref="fl-1a"/>
      </object_component>
      <object_component id="oc-935">
         <name>.text:ProbeCom_BufWr</name>
         <load_address>0x39dc</load_address>
         <run_address>0x39dc</run_address>
         <size>0x92</size>
         <input_file_ref idref="fl-16"/>
      </object_component>
      <object_component id="oc-95a">
         <name>.text:OS_SemPost</name>
         <load_address>0x3a6e</load_address>
         <run_address>0x3a6e</run_address>
         <size>0x90</size>
         <input_file_ref idref="fl-d"/>
      </object_component>
      <object_component id="oc-93c">
         <name>.text:ProbeCom_BufRd</name>
         <load_address>0x3afe</load_address>
         <run_address>0x3afe</run_address>
         <size>0x90</size>
         <input_file_ref idref="fl-16"/>
      </object_component>
      <object_component id="oc-4d">
         <name>.text:App_Spurious_ISR</name>
         <load_address>0x3b8e</load_address>
         <run_address>0x3b8e</run_address>
         <size>0x2</size>
         <input_file_ref idref="fl-24"/>
      </object_component>
      <object_component id="oc-185">
         <name>.text:OSIntExit</name>
         <load_address>0x3b90</load_address>
         <run_address>0x3b90</run_address>
         <size>0x88</size>
         <input_file_ref idref="fl-3"/>
      </object_component>
      <object_component id="oc-2f0">
         <name>.text:OS_TickTaskInit</name>
         <load_address>0x3c18</load_address>
         <run_address>0x3c18</run_address>
         <size>0x88</size>
         <input_file_ref idref="fl-10"/>
      </object_component>
      <object_component id="oc-8ea">
         <name>.text:ProbeCom_ReqWr</name>
         <load_address>0x3ca0</load_address>
         <run_address>0x3ca0</run_address>
         <size>0x88</size>
         <input_file_ref idref="fl-16"/>
      </object_component>
      <object_component id="oc-455">
         <name>.text:RIT128x96x4Init</name>
         <load_address>0x3d28</load_address>
         <run_address>0x3d28</run_address>
         <size>0x88</size>
         <input_file_ref idref="fl-41"/>
      </object_component>
      <object_component id="oc-79c">
         <name>.text:__aeabi_cdcmple</name>
         <load_address>0x3db0</load_address>
         <run_address>0x3db0</run_address>
         <size>0x86</size>
         <input_file_ref idref="fl-179"/>
      </object_component>
      <object_component id="oc-7ab">
         <name>.text:__aeabi_cdrcmple</name>
         <load_address>0x3e36</load_address>
         <run_address>0x3e36</run_address>
         <size>0x86</size>
         <input_file_ref idref="fl-179"/>
      </object_component>
      <object_component id="oc-343">
         <name>.text:OSTaskStkInit</name>
         <load_address>0x3ebc</load_address>
         <run_address>0x3ebc</run_address>
         <size>0x84</size>
         <input_file_ref idref="fl-15"/>
      </object_component>
      <object_component id="oc-5f0">
         <name>.text:ProbeRS232_OS_Init</name>
         <load_address>0x3f40</load_address>
         <run_address>0x3f40</run_address>
         <size>0x80</size>
         <input_file_ref idref="fl-19"/>
      </object_component>
      <object_component id="oc-46e">
         <name>.text:CPU_IntDisMeasInit</name>
         <load_address>0x3fc0</load_address>
         <run_address>0x3fc0</run_address>
         <size>0x7c</size>
         <input_file_ref idref="fl-1f"/>
      </object_component>
      <object_component id="oc-12e">
         <name>.text</name>
         <load_address>0x403c</load_address>
         <run_address>0x403c</run_address>
         <size>0x7a</size>
         <input_file_ref idref="fl-16d"/>
      </object_component>
      <object_component id="oc-47">
         <name>.text:App_UsageFault_ISR</name>
         <load_address>0x40b6</load_address>
         <run_address>0x40b6</run_address>
         <size>0x2</size>
         <input_file_ref idref="fl-24"/>
      </object_component>
      <object_component id="oc-8f0">
         <name>.text:ProbeCom_ReqRd</name>
         <load_address>0x40b8</load_address>
         <run_address>0x40b8</run_address>
         <size>0x78</size>
         <input_file_ref idref="fl-16"/>
      </object_component>
      <object_component id="oc-367">
         <name>.text:OSSched</name>
         <load_address>0x4130</load_address>
         <run_address>0x4130</run_address>
         <size>0x74</size>
         <input_file_ref idref="fl-3"/>
      </object_component>
      <object_component id="oc-52f">
         <name>.text:OSSchedUnlock</name>
         <load_address>0x41a4</load_address>
         <run_address>0x41a4</run_address>
         <size>0x74</size>
         <input_file_ref idref="fl-3"/>
      </object_component>
      <object_component id="oc-167">
         <name>.text:OSTaskSwHook</name>
         <load_address>0x4218</load_address>
         <run_address>0x4218</run_address>
         <size>0x70</size>
         <input_file_ref idref="fl-15"/>
      </object_component>
      <object_component id="oc-6dd">
         <name>.text:OSSemCreate</name>
         <load_address>0x4288</load_address>
         <run_address>0x4288</run_address>
         <size>0x6c</size>
         <input_file_ref idref="fl-d"/>
      </object_component>
      <object_component id="oc-2ea">
         <name>.text:OS_IdleTaskInit</name>
         <load_address>0x42f4</load_address>
         <run_address>0x42f4</run_address>
         <size>0x6c</size>
         <input_file_ref idref="fl-3"/>
      </object_component>
      <object_component id="oc-22f">
         <name>.text:OS_SchedRoundRobin</name>
         <load_address>0x4360</load_address>
         <run_address>0x4360</run_address>
         <size>0x6c</size>
         <input_file_ref idref="fl-3"/>
      </object_component>
      <object_component id="oc-140">
         <name>.text</name>
         <load_address>0x43cc</load_address>
         <run_address>0x43cc</run_address>
         <size>0x6c</size>
         <input_file_ref idref="fl-175"/>
      </object_component>
      <object_component id="oc-121">
         <name>.text</name>
         <load_address>0x4438</load_address>
         <run_address>0x4438</run_address>
         <size>0x6a</size>
         <input_file_ref idref="fl-169"/>
      </object_component>
      <object_component id="oc-851">
         <name>.text</name>
         <load_address>0x44a2</load_address>
         <run_address>0x44a2</run_address>
         <size>0x66</size>
         <input_file_ref idref="fl-187"/>
      </object_component>
      <object_component id="oc-4b3">
         <name>.text:OS_RdyListRemove</name>
         <load_address>0x4508</load_address>
         <run_address>0x4508</run_address>
         <size>0x64</size>
         <input_file_ref idref="fl-3"/>
      </object_component>
      <object_component id="oc-8d2">
         <name>.text:ProbeCom_ReqStrIn</name>
         <load_address>0x456c</load_address>
         <run_address>0x456c</run_address>
         <size>0x60</size>
         <input_file_ref idref="fl-16"/>
      </object_component>
      <object_component id="oc-60b">
         <name>.text</name>
         <load_address>0x45cc</load_address>
         <run_address>0x45cc</run_address>
         <size>0x60</size>
         <input_file_ref idref="fl-16f"/>
      </object_component>
      <object_component id="oc-535">
         <name>.text:OSSchedLock</name>
         <load_address>0x462c</load_address>
         <run_address>0x462c</run_address>
         <size>0x5c</size>
         <input_file_ref idref="fl-3"/>
      </object_component>
      <object_component id="oc-8d8">
         <name>.text:ProbeCom_ReqStrOut</name>
         <load_address>0x4688</load_address>
         <run_address>0x4688</run_address>
         <size>0x5c</size>
         <input_file_ref idref="fl-16"/>
      </object_component>
      <object_component id="oc-593">
         <name>.text:RIT128x96x4Enable</name>
         <load_address>0x46e4</load_address>
         <run_address>0x46e4</run_address>
         <size>0x5c</size>
         <input_file_ref idref="fl-41"/>
      </object_component>
      <object_component id="oc-737">
         <name>.text:OS_PendListInsertPrio</name>
         <load_address>0x4740</load_address>
         <run_address>0x4740</run_address>
         <size>0x5a</size>
         <input_file_ref idref="fl-3"/>
      </object_component>
      <object_component id="oc-943">
         <name>.text:Mem_Copy</name>
         <load_address>0x479a</load_address>
         <run_address>0x479a</run_address>
         <size>0x58</size>
         <input_file_ref idref="fl-1d"/>
      </object_component>
      <object_component id="oc-574">
         <name>.text:BSP_IntHandlerDummy</name>
         <load_address>0x47f2</load_address>
         <run_address>0x47f2</run_address>
         <size>0x2</size>
         <input_file_ref idref="fl-3e"/>
      </object_component>
      <object_component id="oc-270">
         <name>.text:OSStart</name>
         <load_address>0x47f4</load_address>
         <run_address>0x47f4</run_address>
         <size>0x58</size>
         <input_file_ref idref="fl-3"/>
      </object_component>
      <object_component id="oc-17f">
         <name>.text:OSTimeTick</name>
         <load_address>0x484c</load_address>
         <run_address>0x484c</run_address>
         <size>0x58</size>
         <input_file_ref idref="fl-11"/>
      </object_component>
      <object_component id="oc-7b5">
         <name>.text</name>
         <load_address>0x48a4</load_address>
         <run_address>0x48a4</run_address>
         <size>0x56</size>
         <input_file_ref idref="fl-180"/>
      </object_component>
      <object_component id="oc-32c">
         <name>.text:OSCfg_Init</name>
         <load_address>0x48fa</load_address>
         <run_address>0x48fa</run_address>
         <size>0x2</size>
         <input_file_ref idref="fl-2"/>
      </object_component>
      <object_component id="oc-27c">
         <name>.text:AppTaskStart</name>
         <load_address>0x48fc</load_address>
         <run_address>0x48fc</run_address>
         <size>0x54</size>
         <input_file_ref idref="fl-22"/>
      </object_component>
      <object_component id="oc-461">
         <name>.text:BSP_PB_Init</name>
         <load_address>0x4950</load_address>
         <run_address>0x4950</run_address>
         <size>0x54</size>
         <input_file_ref idref="fl-3d"/>
      </object_component>
      <object_component id="oc-493">
         <name>.text:ProbeRS232_Init</name>
         <load_address>0x49a4</load_address>
         <run_address>0x49a4</run_address>
         <size>0x54</size>
         <input_file_ref idref="fl-17"/>
      </object_component>
      <object_component id="oc-53b">
         <name>.text:OS_TmrUnlink</name>
         <load_address>0x49f8</load_address>
         <run_address>0x49f8</run_address>
         <size>0x50</size>
         <input_file_ref idref="fl-12"/>
      </object_component>
      <object_component id="oc-7e3">
         <name>.text</name>
         <load_address>0x4a48</load_address>
         <run_address>0x4a48</run_address>
         <size>0x4c</size>
         <input_file_ref idref="fl-174"/>
      </object_component>
      <object_component id="oc-1e0">
         <name>.text</name>
         <load_address>0x4a94</load_address>
         <run_address>0x4a94</run_address>
         <size>0x4c</size>
         <input_file_ref idref="fl-176"/>
      </object_component>
      <object_component id="oc-39e">
         <name>.text:AppDisplayTaskCreate</name>
         <load_address>0x4ae0</load_address>
         <run_address>0x4ae0</run_address>
         <size>0x48</size>
         <input_file_ref idref="fl-22"/>
      </object_component>
      <object_component id="oc-179">
         <name>.text:CPU_IntDisMeasStop</name>
         <load_address>0x4b28</load_address>
         <run_address>0x4b28</run_address>
         <size>0x48</size>
         <input_file_ref idref="fl-1f"/>
      </object_component>
      <object_component id="oc-6c9">
         <name>.text:Mem_Set</name>
         <load_address>0x4b70</load_address>
         <run_address>0x4b70</run_address>
         <size>0x48</size>
         <input_file_ref idref="fl-1d"/>
      </object_component>
      <object_component id="oc-639">
         <name>.text:OS_Pend</name>
         <load_address>0x4bb8</load_address>
         <run_address>0x4bb8</run_address>
         <size>0x48</size>
         <input_file_ref idref="fl-3"/>
      </object_component>
      <object_component id="oc-599">
         <name>.text:RIT128x96x4Clear</name>
         <load_address>0x4c00</load_address>
         <run_address>0x4c00</run_address>
         <size>0x48</size>
         <input_file_ref idref="fl-41"/>
      </object_component>
      <object_component id="oc-7b0">
         <name>.text</name>
         <load_address>0x4c48</load_address>
         <run_address>0x4c48</run_address>
         <size>0x48</size>
         <input_file_ref idref="fl-17c"/>
      </object_component>
      <object_component id="oc-73d">
         <name>.text:OS_PendDbgNameAdd</name>
         <load_address>0x4c90</load_address>
         <run_address>0x4c90</run_address>
         <size>0x47</size>
         <input_file_ref idref="fl-3"/>
      </object_component>
      <object_component id="oc-7cb">
         <name>.text</name>
         <load_address>0x4cd8</load_address>
         <run_address>0x4cd8</run_address>
         <size>0x46</size>
         <input_file_ref idref="fl-17f"/>
      </object_component>
      <object_component id="oc-326">
         <name>.text:OS_Dbg_Init</name>
         <load_address>0x4d1e</load_address>
         <run_address>0x4d1e</run_address>
         <size>0x2</size>
         <input_file_ref idref="fl-4"/>
      </object_component>
      <object_component id="oc-66e">
         <name>.text:OS_TaskDbgListRemove</name>
         <load_address>0x4d20</load_address>
         <run_address>0x4d20</run_address>
         <size>0x44</size>
         <input_file_ref idref="fl-f"/>
      </object_component>
      <object_component id="oc-705">
         <name>.text:ProbeRS232_RxTxISRHandler</name>
         <load_address>0x4d64</load_address>
         <run_address>0x4d64</run_address>
         <size>0x44</size>
         <input_file_ref idref="fl-1a"/>
      </object_component>
      <object_component id="oc-14c">
         <name>.text</name>
         <load_address>0x4da8</load_address>
         <run_address>0x4da8</run_address>
         <size>0x44</size>
         <input_file_ref idref="fl-16b"/>
      </object_component>
      <object_component id="oc-68d">
         <name>.text:SSIConfigSetExpClk</name>
         <load_address>0x4dec</load_address>
         <run_address>0x4dec</run_address>
         <size>0x42</size>
         <input_file_ref idref="fl-35"/>
      </object_component>
      <object_component id="oc-308">
         <name>.text:OS_MsgPoolInit</name>
         <load_address>0x4e30</load_address>
         <run_address>0x4e30</run_address>
         <size>0x40</size>
         <input_file_ref idref="fl-8"/>
      </object_component>
      <object_component id="oc-6f3">
         <name>.text:SysCtlPeripheralReset</name>
         <load_address>0x4e70</load_address>
         <run_address>0x4e70</run_address>
         <size>0x40</size>
         <input_file_ref idref="fl-36"/>
      </object_component>
      <object_component id="oc-963">
         <name>.text</name>
         <load_address>0x4eb0</load_address>
         <run_address>0x4eb0</run_address>
         <size>0x40</size>
         <input_file_ref idref="fl-18d"/>
      </object_component>
      <object_component id="oc-627">
         <name>.text:OS_PendListRemove1</name>
         <load_address>0x4ef0</load_address>
         <run_address>0x4ef0</run_address>
         <size>0x3c</size>
         <input_file_ref idref="fl-3"/>
      </object_component>
      <object_component id="oc-59f">
         <name>.text:RITWriteCommand</name>
         <load_address>0x4f2c</load_address>
         <run_address>0x4f2c</run_address>
         <size>0x3c</size>
         <input_file_ref idref="fl-41"/>
      </object_component>
      <object_component id="oc-6a3">
         <name>.text:RITWriteData</name>
         <load_address>0x4f68</load_address>
         <run_address>0x4f68</run_address>
         <size>0x3c</size>
         <input_file_ref idref="fl-41"/>
      </object_component>
      <object_component id="oc-23">
         <name>.text</name>
         <load_address>0x4fa4</load_address>
         <run_address>0x4fa4</run_address>
         <size>0x3c</size>
         <input_file_ref idref="fl-167"/>
      </object_component>
      <object_component id="oc-900">
         <name>.text:OSSemPost</name>
         <load_address>0x4fe0</load_address>
         <run_address>0x4fe0</run_address>
         <size>0x38</size>
         <input_file_ref idref="fl-d"/>
      </object_component>
      <object_component id="oc-3d3">
         <name>.text:OS_IdleTask</name>
         <load_address>0x5018</load_address>
         <run_address>0x5018</run_address>
         <size>0x38</size>
         <input_file_ref idref="fl-3"/>
      </object_component>
      <object_component id="oc-662">
         <name>.text:OS_MsgQFreeAll</name>
         <load_address>0x5050</load_address>
         <run_address>0x5050</run_address>
         <size>0x38</size>
         <input_file_ref idref="fl-8"/>
      </object_component>
      <object_component id="oc-724">
         <name>.text:OS_RdyListInsertHead</name>
         <load_address>0x5088</load_address>
         <run_address>0x5088</run_address>
         <size>0x38</size>
         <input_file_ref idref="fl-3"/>
      </object_component>
      <object_component id="oc-35b">
         <name>.text:OS_RdyListInsertTail</name>
         <load_address>0x50c0</load_address>
         <run_address>0x50c0</run_address>
         <size>0x38</size>
         <input_file_ref idref="fl-3"/>
      </object_component>
      <object_component id="oc-651">
         <name>.text:OS_SchedLockTimeMeasStop</name>
         <load_address>0x50f8</load_address>
         <run_address>0x50f8</run_address>
         <size>0x38</size>
         <input_file_ref idref="fl-3"/>
      </object_component>
      <object_component id="oc-4d0">
         <name>.text:OS_TickListRemove</name>
         <load_address>0x5130</load_address>
         <run_address>0x5130</run_address>
         <size>0x34</size>
         <input_file_ref idref="fl-10"/>
      </object_component>
      <object_component id="oc-8cc">
         <name>.text:ProbeCom_ReqErr</name>
         <load_address>0x5164</load_address>
         <run_address>0x5164</run_address>
         <size>0x34</size>
         <input_file_ref idref="fl-16"/>
      </object_component>
      <object_component id="oc-80f">
         <name>.text:ProbeRS232_ParseRxPkt</name>
         <load_address>0x5198</load_address>
         <run_address>0x5198</run_address>
         <size>0x34</size>
         <input_file_ref idref="fl-17"/>
      </object_component>
      <object_component id="oc-8b4">
         <name>.text</name>
         <load_address>0x51cc</load_address>
         <run_address>0x51cc</run_address>
         <size>0x34</size>
         <input_file_ref idref="fl-18b"/>
      </object_component>
      <object_component id="oc-2ad">
         <name>.text:OS_RdyListMoveHeadToTail</name>
         <load_address>0x5200</load_address>
         <run_address>0x5200</run_address>
         <size>0x32</size>
         <input_file_ref idref="fl-3"/>
      </object_component>
      <object_component id="oc-45b">
         <name>.text:BSP_LED_Init</name>
         <load_address>0x5234</load_address>
         <run_address>0x5234</run_address>
         <size>0x30</size>
         <input_file_ref idref="fl-3d"/>
      </object_component>
      <object_component id="oc-173">
         <name>.text:CPU_IntDisMeasStart</name>
         <load_address>0x5264</load_address>
         <run_address>0x5264</run_address>
         <size>0x30</size>
         <input_file_ref idref="fl-1f"/>
      </object_component>
      <object_component id="oc-402">
         <name>.text:OS_MsgPoolCreate</name>
         <load_address>0x5294</load_address>
         <run_address>0x5294</run_address>
         <size>0x30</size>
         <input_file_ref idref="fl-8"/>
      </object_component>
      <object_component id="oc-85f">
         <name>.text</name>
         <load_address>0x52c4</load_address>
         <run_address>0x52c4</run_address>
         <size>0x30</size>
         <input_file_ref idref="fl-188"/>
      </object_component>
      <object_component id="oc-7bb">
         <name>.text</name>
         <load_address>0x52f4</load_address>
         <run_address>0x52f4</run_address>
         <size>0x2e</size>
         <input_file_ref idref="fl-17e"/>
      </object_component>
      <object_component id="oc-914">
         <name>.text</name>
         <load_address>0x5322</load_address>
         <run_address>0x5322</run_address>
         <size>0x2e</size>
         <input_file_ref idref="fl-18c"/>
      </object_component>
      <object_component id="oc-56e">
         <name>.text:BSP_IntVectSet</name>
         <load_address>0x5350</load_address>
         <run_address>0x5350</run_address>
         <size>0x2c</size>
         <input_file_ref idref="fl-3e"/>
      </object_component>
      <object_component id="oc-58">
         <name>.text:OS_CPU_SysTickHandler</name>
         <load_address>0x537c</load_address>
         <run_address>0x537c</run_address>
         <size>0x2c</size>
         <input_file_ref idref="fl-15"/>
      </object_component>
      <object_component id="oc-62f">
         <name>.text:OS_RdyListInsert</name>
         <load_address>0x53a8</load_address>
         <run_address>0x53a8</run_address>
         <size>0x2c</size>
         <input_file_ref idref="fl-3"/>
      </object_component>
      <object_component id="oc-5ab">
         <name>.text:GPIODirModeSet</name>
         <load_address>0x53d4</load_address>
         <run_address>0x53d4</run_address>
         <size>0x2a</size>
         <input_file_ref idref="fl-2d"/>
      </object_component>
      <object_component id="oc-16e">
         <name>.text</name>
         <load_address>0x53fe</load_address>
         <run_address>0x53fe</run_address>
         <size>0x2a</size>
         <input_file_ref idref="fl-20"/>
      </object_component>
      <object_component id="oc-7d7">
         <name>.text</name>
         <load_address>0x5428</load_address>
         <run_address>0x5428</run_address>
         <size>0x2a</size>
         <input_file_ref idref="fl-185"/>
      </object_component>
      <object_component id="oc-3aa">
         <name>.text:BSP_LED_Toggle</name>
         <load_address>0x5454</load_address>
         <run_address>0x5454</run_address>
         <size>0x28</size>
         <input_file_ref idref="fl-3d"/>
      </object_component>
      <object_component id="oc-386">
         <name>.text:OS_CPU_SysTickInit</name>
         <load_address>0x547c</load_address>
         <run_address>0x547c</run_address>
         <size>0x28</size>
         <input_file_ref idref="fl-15"/>
      </object_component>
      <object_component id="oc-731">
         <name>.text:OS_PendDataInit</name>
         <load_address>0x54a4</load_address>
         <run_address>0x54a4</run_address>
         <size>0x28</size>
         <input_file_ref idref="fl-3"/>
      </object_component>
      <object_component id="oc-241">
         <name>.text:OS_PrioGetHighest</name>
         <load_address>0x54cc</load_address>
         <run_address>0x54cc</run_address>
         <size>0x28</size>
         <input_file_ref idref="fl-b"/>
      </object_component>
      <object_component id="oc-72b">
         <name>.text:OS_TaskBlock</name>
         <load_address>0x54f4</load_address>
         <run_address>0x54f4</run_address>
         <size>0x28</size>
         <input_file_ref idref="fl-3"/>
      </object_component>
      <object_component id="oc-3e2">
         <name>.text:OS_TickTask</name>
         <load_address>0x551c</load_address>
         <run_address>0x551c</run_address>
         <size>0x28</size>
         <input_file_ref idref="fl-10"/>
      </object_component>
      <object_component id="oc-997">
         <name>.text:ProbeCom_BufIsEmpty</name>
         <load_address>0x5544</load_address>
         <run_address>0x5544</run_address>
         <size>0x28</size>
         <input_file_ref idref="fl-16"/>
      </object_component>
      <object_component id="oc-374">
         <name>.text:BSP_Init</name>
         <load_address>0x556c</load_address>
         <run_address>0x556c</run_address>
         <size>0x24</size>
         <input_file_ref idref="fl-3d"/>
      </object_component>
      <object_component id="oc-5c1">
         <name>.text:CPU_NameClr</name>
         <load_address>0x5590</load_address>
         <run_address>0x5590</run_address>
         <size>0x24</size>
         <input_file_ref idref="fl-1f"/>
      </object_component>
      <object_component id="oc-4d6">
         <name>.text:OS_PendListRemove</name>
         <load_address>0x55b4</load_address>
         <run_address>0x55b4</run_address>
         <size>0x24</size>
         <input_file_ref idref="fl-3"/>
      </object_component>
      <object_component id="oc-4ca">
         <name>.text:OS_Post1</name>
         <load_address>0x55d8</load_address>
         <run_address>0x55d8</run_address>
         <size>0x24</size>
         <input_file_ref idref="fl-3"/>
      </object_component>
      <object_component id="oc-355">
         <name>.text:OS_PrioInsert</name>
         <load_address>0x55fc</load_address>
         <run_address>0x55fc</run_address>
         <size>0x24</size>
         <input_file_ref idref="fl-b"/>
      </object_component>
      <object_component id="oc-619">
         <name>.text:OS_PrioRemove</name>
         <load_address>0x5620</load_address>
         <run_address>0x5620</run_address>
         <size>0x24</size>
         <input_file_ref idref="fl-b"/>
      </object_component>
      <object_component id="oc-2de">
         <name>.text:OS_RdyListInit</name>
         <load_address>0x5644</load_address>
         <run_address>0x5644</run_address>
         <size>0x24</size>
         <input_file_ref idref="fl-3"/>
      </object_component>
      <object_component id="oc-764">
         <name>.text:OS_SemDbgListAdd</name>
         <load_address>0x5668</load_address>
         <run_address>0x5668</run_address>
         <size>0x24</size>
         <input_file_ref idref="fl-d"/>
      </object_component>
      <object_component id="oc-361">
         <name>.text:OS_TaskDbgListAdd</name>
         <load_address>0x568c</load_address>
         <run_address>0x568c</run_address>
         <size>0x24</size>
         <input_file_ref idref="fl-f"/>
      </object_component>
      <object_component id="oc-2e4">
         <name>.text:OS_TaskInit</name>
         <load_address>0x56b0</load_address>
         <run_address>0x56b0</run_address>
         <size>0x24</size>
         <input_file_ref idref="fl-f"/>
      </object_component>
      <object_component id="oc-3da">
         <name>.text:OS_TickListInit</name>
         <load_address>0x56d4</load_address>
         <run_address>0x56d4</run_address>
         <size>0x24</size>
         <input_file_ref idref="fl-10"/>
      </object_component>
      <object_component id="oc-7c5">
         <name>.text</name>
         <load_address>0x56f8</load_address>
         <run_address>0x56f8</run_address>
         <size>0x22</size>
         <input_file_ref idref="fl-17d"/>
      </object_component>
      <object_component id="oc-192">
         <name>.text:BSP_IntHandler</name>
         <load_address>0x571c</load_address>
         <run_address>0x571c</run_address>
         <size>0x20</size>
         <input_file_ref idref="fl-3e"/>
      </object_component>
      <object_component id="oc-20f">
         <name>.text:CPU_IntDisMeasMaxCurReset</name>
         <load_address>0x573c</load_address>
         <run_address>0x573c</run_address>
         <size>0x20</size>
         <input_file_ref idref="fl-1f"/>
      </object_component>
      <object_component id="oc-2d2">
         <name>.text:OSInitHook</name>
         <load_address>0x575c</load_address>
         <run_address>0x575c</run_address>
         <size>0x20</size>
         <input_file_ref idref="fl-15"/>
      </object_component>
      <object_component id="oc-24b">
         <name>.text:OSIntEnter</name>
         <load_address>0x577c</load_address>
         <run_address>0x577c</run_address>
         <size>0x20</size>
         <input_file_ref idref="fl-3"/>
      </object_component>
      <object_component id="oc-641">
         <name>.text:OS_TickListResetPeak</name>
         <load_address>0x579c</load_address>
         <run_address>0x579c</run_address>
         <size>0x20</size>
         <input_file_ref idref="fl-10"/>
      </object_component>
      <object_component id="oc-647">
         <name>.text:OS_TmrResetPeak</name>
         <load_address>0x57bc</load_address>
         <run_address>0x57bc</run_address>
         <size>0x20</size>
         <input_file_ref idref="fl-12"/>
      </object_component>
      <object_component id="oc-824">
         <name>.text:ProbeRS232_RxStoINT8U</name>
         <load_address>0x57dc</load_address>
         <run_address>0x57dc</run_address>
         <size>0x20</size>
         <input_file_ref idref="fl-17"/>
      </object_component>
      <object_component id="oc-57b">
         <name>.text:SysCtlPeripheralEnable</name>
         <load_address>0x57fc</load_address>
         <run_address>0x57fc</run_address>
         <size>0x20</size>
         <input_file_ref idref="fl-36"/>
      </object_component>
      <object_component id="oc-29a">
         <name>.text:CPU_IntDisMeasMaxCurGet</name>
         <load_address>0x581c</load_address>
         <run_address>0x581c</run_address>
         <size>0x1c</size>
         <input_file_ref idref="fl-1f"/>
      </object_component>
      <object_component id="oc-50b">
         <name>.text:CPU_IntDisMeasMaxGet</name>
         <load_address>0x5838</load_address>
         <run_address>0x5838</run_address>
         <size>0x1c</size>
         <input_file_ref idref="fl-1f"/>
      </object_component>
      <object_component id="oc-658">
         <name>.text:OS_SchedLockTimeMeasStart</name>
         <load_address>0x5854</load_address>
         <run_address>0x5854</run_address>
         <size>0x1c</size>
         <input_file_ref idref="fl-3"/>
      </object_component>
      <object_component id="oc-770">
         <name>.text:ProbeRS232_Task</name>
         <load_address>0x5870</load_address>
         <run_address>0x5870</run_address>
         <size>0x1c</size>
         <input_file_ref idref="fl-17"/>
      </object_component>
      <object_component id="oc-229">
         <name>.text:OSTaskSemPost</name>
         <load_address>0x588c</load_address>
         <run_address>0x588c</run_address>
         <size>0x1a</size>
         <input_file_ref idref="fl-f"/>
      </object_component>
      <object_component id="oc-4dc">
         <name>.text:OS_PendDbgNameRemove</name>
         <load_address>0x58a8</load_address>
         <run_address>0x58a8</run_address>
         <size>0x1a</size>
         <input_file_ref idref="fl-3"/>
      </object_component>
      <object_component id="oc-7dd">
         <name>.text</name>
         <load_address>0x58c2</load_address>
         <run_address>0x58c2</run_address>
         <size>0x1a</size>
         <input_file_ref idref="fl-181"/>
      </object_component>
      <object_component id="oc-398">
         <name>.text:App_ProbeInit</name>
         <load_address>0x58dc</load_address>
         <run_address>0x58dc</run_address>
         <size>0x18</size>
         <input_file_ref idref="fl-23"/>
      </object_component>
      <object_component id="oc-44f">
         <name>.text:BSP_IntInit</name>
         <load_address>0x58f4</load_address>
         <run_address>0x58f4</run_address>
         <size>0x18</size>
         <input_file_ref idref="fl-3e"/>
      </object_component>
      <object_component id="oc-2fc">
         <name>.text:OS_FlagInit</name>
         <load_address>0x590c</load_address>
         <run_address>0x590c</run_address>
         <size>0x18</size>
         <input_file_ref idref="fl-5"/>
      </object_component>
      <object_component id="oc-302">
         <name>.text:OS_MemInit</name>
         <load_address>0x5924</load_address>
         <run_address>0x5924</run_address>
         <size>0x18</size>
         <input_file_ref idref="fl-7"/>
      </object_component>
      <object_component id="oc-30e">
         <name>.text:OS_MutexInit</name>
         <load_address>0x593c</load_address>
         <run_address>0x593c</run_address>
         <size>0x18</size>
         <input_file_ref idref="fl-9"/>
      </object_component>
      <object_component id="oc-314">
         <name>.text:OS_QInit</name>
         <load_address>0x5954</load_address>
         <run_address>0x5954</run_address>
         <size>0x18</size>
         <input_file_ref idref="fl-c"/>
      </object_component>
      <object_component id="oc-31a">
         <name>.text:OS_SemInit</name>
         <load_address>0x596c</load_address>
         <run_address>0x596c</run_address>
         <size>0x18</size>
         <input_file_ref idref="fl-d"/>
      </object_component>
      <object_component id="oc-4e2">
         <name>.text:OS_TaskRdy</name>
         <load_address>0x5984</load_address>
         <run_address>0x5984</run_address>
         <size>0x18</size>
         <input_file_ref idref="fl-3"/>
      </object_component>
      <object_component id="oc-43c">
         <name>.text:OS_TaskReturn</name>
         <load_address>0x599c</load_address>
         <run_address>0x599c</run_address>
         <size>0x18</size>
         <input_file_ref idref="fl-f"/>
      </object_component>
      <object_component id="oc-94b">
         <name>.text:ProbeCom_GetINT16U</name>
         <load_address>0x59b4</load_address>
         <run_address>0x59b4</run_address>
         <size>0x18</size>
         <input_file_ref idref="fl-16"/>
      </object_component>
      <object_component id="oc-976">
         <name>.text:ProbeCom_StrOutAvail</name>
         <load_address>0x59cc</load_address>
         <run_address>0x59cc</run_address>
         <size>0x18</size>
         <input_file_ref idref="fl-16"/>
      </object_component>
      <object_component id="oc-809">
         <name>.text:ProbeRS232_OS_Pend</name>
         <load_address>0x59e4</load_address>
         <run_address>0x59e4</run_address>
         <size>0x18</size>
         <input_file_ref idref="fl-19"/>
      </object_component>
      <object_component id="oc-815">
         <name>.text:ProbeRS232_TxStart</name>
         <load_address>0x59fc</load_address>
         <run_address>0x59fc</run_address>
         <size>0x18</size>
         <input_file_ref idref="fl-17"/>
      </object_component>
      <object_component id="oc-146">
         <name>.text</name>
         <load_address>0x5a14</load_address>
         <run_address>0x5a14</run_address>
         <size>0x18</size>
         <input_file_ref idref="fl-173"/>
      </object_component>
      <object_component id="oc-951">
         <name>.text:ProbeCom_GetINT32U</name>
         <load_address>0x5a2c</load_address>
         <run_address>0x5a2c</run_address>
         <size>0x16</size>
         <input_file_ref idref="fl-16"/>
      </object_component>
      <object_component id="oc-7d1">
         <name>.text</name>
         <load_address>0x5a42</load_address>
         <run_address>0x5a42</run_address>
         <size>0x16</size>
         <input_file_ref idref="fl-182"/>
      </object_component>
      <object_component id="oc-5b1">
         <name>.text:BSP_LED_Off</name>
         <load_address>0x5a58</load_address>
         <run_address>0x5a58</run_address>
         <size>0x14</size>
         <input_file_ref idref="fl-3d"/>
      </object_component>
      <object_component id="oc-3b6">
         <name>.text:CPU_IntDisMeasMaxCalc</name>
         <load_address>0x5a6c</load_address>
         <run_address>0x5a6c</run_address>
         <size>0x14</size>
         <input_file_ref idref="fl-1f"/>
      </object_component>
      <object_component id="oc-5b9">
         <name>.text:CPU_TS_TmrInit</name>
         <load_address>0x5a80</load_address>
         <run_address>0x5a80</run_address>
         <size>0x14</size>
         <input_file_ref idref="fl-40"/>
      </object_component>
      <object_component id="oc-2d8">
         <name>.text:OS_PrioInit</name>
         <load_address>0x5a94</load_address>
         <run_address>0x5a94</run_address>
         <size>0x14</size>
         <input_file_ref idref="fl-b"/>
      </object_component>
      <object_component id="oc-893">
         <name>.text:ProbeRS232_OS_Post</name>
         <load_address>0x5aa8</load_address>
         <run_address>0x5aa8</run_address>
         <size>0x14</size>
         <input_file_ref idref="fl-19"/>
      </object_component>
      <object_component id="oc-565">
         <name>.text:SysCtlDelay</name>
         <load_address>0x5abc</load_address>
         <run_address>0x5abc</run_address>
         <size>0x14</size>
         <input_file_ref idref="fl-36"/>
      </object_component>
      <object_component id="oc-28b">
         <name>.text</name>
         <load_address>0x5ad0</load_address>
         <run_address>0x5ad0</run_address>
         <size>0x14</size>
         <input_file_ref idref="fl-171"/>
      </object_component>
      <object_component id="oc-796">
         <name>.text</name>
         <load_address>0x5ae4</load_address>
         <run_address>0x5ae4</run_address>
         <size>0x14</size>
         <input_file_ref idref="fl-183"/>
      </object_component>
      <object_component id="oc-58d">
         <name>.text:GPIOPinTypeGPIOOutput</name>
         <load_address>0x5af8</load_address>
         <run_address>0x5af8</run_address>
         <size>0x12</size>
         <input_file_ref idref="fl-2d"/>
      </object_component>
      <object_component id="oc-581">
         <name>.text:GPIOPinTypeSSI</name>
         <load_address>0x5b0a</load_address>
         <run_address>0x5b0a</run_address>
         <size>0x12</size>
         <input_file_ref idref="fl-2d"/>
      </object_component>
      <object_component id="oc-6f9">
         <name>.text:GPIOPinTypeUART</name>
         <load_address>0x5b1c</load_address>
         <run_address>0x5b1c</run_address>
         <size>0x12</size>
         <input_file_ref idref="fl-2d"/>
      </object_component>
      <object_component id="oc-922">
         <name>.text:ProbeCom_StoINT16U</name>
         <load_address>0x5b2e</load_address>
         <run_address>0x5b2e</run_address>
         <size>0x12</size>
         <input_file_ref idref="fl-16"/>
      </object_component>
      <object_component id="oc-699">
         <name>.text:SSIDataGetNonBlocking</name>
         <load_address>0x5b40</load_address>
         <run_address>0x5b40</run_address>
         <size>0x12</size>
         <input_file_ref idref="fl-35"/>
      </object_component>
      <object_component id="oc-37a">
         <name>.text:CPU_Init</name>
         <load_address>0x5b52</load_address>
         <run_address>0x5b52</run_address>
         <size>0x10</size>
         <input_file_ref idref="fl-1f"/>
      </object_component>
      <object_component id="oc-468">
         <name>.text:CPU_TS_Init</name>
         <load_address>0x5b64</load_address>
         <run_address>0x5b64</run_address>
         <size>0x10</size>
         <input_file_ref idref="fl-1f"/>
      </object_component>
      <object_component id="oc-4e9">
         <name>.text:OSIdleTaskHook</name>
         <load_address>0x5b74</load_address>
         <run_address>0x5b74</run_address>
         <size>0x10</size>
         <input_file_ref idref="fl-15"/>
      </object_component>
      <object_component id="oc-511">
         <name>.text:OSStatTaskHook</name>
         <load_address>0x5b84</load_address>
         <run_address>0x5b84</run_address>
         <size>0x10</size>
         <input_file_ref idref="fl-15"/>
      </object_component>
      <object_component id="oc-34f">
         <name>.text:OSTaskCreateHook</name>
         <load_address>0x5b94</load_address>
         <run_address>0x5b94</run_address>
         <size>0x10</size>
         <input_file_ref idref="fl-15"/>
      </object_component>
      <object_component id="oc-668">
         <name>.text:OSTaskDelHook</name>
         <load_address>0x5ba4</load_address>
         <run_address>0x5ba4</run_address>
         <size>0x10</size>
         <input_file_ref idref="fl-15"/>
      </object_component>
      <object_component id="oc-558">
         <name>.text:OSTaskReturnHook</name>
         <load_address>0x5bb4</load_address>
         <run_address>0x5bb4</run_address>
         <size>0x10</size>
         <input_file_ref idref="fl-15"/>
      </object_component>
      <object_component id="oc-223">
         <name>.text:OSTimeTickHook</name>
         <load_address>0x5bc4</load_address>
         <run_address>0x5bc4</run_address>
         <size>0x10</size>
         <input_file_ref idref="fl-15"/>
      </object_component>
      <object_component id="oc-92e">
         <name>.text:ProbeCom_PktModifier</name>
         <load_address>0x5bd4</load_address>
         <run_address>0x5bd4</run_address>
         <size>0x10</size>
         <input_file_ref idref="fl-16"/>
      </object_component>
      <object_component id="oc-499">
         <name>.text:ProbeRS232_RxIntEn</name>
         <load_address>0x5be4</load_address>
         <run_address>0x5be4</run_address>
         <size>0x10</size>
         <input_file_ref idref="fl-1a"/>
      </object_component>
      <object_component id="oc-83a">
         <name>.text:ProbeRS232_TxIntDis</name>
         <load_address>0x5bf4</load_address>
         <run_address>0x5bf4</run_address>
         <size>0x10</size>
         <input_file_ref idref="fl-1a"/>
      </object_component>
      <object_component id="oc-88a">
         <name>.text:ProbeRS232_TxIntEn</name>
         <load_address>0x5c04</load_address>
         <run_address>0x5c04</run_address>
         <size>0x10</size>
         <input_file_ref idref="fl-1a"/>
      </object_component>
      <object_component id="oc-6ff">
         <name>.text:BSP_IntEn</name>
         <load_address>0x5c14</load_address>
         <run_address>0x5c14</run_address>
         <size>0xe</size>
         <input_file_ref idref="fl-3e"/>
      </object_component>
      <object_component id="oc-349">
         <name>.text:OS_MsgQInit</name>
         <load_address>0x5c22</load_address>
         <run_address>0x5c22</run_address>
         <size>0xe</size>
         <input_file_ref idref="fl-8"/>
      </object_component>
      <object_component id="oc-11">
         <name>.text:decompress:none</name>
         <load_address>0x5c30</load_address>
         <run_address>0x5c30</run_address>
         <size>0xe</size>
         <input_file_ref idref="fl-168"/>
      </object_component>
      <object_component id="oc-38c">
         <name>.text:CPU_TS_TmrFreqSet</name>
         <load_address>0x5c40</load_address>
         <run_address>0x5c40</run_address>
         <size>0xc</size>
         <input_file_ref idref="fl-1f"/>
      </object_component>
      <object_component id="oc-209">
         <name>.text:CPU_TS_TmrRd</name>
         <load_address>0x5c4c</load_address>
         <run_address>0x5c4c</run_address>
         <size>0xc</size>
         <input_file_ref idref="fl-40"/>
      </object_component>
      <object_component id="oc-5d3">
         <name>.text:ProbeCom_BufInit</name>
         <load_address>0x5c58</load_address>
         <run_address>0x5c58</run_address>
         <size>0xc</size>
         <input_file_ref idref="fl-16"/>
      </object_component>
      <object_component id="oc-82a">
         <name>.text:ProbeRS232_RxBufClr</name>
         <load_address>0x5c64</load_address>
         <run_address>0x5c64</run_address>
         <size>0xc</size>
         <input_file_ref idref="fl-17"/>
      </object_component>
      <object_component id="oc-834">
         <name>.text:ProbeRS232_Tx1</name>
         <load_address>0x5c70</load_address>
         <run_address>0x5c70</run_address>
         <size>0xc</size>
         <input_file_ref idref="fl-1a"/>
      </object_component>
      <object_component id="oc-6b7">
         <name>.text:SSIDataGet</name>
         <load_address>0x5c7c</load_address>
         <run_address>0x5c7c</run_address>
         <size>0xc</size>
         <input_file_ref idref="fl-35"/>
      </object_component>
      <object_component id="oc-1d">
         <name>.text:decompress:ZI</name>
         <load_address>0x5c88</load_address>
         <run_address>0x5c88</run_address>
         <size>0xc</size>
         <input_file_ref idref="fl-16a"/>
      </object_component>
      <object_component id="oc-75e">
         <name>.text:OS_PendListInit</name>
         <load_address>0x5c94</load_address>
         <run_address>0x5c94</run_address>
         <size>0xa</size>
         <input_file_ref idref="fl-3"/>
      </object_component>
      <object_component id="oc-980">
         <name>.text:ProbeCom_GetINT08U</name>
         <load_address>0x5c9e</load_address>
         <run_address>0x5c9e</run_address>
         <size>0xa</size>
         <input_file_ref idref="fl-16"/>
      </object_component>
      <object_component id="oc-928">
         <name>.text:ProbeCom_StoINT08U</name>
         <load_address>0x5ca8</load_address>
         <run_address>0x5ca8</run_address>
         <size>0xa</size>
         <input_file_ref idref="fl-16"/>
      </object_component>
      <object_component id="oc-6b1">
         <name>.text:SSIDataPut</name>
         <load_address>0x5cb2</load_address>
         <run_address>0x5cb2</run_address>
         <size>0xa</size>
         <input_file_ref idref="fl-35"/>
      </object_component>
      <object_component id="oc-687">
         <name>.text:SSIDisable</name>
         <load_address>0x5cbc</load_address>
[...]
      <symbol id="sm-bfc">
         <name>SSIConfigSetExpClk</name>
         <value>0x4ded</value>
         <object_component_ref idref="oc-68d"/>
      </symbol>
      <symbol id="sm-bfd">
         <name>SSIEnable</name>
         <value>0x5cc7</value>
         <object_component_ref idref="oc-693"/>
      </symbol>
      <symbol id="sm-bfe">
         <name>SSIDisable</name>
         <value>0x5cbd</value>
         <object_component_ref idref="oc-687"/>
      </symbol>
      <symbol id="sm-c85">
         <name>g_ulInlineCCSWorkaround</name>
         <value>0x200021e0</value>
      </symbol>
      <symbol id="sm-c86">
         <name>SysCtlClockSet</name>
         <value>0x2029</value>
         <object_component_ref idref="oc-449"/>
      </symbol>
      <symbol id="sm-c87">
         <name>SysCtlDelay</name>
         <value>0x5abd</value>
         <object_component_ref idref="oc-565"/>
      </symbol>
      <symbol id="sm-c88">
         <name>SysCtlPeripheralEnable</name>
         <value>0x57fd</value>
         <object_component_ref idref="oc-57b"/>
      </symbol>
      <symbol id="sm-c89">
         <name>SysCtlClockGet</name>
         <value>0x1879</value>
         <object_component_ref idref="oc-47b"/>
      </symbol>
      <symbol id="sm-c8a">
         <name>SysCtlPeripheralReset</name>
         <value>0x4e71</value>
         <object_component_ref idref="oc-6f3"/>
      </symbol>
      <symbol id="sm-cd5">
         <name>BSP_LED_Off</name>
         <value>0x5a59</value>
         <object_component_ref idref="oc-5b1"/>
      </symbol>
      <symbol id="sm-cd6">
         <name>BSP_Init</name>
         <value>0x556d</value>
         <object_component_ref idref="oc-374"/>
      </symbol>
      <symbol id="sm-cd7">
         <name>BSP_LED_Toggle</name>
         <value>0x5455</value>
         <object_component_ref idref="oc-3aa"/>
      </symbol>
      <symbol id="sm-cd8">
         <name>BSP_CPU_ClkFreq</name>
         <value>0x5da5</value>
         <object_component_ref idref="oc-380"/>
      </symbol>
      <symbol id="sm-e07">
         <name>BSP_IntHandlerWATCHDOG</name>
         <value>0x5d87</value>
         <object_component_ref idref="oc-ac"/>
      </symbol>
      <symbol id="sm-e08">
         <name>BSP_IntHandlerFLASH</name>
         <value>0x5d03</value>
         <object_component_ref idref="oc-e2"/>
      </symbol>
      <symbol id="sm-e09">
         <name>BSP_IntEn</name>
         <value>0x5c15</value>
         <object_component_ref idref="oc-6ff"/>
      </symbol>
      <symbol id="sm-e0a">
         <name>BSP_IntHandlerSYSCTL</name>
         <value>0x5d45</value>
         <object_component_ref idref="oc-dc"/>
      </symbol>
      <symbol id="sm-e0b">
         <name>BSP_IntHandlerCAN0</name>
         <value>0x5cf1</value>
         <object_component_ref idref="oc-100"/>
      </symbol>
      <symbol id="sm-e0c">
         <name>BSP_IntHandlerETH</name>
         <value>0x5cfd</value>
         <object_component_ref idref="oc-106"/>
      </symbol>
      <symbol id="sm-e0d">
         <name>BSP_IntHandlerADC2</name>
         <value>0x5ce5</value>
         <object_component_ref idref="oc-a0"/>
      </symbol>
      <symbol id="sm-e0e">
         <name>BSP_IntHandlerADC3</name>
         <value>0x5ceb</value>
         <object_component_ref idref="oc-a6"/>
      </symbol>
      <symbol id="sm-e0f">
         <name>BSP_IntHandlerADC0</name>
         <value>0x5cd9</value>
         <object_component_ref idref="oc-94"/>
      </symbol>
      <symbol id="sm-e10">
         <name>BSP_IntHandlerADC1</name>
         <value>0x5cdf</value>
         <object_component_ref idref="oc-9a"/>
      </symbol>
      <symbol id="sm-e11">
         <name>BSP_IntHandlerTIMER2B</name>
         <value>0x5d69</value>
         <object_component_ref idref="oc-d0"/>
      </symbol>
      <symbol id="sm-e12">
         <name>BSP_IntHandlerTIMER2A</name>
         <value>0x5d63</value>
         <object_component_ref idref="oc-ca"/>
      </symbol>
      <symbol id="sm-e13">
         <name>BSP_IntHandlerTIMER3B</name>
         <value>0x5d75</value>
         <object_component_ref idref="oc-fa"/>
      </symbol>
      <symbol id="sm-e14">
         <name>BSP_IntHandlerTIMER3A</name>
         <value>0x5d6f</value>
         <object_component_ref idref="oc-f4"/>
      </symbol>
      <symbol id="sm-e15">
         <name>BSP_IntHandlerTIMER0B</name>
         <value>0x5d51</value>
         <object_component_ref idref="oc-b8"/>
      </symbol>
      <symbol id="sm-e16">
         <name>BSP_IntHandlerTIMER0A</name>
         <value>0x5d4b</value>
         <object_component_ref idref="oc-b2"/>
      </symbol>
      <symbol id="sm-e17">
         <name>BSP_IntHandlerI2C0</name>
         <value>0x5d39</value>
         <object_component_ref idref="oc-8e"/>
      </symbol>
      <symbol id="sm-e18">
         <name>BSP_IntHandlerTIMER1B</name>
         <value>0x5d5d</value>
         <object_component_ref idref="oc-c4"/>
      </symbol>
      <symbol id="sm-e19">
         <name>BSP_IntHandlerTIMER1A</name>
         <value>0x5d57</value>
         <object_component_ref idref="oc-be"/>
      </symbol>
      <symbol id="sm-e1a">
         <name>BSP_IntHandlerUART0</name>
         <value>0x5d7b</value>
         <object_component_ref idref="oc-7c"/>
      </symbol>
      <symbol id="sm-e1b">
         <name>BSP_IntHandlerUART1</name>
         <value>0x5d81</value>
         <object_component_ref idref="oc-82"/>
      </symbol>
      <symbol id="sm-e1c">
         <name>BSP_IntHandlerSSI0</name>
         <value>0x5d3f</value>
         <object_component_ref idref="oc-88"/>
      </symbol>
      <symbol id="sm-e1d">
         <name>BSP_IntHandlerCOMP0</name>
         <value>0x5cf7</value>
         <object_component_ref idref="oc-d6"/>
      </symbol>
      <symbol id="sm-e1e">
         <name>BSP_IntInit</name>
         <value>0x58f5</value>
         <object_component_ref idref="oc-44f"/>
      </symbol>
      <symbol id="sm-e1f">
         <name>BSP_IntHandlerHIBERNATE</name>
         <value>0x5d33</value>
         <object_component_ref idref="oc-10c"/>
      </symbol>
      <symbol id="sm-e20">
         <name>BSP_IntVectSet</name>
         <value>0x5351</value>
         <object_component_ref idref="oc-56e"/>
      </symbol>
      <symbol id="sm-e21">
         <name>BSP_IntHandlerGPIOC</name>
         <value>0x5d15</value>
         <object_component_ref idref="oc-6a"/>
      </symbol>
      <symbol id="sm-e22">
         <name>BSP_IntHandlerGPIOB</name>
         <value>0x5d0f</value>
         <object_component_ref idref="oc-64"/>
      </symbol>
      <symbol id="sm-e23">
         <name>BSP_IntHandlerGPIOA</name>
         <value>0x5d09</value>
         <object_component_ref idref="oc-5e"/>
      </symbol>
      <symbol id="sm-e24">
         <name>BSP_IntHandlerGPIOG</name>
         <value>0x5d2d</value>
         <object_component_ref idref="oc-ee"/>
      </symbol>
      <symbol id="sm-e25">
         <name>BSP_IntHandlerGPIOF</name>
         <value>0x5d27</value>
         <object_component_ref idref="oc-e8"/>
      </symbol>
      <symbol id="sm-e26">
         <name>BSP_IntHandlerGPIOE</name>
         <value>0x5d21</value>
         <object_component_ref idref="oc-76"/>
      </symbol>
      <symbol id="sm-e27">
         <name>BSP_IntHandlerGPIOD</name>
         <value>0x5d1b</value>
         <object_component_ref idref="oc-70"/>
      </symbol>
      <symbol id="sm-e3e">
         <name>CPU_TS_TmrInit</name>
         <value>0x5a81</value>
         <object_component_ref idref="oc-5b9"/>
      </symbol>
      <symbol id="sm-e3f">
         <name>CPU_TS_TmrRd</name>
         <value>0x5c4d</value>
         <object_component_ref idref="oc-209"/>
      </symbol>
      <symbol id="sm-ec8">
         <name>RIT128x96x4StringDraw</name>
         <value>0x295d</value>
         <object_component_ref idref="oc-611"/>
      </symbol>
      <symbol id="sm-ec9">
         <name>RIT128x96x4Enable</name>
         <value>0x46e5</value>
         <object_component_ref idref="oc-593"/>
      </symbol>
      <symbol id="sm-eca">
         <name>RIT128x96x4Clear</name>
         <value>0x4c01</value>
         <object_component_ref idref="oc-599"/>
      </symbol>
      <symbol id="sm-ecb">
         <name>RIT128x96x4Init</name>
         <value>0x3d29</value>
         <object_component_ref idref="oc-455"/>
      </symbol>
      <symbol id="sm-edb">
         <name>_c_int00</name>
         <value>0x4fa5</value>
         <object_component_ref idref="oc-23"/>
      </symbol>
      <symbol id="sm-edc">
         <name>__stack</name>
         <value>0x2000235c</value>
         <object_component_ref idref="oc-28"/>
      </symbol>
      <symbol id="sm-ef3">
         <name>__TI_decompress_none</name>
         <value>0x5c31</value>
         <object_component_ref idref="oc-11"/>
      </symbol>
      <symbol id="sm-f1b">
         <name>__TI_decompress_rle24</name>
         <value>0x5d9f</value>
         <object_component_ref idref="oc-17"/>
      </symbol>
      <symbol id="sm-f2d">
         <name>__TI_zero_init</name>
         <value>0x5c89</value>
         <object_component_ref idref="oc-1d"/>
      </symbol>
      <symbol id="sm-f4c">
         <name>C$$EXIT</name>
         <value>0x4da9</value>
         <object_component_ref idref="oc-14c"/>
      </symbol>
      <symbol id="sm-f4d">
         <name>abort</name>
         <value>0x4dad</value>
         <object_component_ref idref="oc-14c"/>
      </symbol>
      <symbol id="sm-f4e">
         <name>exit</name>
         <value>0x4db5</value>
         <object_component_ref idref="oc-14c"/>
      </symbol>
      <symbol id="sm-f4f">
         <name>__TI_dtors_ptr</name>
         <value>0x20002344</value>
         <object_component_ref idref="oc-1f3"/>
      </symbol>
      <symbol id="sm-f50">
         <name>__TI_cleanup_ptr</name>
         <value>0x20002340</value>
         <object_component_ref idref="oc-1f3"/>
      </symbol>
      <symbol id="sm-f6b">
         <name>memcpy</name>
         <value>0x377d</value>
         <object_component_ref idref="oc-115"/>
      </symbol>
      <symbol id="sm-f6c">
         <name>__aeabi_memcpy</name>
         <value>0x377d</value>
         <object_component_ref idref="oc-115"/>
      </symbol>
      <symbol id="sm-f6d">
         <name>__aeabi_memcpy8</name>
         <value>0x377d</value>
         <object_component_ref idref="oc-115"/>
      </symbol>
      <symbol id="sm-f6e">
         <name>__aeabi_memcpy4</name>
         <value>0x377d</value>
         <object_component_ref idref="oc-115"/>
      </symbol>
      <symbol id="sm-f7d">
         <name>__aeabi_memset</name>
         <value>0x403f</value>
         <object_component_ref idref="oc-12e"/>
      </symbol>
      <symbol id="sm-f7e">
         <name>memset</name>
         <value>0x4045</value>
         <object_component_ref idref="oc-12e"/>
      </symbol>
      <symbol id="sm-f7f">
         <name>__aeabi_memset8</name>
         <value>0x403f</value>
         <object_component_ref idref="oc-12e"/>
      </symbol>
      <symbol id="sm-f80">
         <name>__aeabi_memset4</name>
         <value>0x403f</value>
         <object_component_ref idref="oc-12e"/>
      </symbol>
      <symbol id="sm-f81">
         <name>__aeabi_memclr8</name>
         <value>0x403d</value>
         <object_component_ref idref="oc-12e"/>
      </symbol>
      <symbol id="sm-f82">
         <name>__aeabi_memclr4</name>
         <value>0x403d</value>
         <object_component_ref idref="oc-12e"/>
      </symbol>
      <symbol id="sm-f83">
         <name>__aeabi_memclr</name>
         <value>0x403d</value>
         <object_component_ref idref="oc-12e"/>
      </symbol>
      <symbol id="sm-f8d">
         <name>_system_pre_init</name>
         <value>0x5db5</value>
         <object_component_ref idref="oc-13a"/>
      </symbol>
      <symbol id="sm-fa6">
         <name>sprintf</name>
         <value>0x45cd</value>
         <object_component_ref idref="oc-60b"/>
      </symbol>
      <symbol id="sm-fae">
         <name>main_func_sp</name>
         <value>0x20002354</value>
         <object_component_ref idref="oc-152"/>
      </symbol>
      <symbol id="sm-fc7">
         <name>_nop</name>
         <value>0x5adf</value>
         <object_component_ref idref="oc-28b"/>
      </symbol>
      <symbol id="sm-fc8">
         <name>_lock</name>
         <value>0x20002338</value>
         <object_component_ref idref="oc-1f0"/>
      </symbol>
      <symbol id="sm-fc9">
         <name>_unlock</name>
         <value>0x2000233c</value>
         <object_component_ref idref="oc-1f0"/>
      </symbol>
      <symbol id="sm-fca">
         <name>_register_lock</name>
         <value>0x5ad7</value>
         <object_component_ref idref="oc-28b"/>
      </symbol>
      <symbol id="sm-fcb">
         <name>_register_unlock</name>
         <value>0x5ad1</value>
         <object_component_ref idref="oc-28b"/>
      </symbol>
      <symbol id="sm-10d0">
         <name>__TI_printfi</name>
         <value>0xeb1</value>
         <object_component_ref idref="oc-70f"/>
      </symbol>
      <symbol id="sm-10e5">
         <name>_args_main</name>
         <value>0x5a15</value>
         <object_component_ref idref="oc-146"/>
      </symbol>
      <symbol id="sm-10fb">
         <name>atoi</name>
         <value>0x4a49</value>
         <object_component_ref idref="oc-7e3"/>
      </symbol>
      <symbol id="sm-1121">
         <name>__TI_auto_init</name>
         <value>0x43cd</value>
         <object_component_ref idref="oc-140"/>
      </symbol>
      <symbol id="sm-113b">
         <name>copy_in</name>
         <value>0x4a95</value>
         <object_component_ref idref="oc-1e0"/>
      </symbol>
      <symbol id="sm-1146">
         <name>_ctypes_</name>
         <value>0x5f98</value>
         <object_component_ref idref="oc-86d"/>
      </symbol>
      <symbol id="sm-116a">
         <name>__aeabi_dsub</name>
         <value>0x13ab</value>
         <object_component_ref idref="oc-7c0"/>
      </symbol>
      <symbol id="sm-116b">
         <name>__aeabi_dadd</name>
         <value>0x13b5</value>
         <object_component_ref idref="oc-7c0"/>
      </symbol>
      <symbol id="sm-1192">
         <name>__aeabi_cdcmpeq</name>
         <value>0x3db1</value>
         <object_component_ref idref="oc-79c"/>
      </symbol>
      <symbol id="sm-1193">
         <name>__aeabi_cdcmple</name>
         <value>0x3db1</value>
         <object_component_ref idref="oc-79c"/>
      </symbol>
      <symbol id="sm-1194">
         <name>__aeabi_cdrcmple</name>
         <value>0x3e37</value>
         <object_component_ref idref="oc-7ab"/>
      </symbol>
      <symbol id="sm-11b4">
         <name>__aeabi_ddiv</name>
         <value>0x1dc1</value>
         <object_component_ref idref="oc-7a6"/>
      </symbol>
      <symbol id="sm-11cb">
         <name>__aeabi_dmul</name>
         <value>0x24a5</value>
         <object_component_ref idref="oc-7a1"/>
      </symbol>
      <symbol id="sm-11d9">
         <name>__aeabi_d2iz</name>
         <value>0x4c49</value>
         <object_component_ref idref="oc-7b0"/>
      </symbol>
      <symbol id="sm-11e6">
         <name>frexp</name>
         <value>0x56f9</value>
         <object_component_ref idref="oc-7c5"/>
      </symbol>
      <symbol id="sm-11f2">
         <name>__aeabi_i2d</name>
         <value>0x52f5</value>
         <object_component_ref idref="oc-7bb"/>
      </symbol>
      <symbol id="sm-1203">
         <name>ldexp</name>
         <value>0x4cd9</value>
         <object_component_ref idref="oc-7cb"/>
      </symbol>
      <symbol id="sm-1212">
         <name>ltoa</name>
         <value>0x48a5</value>
         <object_component_ref idref="oc-7b5"/>
      </symbol>
      <symbol id="sm-1222">
         <name>memccpy</name>
         <value>0x58c3</value>
         <object_component_ref idref="oc-7dd"/>
      </symbol>
      <symbol id="sm-1232">
         <name>strchr</name>
         <value>0x5a43</value>
         <object_component_ref idref="oc-7d1"/>
      </symbol>
      <symbol id="sm-1240">
         <name>strlen</name>
         <value>0x5ae5</value>
         <object_component_ref idref="oc-796"/>
      </symbol>
      <symbol id="sm-126a">
         <name>__aeabi_uldivmod</name>
         <value>0x11b7</value>
         <object_component_ref idref="oc-791"/>
      </symbol>
      <symbol id="sm-1278">
         <name>_Dclass</name>
         <value>0x5429</value>
         <object_component_ref idref="oc-7d7"/>
      </symbol>
      <symbol id="sm-1299">
         <name>_Dscale</name>
         <value>0x2395</value>
         <object_component_ref idref="oc-859"/>
      </symbol>
      <symbol id="sm-12ad">
         <name>_Dunscale</name>
         <value>0x44a3</value>
         <object_component_ref idref="oc-851"/>
      </symbol>
      <symbol id="sm-12bc">
         <name>_Feraise</name>
         <value>0x52c5</value>
         <object_component_ref idref="oc-85f"/>
      </symbol>
      <symbol id="sm-12cc">
         <name>_Rteps</name>
         <value>0x20002318</value>
         <object_component_ref idref="oc-8af"/>
      </symbol>
      <symbol id="sm-12cd">
         <name>_Zero</name>
         <value>0x20002330</value>
         <object_component_ref idref="oc-8af"/>
      </symbol>
      <symbol id="sm-12ce">
         <name>_Hugeval</name>
         <value>0x200022d8</value>
         <object_component_ref idref="oc-8af"/>
      </symbol>
      <symbol id="sm-12cf">
         <name>_Snan</name>
         <value>0x20002308</value>
         <object_component_ref idref="oc-8af"/>
      </symbol>
      <symbol id="sm-12d0">
         <name>_Nan</name>
         <value>0x200022f8</value>
         <object_component_ref idref="oc-8af"/>
      </symbol>
      <symbol id="sm-12d1">
         <name>_Inf</name>
         <value>0x200022e8</value>
         <object_component_ref idref="oc-8af"/>
      </symbol>
      <symbol id="sm-12d2">
         <name>_Xbig</name>
         <value>0x20002328</value>
         <object_component_ref idref="oc-8af"/>
      </symbol>
      <symbol id="sm-12d3">
         <name>_Eps</name>
         <value>0x200022c8</value>
         <object_component_ref idref="oc-8af"/>
      </symbol>
      <symbol id="sm-12d4">
         <name>_Denorm</name>
         <value>0x200022b8</value>
         <object_component_ref idref="oc-8af"/>
      </symbol>
      <symbol id="sm-12dc">
         <name>_Errno</name>
         <value>0x20002350</value>
         <object_component_ref idref="oc-8ba"/>
      </symbol>
      <symbol id="sm-12fa">
         <name>feraiseexcept</name>
         <value>0x51cd</value>
         <object_component_ref idref="oc-8b4"/>
      </symbol>
      <symbol id="sm-12fb">
         <name>_Tls_setup__Fenv</name>
         <value>0x2000234c</value>
         <object_component_ref idref="oc-91a"/>
      </symbol>
      <symbol id="sm-12fc">
         <name>_Fenv</name>
         <value>0x20002348</value>
         <object_component_ref idref="oc-91a"/>
      </symbol>
      <symbol id="sm-1310">
         <name>raise</name>
         <value>0x5323</value>
         <object_component_ref idref="oc-914"/>
      </symbol>
      <symbol id="sm-132a">
         <name>signal</name>
         <value>0x4eb1</value>
         <object_component_ref idref="oc-963"/>
      </symbol>
      <symbol id="sm-133f">
         <name>_Dnorm</name>
         <value>0x2d87</value>
         <object_component_ref idref="oc-8a5"/>
      </symbol>
      <symbol id="sm-1340">
         <name>__TI_static_base__</name>
         <value>0x0</value>
      </symbol>
      <symbol id="sm-1343">
         <name>SHT$$INIT_ARRAY$$Limit</name>
         <value>0x0</value>
      </symbol>
      <symbol id="sm-1344">
         <name>SHT$$INIT_ARRAY$$Base</name>
         <value>0x0</value>
      </symbol>
      <symbol id="sm-1345">
         <name>BSP_IntDisAll</name>
         <value>0x53ff</value>
      </symbol>
   </symbol_table>
   <title>Link successful</title>
</link_info>
