<?xml version="1.0"?>
<link_info>
   <banner>TI ARM Linker Unix v15.9.0.STS</banner>
   <copyright>Copyright (c) 1996-2015 Texas Instruments Incorporated</copyright>
   <link_time>0x563a2197</link_time>
   <link_errors>0x0</link_errors>
   <output_file>graphics.out</output_file>
   <entry_point>
      <name>_c_int00</name>
      <address>0x332d</address>
   </entry_point>
   <input_file_list>
      <input_file id="fl-2">
         <path>./</path>
         <kind>object</kind>
         <file>can_net.obj</file>
         <name>can_net.obj</name>
      </input_file>
      <input_file id="fl-3">
         <path>./</path>
         <kind>object</kind>
         <file>dame.obj</file>
         <name>dame.obj</name>
      </input_file>
      <input_file id="fl-4">
         <path>./</path>
         <kind>object</kind>
         <file>graphics.obj</file>
         <name>graphics.obj</name>
      </input_file>
      <input_file id="fl-5">
         <path>./</path>
         <kind>object</kind>
         <file>main.obj</file>
         <name>main.obj</name>
      </input_file>
      <input_file id="fl-6">
         <path>./</path>
         <kind>object</kind>
         <file>random.obj</file>
         <name>random.obj</name>
      </input_file>
      <input_file id="fl-7">
         <path>./</path>
         <kind>object</kind>
         <file>startup_ccs.obj</file>
         <name>startup_ccs.obj</name>
      </input_file>
      <input_file id="fl-8">
         <path>./libs/drivers/</path>
         <kind>object</kind>
         <file>rit128x96x4.obj</file>
         <name>rit128x96x4.obj</name>
      </input_file>
      <input_file id="fl-9">
         <path>./libs/driverlib/</path>
         <kind>object</kind>
         <file>adc.obj</file>
         <name>adc.obj</name>
      </input_file>
      <input_file id="fl-a">
         <path>./libs/driverlib/</path>
         <kind>object</kind>
         <file>can.obj</file>
         <name>can.obj</name>
      </input_file>
      <input_file id="fl-b">
         <path>./libs/driverlib/</path>
         <kind>object</kind>
         <file>comp.obj</file>
         <name>comp.obj</name>
      </input_file>
      <input_file id="fl-c">
         <path>./libs/driverlib/</path>
         <kind>object</kind>
         <file>cpu.obj</file>
         <name>cpu.obj</name>
      </input_file>
      <input_file id="fl-d">
         <path>./libs/driverlib/</path>
         <kind>object</kind>
         <file>epi.obj</file>
         <name>epi.obj</name>
      </input_file>
      <input_file id="fl-e">
         <path>./libs/driverlib/</path>
         <kind>object</kind>
         <file>ethernet.obj</file>
         <name>ethernet.obj</name>
      </input_file>
      <input_file id="fl-f">
         <path>./libs/driverlib/</path>
         <kind>object</kind>
         <file>flash.obj</file>
         <name>flash.obj</name>
      </input_file>
      <input_file id="fl-10">
         <path>./libs/driverlib/</path>
         <kind>object</kind>
         <file>gpio.obj</file>
         <name>gpio.obj</name>
      </input_file>
      <input_file id="fl-11">
         <path>./libs/driverlib/</path>
         <kind>object</kind>
         <file>hibernate.obj</file>
         <name>hibernate.obj</name>
      </input_file>
      <input_file id="fl-12">
         <path>./libs/driverlib/</path>
         <kind>object</kind>
         <file>i2c.obj</file>
         <name>i2c.obj</name>
      </input_file>
      <input_file id="fl-13">
         <path>./libs/driverlib/</path>
         <kind>object</kind>
         <file>i2s.obj</file>
         <name>i2s.obj</name>
      </input_file>
      <input_file id="fl-14">
         <path>./libs/driverlib/</path>
         <kind>object</kind>
         <file>interrupt.obj</file>
         <name>interrupt.obj</name>
      </input_file>
      <input_file id="fl-15">
         <path>./libs/driverlib/</path>
         <kind>object</kind>
         <file>mpu.obj</file>
         <name>mpu.obj</name>
      </input_file>
      <input_file id="fl-16">
         <path>./libs/driverlib/</path>
         <kind>object</kind>
         <file>pwm.obj</file>
         <name>pwm.obj</name>
      </input_file>
      <input_file id="fl-17">
         <path>./libs/driverlib/</path>
         <kind>object</kind>
         <file>qei.obj</file>
         <name>qei.obj</name>
      </input_file>
      <input_file id="fl-18">
         <path>./libs/driverlib/</path>
         <kind>object</kind>
         <file>ssi.obj</file>
         <name>ssi.obj</name>
      </input_file>
      <input_file id="fl-19">
         <path>./libs/driverlib/</path>
         <kind>object</kind>
         <file>sysctl.obj</file>
         <name>sysctl.obj</name>
      </input_file>
      <input_file id="fl-1a">
         <path>./libs/driverlib/</path>
         <kind>object</kind>
         <file>systick.obj</file>
         <name>systick.obj</name>
      </input_file>
      <input_file id="fl-1b">
         <path>./libs/driverlib/</path>
         <kind>object</kind>
         <file>timer.obj</file>
         <name>timer.obj</name>
      </input_file>
      <input_file id="fl-1c">
         <path>./libs/driverlib/</path>
         <kind>object</kind>
         <file>uart.obj</file>
         <name>uart.obj</name>
      </input_file>
      <input_file id="fl-1d">
         <path>./libs/driverlib/</path>
         <kind>object</kind>
         <file>udma.obj</file>
         <name>udma.obj</name>
      </input_file>
      <input_file id="fl-1e">
         <path>./libs/driverlib/</path>
         <kind>object</kind>
         <file>usb.obj</file>
         <name>usb.obj</name>
      </input_file>
      <input_file id="fl-1f">
         <path>./libs/driverlib/</path>
         <kind>object</kind>
         <file>watchdog.obj</file>
         <name>watchdog.obj</name>
      </input_file>
      <input_file id="fl-28">
         <path>/opt/ti/ccsv6/tools/compiler/ti-cgt-arm_15.9.0.STS/lib/</path>
         <kind>archive</kind>
         <file>rtsv7M3_T_le_eabi.lib</file>
         <name>boot.obj</name>
      </input_file>
      <input_file id="fl-29">
         <path>/opt/ti/ccsv6/tools/compiler/ti-cgt-arm_15.9.0.STS/lib/</path>
         <kind>archive</kind>
         <file>rtsv7M3_T_le_eabi.lib</file>
         <name>copy_decompress_none.obj</name>
      </input_file>
      <input_file id="fl-2a">
         <path>/opt/ti/ccsv6/tools/compiler/ti-cgt-arm_15.9.0.STS/lib/</path>
         <kind>archive</kind>
         <file>rtsv7M3_T_le_eabi.lib</file>
         <name>copy_decompress_rle.obj</name>
      </input_file>
      <input_file id="fl-2b">
         <path>/opt/ti/ccsv6/tools/compiler/ti-cgt-arm_15.9.0.STS/lib/</path>
         <kind>archive</kind>
         <file>rtsv7M3_T_le_eabi.lib</file>
         <name>copy_zero_init.obj</name>
      </input_file>
      <input_file id="fl-2c">
         <path>/opt/ti/ccsv6/tools/compiler/ti-cgt-arm_15.9.0.STS/lib/</path>
         <kind>archive</kind>
         <file>rtsv7M3_T_le_eabi.lib</file>
         <name>exit.obj</name>
      </input_file>
      <input_file id="fl-2d">
         <path>/opt/ti/ccsv6/tools/compiler/ti-cgt-arm_15.9.0.STS/lib/</path>
         <kind>archive</kind>
         <file>rtsv7M3_T_le_eabi.lib</file>
         <name>fd_mul_t2.obj</name>
      </input_file>
      <input_file id="fl-2e">
         <path>/opt/ti/ccsv6/tools/compiler/ti-cgt-arm_15.9.0.STS/lib/</path>
         <kind>archive</kind>
         <file>rtsv7M3_T_le_eabi.lib</file>
         <name>fd_toi_t2.obj</name>
      </input_file>
      <input_file id="fl-2f">
         <path>/opt/ti/ccsv6/tools/compiler/ti-cgt-arm_15.9.0.STS/lib/</path>
         <kind>archive</kind>
         <file>rtsv7M3_T_le_eabi.lib</file>
         <name>i_tofd_t2.obj</name>
      </input_file>
      <input_file id="fl-30">
         <path>/opt/ti/ccsv6/tools/compiler/ti-cgt-arm_15.9.0.STS/lib/</path>
         <kind>archive</kind>
         <file>rtsv7M3_T_le_eabi.lib</file>
         <name>memcpy_t2.obj</name>
      </input_file>
      <input_file id="fl-31">
         <path>/opt/ti/ccsv6/tools/compiler/ti-cgt-arm_15.9.0.STS/lib/</path>
         <kind>archive</kind>
         <file>rtsv7M3_T_le_eabi.lib</file>
         <name>memset_t2.obj</name>
      </input_file>
      <input_file id="fl-32">
         <path>/opt/ti/ccsv6/tools/compiler/ti-cgt-arm_15.9.0.STS/lib/</path>
         <kind>archive</kind>
         <file>rtsv7M3_T_le_eabi.lib</file>
         <name>pre_init.obj</name>
      </input_file>
      <input_file id="fl-33">
         <path>/opt/ti/ccsv6/tools/compiler/ti-cgt-arm_15.9.0.STS/lib/</path>
         <kind>archive</kind>
         <file>rtsv7M3_T_le_eabi.lib</file>
         <name>stkdepth_vars.obj</name>
      </input_file>
      <input_file id="fl-34">
         <path>/opt/ti/ccsv6/tools/compiler/ti-cgt-arm_15.9.0.STS/lib/</path>
         <kind>archive</kind>
         <file>rtsv7M3_T_le_eabi.lib</file>
         <name>_lock.obj</name>
      </input_file>
      <input_file id="fl-35">
         <path>/opt/ti/ccsv6/tools/compiler/ti-cgt-arm_15.9.0.STS/lib/</path>
         <kind>archive</kind>
         <file>rtsv7M3_T_le_eabi.lib</file>
         <name>args_main.obj</name>
      </input_file>
      <input_file id="fl-36">
         <path>/opt/ti/ccsv6/tools/compiler/ti-cgt-arm_15.9.0.STS/lib/</path>
         <kind>archive</kind>
         <file>rtsv7M3_T_le_eabi.lib</file>
         <name>autoinit.obj</name>
      </input_file>
      <input_file id="fl-37">
         <path>/opt/ti/ccsv6/tools/compiler/ti-cgt-arm_15.9.0.STS/lib/</path>
         <kind>archive</kind>
         <file>rtsv7M3_T_le_eabi.lib</file>
         <name>cpy_tbl.obj</name>
      </input_file>
   </input_file_list>
   <object_component_list>
      <object_component id="oc-e">
         <name>.intvecs</name>
         <load_address>0x0</load_address>
         <run_address>0x0</run_address>
         <size>0xf0</size>
         <input_file_ref idref="fl-7"/>
      </object_component>
      <object_component id="oc-26b">
         <name>.text:initPitch</name>
         <load_address>0xf0</load_address>
         <run_address>0xf0</run_address>
         <size>0x2e6</size>
         <input_file_ref idref="fl-3"/>
      </object_component>
      <object_component id="oc-306">
         <name>.text:CANMessageSet</name>
         <load_address>0x3d6</load_address>
         <run_address>0x3d6</run_address>
         <size>0x2b2</size>
         <input_file_ref idref="fl-a"/>
      </object_component>
      <object_component id="oc-355">
         <name>.text:validMove</name>
         <load_address>0x688</load_address>
         <run_address>0x688</run_address>
         <size>0x268</size>
         <input_file_ref idref="fl-3"/>
      </object_component>
      <object_component id="oc-16e">
         <name>.text:SysCtlClockGet</name>
         <load_address>0x8f0</load_address>
         <run_address>0x8f0</run_address>
         <size>0x264</size>
         <input_file_ref idref="fl-19"/>
      </object_component>
      <object_component id="oc-ba">
         <name>.text:CANMessageGet</name>
         <load_address>0xb54</load_address>
         <run_address>0xb54</run_address>
         <size>0x220</size>
         <input_file_ref idref="fl-a"/>
      </object_component>
      <object_component id="oc-322">
         <name>.text:drawLine</name>
         <load_address>0xd74</load_address>
         <run_address>0xd74</run_address>
         <size>0x1e8</size>
         <input_file_ref idref="fl-4"/>
      </object_component>
      <object_component id="oc-295">
         <name>.text:movePossible</name>
         <load_address>0xf5c</load_address>
         <run_address>0xf5c</run_address>
         <size>0x194</size>
         <input_file_ref idref="fl-3"/>
      </object_component>
      <object_component id="oc-283">
         <name>.text:drawPitch</name>
         <load_address>0x10f0</load_address>
         <run_address>0x10f0</run_address>
         <size>0x184</size>
         <input_file_ref idref="fl-3"/>
      </object_component>
      <object_component id="oc-186">
         <name>.text:GPIOPadConfigSet</name>
         <load_address>0x1274</load_address>
         <run_address>0x1274</run_address>
         <size>0x166</size>
         <input_file_ref idref="fl-10"/>
      </object_component>
      <object_component id="oc-36">
         <name>.text:FaultISR</name>
         <load_address>0x13da</load_address>
         <run_address>0x13da</run_address>
         <size>0x2</size>
         <input_file_ref idref="fl-7"/>
      </object_component>
      <object_component id="oc-42">
         <name>.text:SysTickIntHandler</name>
         <load_address>0x13dc</load_address>
         <run_address>0x13dc</run_address>
         <size>0x150</size>
         <input_file_ref idref="fl-5"/>
      </object_component>
      <object_component id="oc-32d">
         <name>.text:drawSelectedField</name>
         <load_address>0x152c</load_address>
         <run_address>0x152c</run_address>
         <size>0x148</size>
         <input_file_ref idref="fl-3"/>
      </object_component>
      <object_component id="oc-271">
         <name>.text:initPlayers</name>
         <load_address>0x1674</load_address>
         <run_address>0x1674</run_address>
         <size>0x144</size>
         <input_file_ref idref="fl-3"/>
      </object_component>
      <object_component id="oc-29b">
         <name>.text:selectHandler</name>
         <load_address>0x17b8</load_address>
         <run_address>0x17b8</run_address>
         <size>0x128</size>
         <input_file_ref idref="fl-3"/>
      </object_component>
      <object_component id="oc-1aa">
         <name>.text:startGame</name>
         <load_address>0x18e0</load_address>
         <run_address>0x18e0</run_address>
         <size>0x11c</size>
         <input_file_ref idref="fl-3"/>
      </object_component>
      <object_component id="oc-9c">
         <name>.text:GPIO_Pin_Handler</name>
         <load_address>0x19fc</load_address>
         <run_address>0x19fc</run_address>
         <size>0x118</size>
         <input_file_ref idref="fl-5"/>
      </object_component>
      <object_component id="oc-3b8">
         <name>.text:updateScorboard</name>
         <load_address>0x1b14</load_address>
         <run_address>0x1b14</run_address>
         <size>0x100</size>
         <input_file_ref idref="fl-3"/>
      </object_component>
      <object_component id="oc-39b">
         <name>.text</name>
         <load_address>0x1c14</load_address>
         <run_address>0x1c14</run_address>
         <size>0xfc</size>
         <input_file_ref idref="fl-2d"/>
      </object_component>
      <object_component id="oc-260">
         <name>.text:CANConfigureNetwork</name>
         <load_address>0x1d10</load_address>
         <run_address>0x1d10</run_address>
         <size>0xf4</size>
         <input_file_ref idref="fl-2"/>
      </object_component>
      <object_component id="oc-24e">
         <name>.text:CANBitRateSet</name>
         <load_address>0x1e04</load_address>
         <run_address>0x1e04</run_address>
         <size>0xdc</size>
         <input_file_ref idref="fl-a"/>
      </object_component>
      <object_component id="oc-fa">
         <name>.text:main</name>
         <load_address>0x1ee0</load_address>
         <run_address>0x1ee0</run_address>
         <size>0xdc</size>
         <input_file_ref idref="fl-5"/>
      </object_component>
      <object_component id="oc-289">
         <name>.text:GPIO_Handler</name>
         <load_address>0x1fbc</load_address>
         <run_address>0x1fbc</run_address>
         <size>0xd4</size>
         <input_file_ref idref="fl-3"/>
      </object_component>
      <object_component id="oc-48">
         <name>.text:CANHandler</name>
         <load_address>0x2090</load_address>
         <run_address>0x2090</run_address>
         <size>0xc0</size>
         <input_file_ref idref="fl-2"/>
      </object_component>
      <object_component id="oc-174">
         <name>.text:RIT128x96x4Init</name>
         <load_address>0x2150</load_address>
         <run_address>0x2150</run_address>
         <size>0xc0</size>
         <input_file_ref idref="fl-8"/>
      </object_component>
      <object_component id="oc-277">
         <name>.text:drawScoreDisplay</name>
         <load_address>0x2210</load_address>
         <run_address>0x2210</run_address>
         <size>0xb8</size>
         <input_file_ref idref="fl-3"/>
      </object_component>
      <object_component id="oc-333">
         <name>.text:drawSelection</name>
         <load_address>0x22c8</load_address>
         <run_address>0x22c8</run_address>
         <size>0xb0</size>
         <input_file_ref idref="fl-3"/>
      </object_component>
      <object_component id="oc-315">
         <name>.text:setPlayerStones</name>
         <load_address>0x2378</load_address>
         <run_address>0x2378</run_address>
         <size>0xa8</size>
         <input_file_ref idref="fl-3"/>
      </object_component>
      <object_component id="oc-248">
         <name>.text:CANInit</name>
         <load_address>0x2420</load_address>
         <run_address>0x2420</run_address>
         <size>0xa2</size>
         <input_file_ref idref="fl-a"/>
      </object_component>
      <object_component id="oc-c0">
         <name>.text:CANStatusGet</name>
         <load_address>0x24c2</load_address>
         <run_address>0x24c2</run_address>
         <size>0xa2</size>
         <input_file_ref idref="fl-a"/>
      </object_component>
      <object_component id="oc-388">
         <name>.text:drawStoneInField</name>
         <load_address>0x2564</load_address>
         <run_address>0x2564</run_address>
         <size>0x9c</size>
         <input_file_ref idref="fl-3"/>
      </object_component>
      <object_component id="oc-51">
         <name>.text</name>
         <load_address>0x2600</load_address>
         <run_address>0x2600</run_address>
         <size>0x9c</size>
         <input_file_ref idref="fl-30"/>
      </object_component>
      <object_component id="oc-339">
         <name>.text:RIT128x96x4ImageDraw</name>
         <load_address>0x269c</load_address>
         <run_address>0x269c</run_address>
         <size>0x98</size>
         <input_file_ref idref="fl-8"/>
      </object_component>
      <object_component id="oc-229">
         <name>.text:RITWriteCommand</name>
         <load_address>0x2734</load_address>
         <run_address>0x2734</run_address>
         <size>0x94</size>
         <input_file_ref idref="fl-8"/>
      </object_component>
      <object_component id="oc-2dc">
         <name>.text:RITWriteData</name>
         <load_address>0x27c8</load_address>
         <run_address>0x27c8</run_address>
         <size>0x94</size>
         <input_file_ref idref="fl-8"/>
      </object_component>
      <object_component id="oc-1ee">
         <name>.text:IntDisable</name>
         <load_address>0x285c</load_address>
         <run_address>0x285c</run_address>
         <size>0x90</size>
         <input_file_ref idref="fl-14"/>
      </object_component>
      <object_component id="oc-1f4">
         <name>.text:IntEnable</name>
         <load_address>0x28ec</load_address>
         <run_address>0x28ec</run_address>
         <size>0x90</size>
         <input_file_ref idref="fl-14"/>
      </object_component>
      <object_component id="oc-2cf">
         <name>.text:SSIConfigSetExpClk</name>
         <load_address>0x297c</load_address>
         <run_address>0x297c</run_address>
         <size>0x8c</size>
         <input_file_ref idref="fl-18"/>
      </object_component>
      <object_component id="oc-3bf">
         <name>.text:drawStone</name>
         <load_address>0x2a08</load_address>
         <run_address>0x2a08</run_address>
         <size>0x8c</size>
         <input_file_ref idref="fl-3"/>
      </object_component>
      <object_component id="oc-346">
         <name>.text:isFieldValid</name>
         <load_address>0x2a94</load_address>
         <run_address>0x2a94</run_address>
         <size>0x84</size>
         <input_file_ref idref="fl-3"/>
      </object_component>
      <object_component id="oc-6a">
         <name>.text</name>
         <load_address>0x2b18</load_address>
         <run_address>0x2b18</run_address>
         <size>0x7a</size>
         <input_file_ref idref="fl-31"/>
      </object_component>
      <object_component id="oc-3c">
         <name>.text:IntDefaultHandler</name>
         <load_address>0x2b92</load_address>
         <run_address>0x2b92</run_address>
         <size>0x2</size>
         <input_file_ref idref="fl-7"/>
      </object_component>
      <object_component id="oc-28f">
         <name>.text:switchPlayer</name>
         <load_address>0x2b94</load_address>
         <run_address>0x2b94</run_address>
         <size>0x74</size>
         <input_file_ref idref="fl-3"/>
      </object_component>
      <object_component id="oc-223">
         <name>.text:RIT128x96x4Clear</name>
         <load_address>0x2c08</load_address>
         <run_address>0x2c08</run_address>
         <size>0x70</size>
         <input_file_ref idref="fl-8"/>
      </object_component>
      <object_component id="oc-340">
         <name>.text:clearSelectedField</name>
         <load_address>0x2c78</load_address>
         <run_address>0x2c78</run_address>
         <size>0x70</size>
         <input_file_ref idref="fl-3"/>
      </object_component>
      <object_component id="oc-35b">
         <name>.text:moveStone</name>
         <load_address>0x2ce8</load_address>
         <run_address>0x2ce8</run_address>
         <size>0x6c</size>
         <input_file_ref idref="fl-3"/>
      </object_component>
      <object_component id="oc-7c">
         <name>.text</name>
         <load_address>0x2d54</load_address>
         <run_address>0x2d54</run_address>
         <size>0x6c</size>
         <input_file_ref idref="fl-36"/>
      </object_component>
      <object_component id="oc-5d">
         <name>.text</name>
         <load_address>0x2dc0</load_address>
         <run_address>0x2dc0</run_address>
         <size>0x6a</size>
         <input_file_ref idref="fl-2a"/>
      </object_component>
      <object_component id="oc-30">
         <name>.text:NmiSR</name>
         <load_address>0x2e2a</load_address>
         <run_address>0x2e2a</run_address>
         <size>0x2</size>
         <input_file_ref idref="fl-7"/>
      </object_component>
      <object_component id="oc-132">
         <name>.text:CANRegRead</name>
         <load_address>0x2e2c</load_address>
         <run_address>0x2e2c</run_address>
         <size>0x64</size>
         <input_file_ref idref="fl-a"/>
      </object_component>
      <object_component id="oc-21d">
         <name>.text:RIT128x96x4Enable</name>
         <load_address>0x2e90</load_address>
         <run_address>0x2e90</run_address>
         <size>0x64</size>
         <input_file_ref idref="fl-8"/>
      </object_component>
      <object_component id="oc-23a">
         <name>.text:GPIODirModeSet</name>
         <load_address>0x2ef4</load_address>
         <run_address>0x2ef4</run_address>
         <size>0x5c</size>
         <input_file_ref idref="fl-10"/>
      </object_component>
      <object_component id="oc-18c">
         <name>.text:CANConfigure</name>
         <load_address>0x2f50</load_address>
         <run_address>0x2f50</run_address>
         <size>0x58</size>
         <input_file_ref idref="fl-2"/>
      </object_component>
      <object_component id="oc-37f">
         <name>.text:CANDataRegWrite</name>
         <load_address>0x2fa8</load_address>
         <run_address>0x2fa8</run_address>
         <size>0x56</size>
         <input_file_ref idref="fl-a"/>
      </object_component>
      <object_component id="oc-144">
         <name>.text:CANDataRegRead</name>
         <load_address>0x2ffe</load_address>
         <run_address>0x2ffe</run_address>
         <size>0x54</size>
         <input_file_ref idref="fl-a"/>
      </object_component>
      <object_component id="oc-1a4">
         <name>.text:Delay</name>
         <load_address>0x3054</load_address>
         <run_address>0x3054</run_address>
         <size>0x54</size>
         <input_file_ref idref="fl-5"/>
      </object_component>
      <object_component id="oc-b4">
         <name>.text:CANIntStatus</name>
         <load_address>0x30a8</load_address>
         <run_address>0x30a8</run_address>
         <size>0x52</size>
         <input_file_ref idref="fl-a"/>
      </object_component>
      <object_component id="oc-f2">
         <name>.text</name>
         <load_address>0x30fc</load_address>
         <run_address>0x30fc</run_address>
         <size>0x4c</size>
         <input_file_ref idref="fl-37"/>
      </object_component>
      <object_component id="oc-cc">
         <name>.text:CANIntClear</name>
         <load_address>0x3148</load_address>
         <run_address>0x3148</run_address>
         <size>0x4a</size>
         <input_file_ref idref="fl-a"/>
      </object_component>
      <object_component id="oc-27d">
         <name>.text:getFirstStoneAlive</name>
         <load_address>0x3192</load_address>
         <run_address>0x3192</run_address>
         <size>0x48</size>
         <input_file_ref idref="fl-3"/>
      </object_component>
      <object_component id="oc-3a0">
         <name>.text</name>
         <load_address>0x31da</load_address>
         <run_address>0x31da</run_address>
         <size>0x48</size>
         <input_file_ref idref="fl-2e"/>
      </object_component>
      <object_component id="oc-1e8">
         <name>.text:CANIntNumberGet</name>
         <load_address>0x3224</load_address>
         <run_address>0x3224</run_address>
         <size>0x44</size>
         <input_file_ref idref="fl-a"/>
      </object_component>
      <object_component id="oc-88">
         <name>.text</name>
         <load_address>0x3268</load_address>
         <run_address>0x3268</run_address>
         <size>0x44</size>
         <input_file_ref idref="fl-2c"/>
      </object_component>
      <object_component id="oc-c6">
         <name>.text:CANMessageClear</name>
         <load_address>0x32ac</load_address>
         <run_address>0x32ac</run_address>
         <size>0x40</size>
         <input_file_ref idref="fl-a"/>
      </object_component>
      <object_component id="oc-34e">
         <name>.text:playerOwnsStone</name>
         <load_address>0x32ec</load_address>
         <run_address>0x32ec</run_address>
         <size>0x40</size>
         <input_file_ref idref="fl-3"/>
      </object_component>
      <object_component id="oc-23">
         <name>.text</name>
         <load_address>0x332c</load_address>
         <run_address>0x332c</run_address>
         <size>0x3c</size>
         <input_file_ref idref="fl-28"/>
      </object_component>
      <object_component id="oc-3ab">
         <name>.text:beatStone</name>
         <load_address>0x3368</load_address>
         <run_address>0x3368</run_address>
         <size>0x34</size>
         <input_file_ref idref="fl-3"/>
      </object_component>
      <object_component id="oc-a2">
         <name>.text:RandomAddEntropy</name>
         <load_address>0x339c</load_address>
         <run_address>0x339c</run_address>
         <size>0x30</size>
         <input_file_ref idref="fl-6"/>
      </object_component>
      <object_component id="oc-17a">
         <name>.text:SysCtlPeripheralEnable</name>
         <load_address>0x33cc</load_address>
         <run_address>0x33cc</run_address>
         <size>0x30</size>
         <input_file_ref idref="fl-19"/>
      </object_component>
      <object_component id="oc-396">
         <name>.text</name>
         <load_address>0x33fc</load_address>
         <run_address>0x33fc</run_address>
         <size>0x2e</size>
         <input_file_ref idref="fl-2f"/>
      </object_component>
      <object_component id="oc-13e">
         <name>.text:CANRegWrite</name>
         <load_address>0x342a</load_address>
         <run_address>0x342a</run_address>
         <size>0x28</size>
         <input_file_ref idref="fl-a"/>
      </object_component>
      <object_component id="oc-242">
         <name>.text:GPIOPinTypeCAN</name>
         <load_address>0x3452</load_address>
         <run_address>0x3452</run_address>
         <size>0x24</size>
         <input_file_ref idref="fl-10"/>
      </object_component>
      <object_component id="oc-180">
         <name>.text:GPIOPinTypeGPIOInput</name>
         <load_address>0x3476</load_address>
         <run_address>0x3476</run_address>
         <size>0x24</size>
         <input_file_ref idref="fl-10"/>
      </object_component>
      <object_component id="oc-211">
         <name>.text:GPIOPinTypeGPIOOutput</name>
         <load_address>0x349a</load_address>
         <run_address>0x349a</run_address>
         <size>0x24</size>
         <input_file_ref idref="fl-10"/>
      </object_component>
      <object_component id="oc-20b">
         <name>.text:GPIOPinTypeSSI</name>
         <load_address>0x34be</load_address>
         <run_address>0x34be</run_address>
         <size>0x24</size>
         <input_file_ref idref="fl-10"/>
      </object_component>
      <object_component id="oc-217">
         <name>.text:GPIOPinWrite</name>
         <load_address>0x34e2</load_address>
         <run_address>0x34e2</run_address>
         <size>0x20</size>
         <input_file_ref idref="fl-10"/>
      </object_component>
      <object_component id="oc-25a">
         <name>.text:CANIntEnable</name>
         <load_address>0x3502</load_address>
         <run_address>0x3502</run_address>
         <size>0x1a</size>
         <input_file_ref idref="fl-a"/>
      </object_component>
      <object_component id="oc-2f0">
         <name>.text:SSIDataPut</name>
         <load_address>0x351c</load_address>
         <run_address>0x351c</run_address>
         <size>0x1a</size>
         <input_file_ref idref="fl-18"/>
      </object_component>
      <object_component id="oc-254">
         <name>.text:CANEnable</name>
         <load_address>0x3536</load_address>
         <run_address>0x3536</run_address>
         <size>0x18</size>
         <input_file_ref idref="fl-a"/>
      </object_component>
      <object_component id="oc-96">
         <name>.text:GPIOPinRead</name>
         <load_address>0x354e</load_address>
         <run_address>0x354e</run_address>
         <size>0x18</size>
         <input_file_ref idref="fl-10"/>
      </object_component>
      <object_component id="oc-2ea">
         <name>.text:SSIBusy</name>
         <load_address>0x3566</load_address>
         <run_address>0x3566</run_address>
         <size>0x18</size>
         <input_file_ref idref="fl-18"/>
      </object_component>
      <object_component id="oc-192">
         <name>.text:SysTickPeriodSet</name>
         <load_address>0x3580</load_address>
         <run_address>0x3580</run_address>
         <size>0x18</size>
         <input_file_ref idref="fl-1a"/>
      </object_component>
      <object_component id="oc-82">
         <name>.text</name>
         <load_address>0x3598</load_address>
         <run_address>0x3598</run_address>
         <size>0x18</size>
         <input_file_ref idref="fl-35"/>
      </object_component>
      <object_component id="oc-2c9">
         <name>.text:SSIDisable</name>
         <load_address>0x35b0</load_address>
         <run_address>0x35b0</run_address>
         <size>0x16</size>
         <input_file_ref idref="fl-18"/>
      </object_component>
      <object_component id="oc-2d5">
         <name>.text:SSIEnable</name>
         <load_address>0x35c6</load_address>
         <run_address>0x35c6</run_address>
         <size>0x16</size>
         <input_file_ref idref="fl-18"/>
      </object_component>
      <object_component id="oc-168">
         <name>.text:SysCtlLDOSet</name>
         <load_address>0x35dc</load_address>
         <run_address>0x35dc</run_address>
         <size>0x14</size>
         <input_file_ref idref="fl-19"/>
      </object_component>
      <object_component id="oc-1b9">
         <name>.text</name>
         <load_address>0x35f0</load_address>
         <run_address>0x35f0</run_address>
         <size>0x14</size>
         <input_file_ref idref="fl-34"/>
      </object_component>
      <object_component id="oc-19e">
         <name>.text:SysTickEnable</name>
         <load_address>0x3604</load_address>
         <run_address>0x3604</run_address>
         <size>0x10</size>
         <input_file_ref idref="fl-1a"/>
      </object_component>
      <object_component id="oc-198">
         <name>.text:SysTickIntEnable</name>
         <load_address>0x3614</load_address>
         <run_address>0x3614</run_address>
         <size>0x10</size>
         <input_file_ref idref="fl-1a"/>
      </object_component>
      <object_component id="oc-11">
         <name>.text:decompress:none</name>
         <load_address>0x3624</load_address>
         <run_address>0x3624</run_address>
         <size>0xe</size>
         <input_file_ref idref="fl-29"/>
      </object_component>
      <object_component id="oc-1d">
         <name>.text:decompress:ZI</name>
         <load_address>0x3632</load_address>
         <run_address>0x3632</run_address>
         <size>0xc</size>
         <input_file_ref idref="fl-2b"/>
      </object_component>
      <object_component id="oc-1ce">
         <name>.text:downPressed</name>
         <load_address>0x3640</load_address>
         <run_address>0x3640</run_address>
         <size>0xc</size>
         <input_file_ref idref="fl-3"/>
      </object_component>
      <object_component id="oc-1d5">
         <name>.text:leftPressed</name>
         <load_address>0x364c</load_address>
         <run_address>0x364c</run_address>
         <size>0xc</size>
         <input_file_ref idref="fl-3"/>
      </object_component>
      <object_component id="oc-1dc">
         <name>.text:rightPressed</name>
         <load_address>0x3658</load_address>
         <run_address>0x3658</run_address>
         <size>0xc</size>
         <input_file_ref idref="fl-3"/>
      </object_component>
      <object_component id="oc-1c7">
         <name>.text:upPressed</name>
         <load_address>0x3664</load_address>
         <run_address>0x3664</run_address>
         <size>0xc</size>
         <input_file_ref idref="fl-3"/>
      </object_component>
      <object_component id="oc-10e">
         <name>.text:GPIO_0_Released</name>
         <load_address>0x3670</load_address>
         <run_address>0x3670</run_address>
         <size>0x8</size>
         <input_file_ref idref="fl-5"/>
      </object_component>
      <object_component id="oc-114">
         <name>.text:GPIO_1_Released</name>
         <load_address>0x3678</load_address>
         <run_address>0x3678</run_address>
         <size>0x8</size>
         <input_file_ref idref="fl-5"/>
      </object_component>
      <object_component id="oc-11a">
         <name>.text:GPIO_2_Released</name>
         <load_address>0x3680</load_address>
         <run_address>0x3680</run_address>
         <size>0x8</size>
         <input_file_ref idref="fl-5"/>
      </object_component>
      <object_component id="oc-120">
         <name>.text:GPIO_3_Released</name>
         <load_address>0x3688</load_address>
         <run_address>0x3688</run_address>
         <size>0x8</size>
         <input_file_ref idref="fl-5"/>
      </object_component>
      <object_component id="oc-2a">
         <name>.text:ResetISR</name>
         <load_address>0x3690</load_address>
         <run_address>0x3690</run_address>
         <size>0x6</size>
         <input_file_ref idref="fl-7"/>
      </object_component>
      <object_component id="oc-17">
         <name>.text:decompress:rle24</name>
         <load_address>0x3696</load_address>
         <run_address>0x3696</run_address>
         <size>0x6</size>
         <input_file_ref idref="fl-2a"/>
      </object_component>
      <object_component id="oc-76">
         <name>.text</name>
         <load_address>0x369c</load_address>
         <run_address>0x369c</run_address>
         <size>0x4</size>
         <input_file_ref idref="fl-32"/>
      </object_component>
      <object_component id="oc-207">
         <name>.const:g_pulXtals</name>
         <load_address>0x36a0</load_address>
         <run_address>0x36a0</run_address>
         <size>0x5c</size>
         <input_file_ref idref="fl-19"/>
      </object_component>
      <object_component id="oc-232">
         <name>.const:.string:g_pucRIT128x96x4Init</name>
         <load_address>0x36fc</load_address>
         <run_address>0x36fc</run_address>
         <size>0x4f</size>
         <input_file_ref idref="fl-8"/>
      </object_component>
      <object_component id="oc-236">
         <name>.const</name>
         <load_address>0x374c</load_address>
         <run_address>0x374c</run_address>
         <size>0x40</size>
         <input_file_ref idref="fl-19"/>
      </object_component>
      <object_component id="oc-300">
         <name>.const</name>
         <load_address>0x378c</load_address>
         <run_address>0x378c</run_address>
         <size>0x12</size>
         <input_file_ref idref="fl-a"/>
      </object_component>
      <object_component id="oc-2e3">
         <name>.const:.string</name>
         <load_address>0x379e</load_address>
         <run_address>0x379e</run_address>
         <size>0xc</size>
         <input_file_ref idref="fl-8"/>
      </object_component>
      <object_component id="oc-3e9">
         <name>.cinit..data.load</name>
         <load_address>0x37b0</load_address>
         <run_address>0x37b0</run_address>
         <size>0xd7</size>
      </object_component>
      <object_component id="oc-3e7">
         <name>__TI_handler_table</name>
         <load_address>0x3888</load_address>
         <run_address>0x3888</run_address>
         <size>0xc</size>
      </object_component>
      <object_component id="oc-3ea">
         <name>.cinit..bss.load</name>
         <load_address>0x3898</load_address>
         <run_address>0x3898</run_address>
         <size>0x8</size>
      </object_component>
      <object_component id="oc-3e8">
         <name>__TI_cinit_table</name>
         <load_address>0x38a0</load_address>
         <run_address>0x38a0</run_address>
         <size>0x10</size>
      </object_component>
      <object_component id="oc-29">
         <name>.stack</name>
         <uninitialized>true</uninitialized>
         <run_address>0x2000293c</run_address>
         <size>0x0</size>
         <input_file_ref idref="fl-28"/>
      </object_component>
      <object_component id="oc-3eb">
         <name>.stack</name>
         <uninitialized>true</uninitialized>
         <run_address>0x2000293c</run_address>
         <size>0x0</size>
      </object_component>
      <object_component id="oc-311">
         <name>.bss:_pitch</name>
         <uninitialized>true</uninitialized>
         <run_address>0x20001800</run_address>
         <size>0xd14</size>
         <input_file_ref idref="fl-3"/>
      </object_component>
      <object_component id="oc-2af">
         <name>.bss:players</name>
         <uninitialized>true</uninitialized>
         <run_address>0x20002514</run_address>
         <size>0x250</size>
         <input_file_ref idref="fl-3"/>
      </object_component>
      <object_component id="oc-328">
         <name>.bss:g_pucFrame</name>
         <uninitialized>true</uninitialized>
         <run_address>0x20000000</run_address>
         <size>0x1800</size>
         <input_file_ref idref="fl-5"/>
      </object_component>
      <object_component id="oc-127">
         <name>.bss:g_pulRandomEntropy</name>
         <uninitialized>true</uninitialized>
         <run_address>0x20002764</run_address>
         <size>0x40</size>
         <input_file_ref idref="fl-6"/>
      </object_component>
      <object_component id="oc-30c">
         <name>.common:g_pucButtonMsg</name>
         <uninitialized>true</uninitialized>
         <run_address>0x20002800</run_address>
         <size>0x4</size>
      </object_component>
      <object_component id="oc-30f">
         <name>.common:g_MsgObjectRx</name>
         <uninitialized>true</uninitialized>
         <run_address>0x200027cc</run_address>
         <size>0x14</size>
      </object_component>
      <object_component id="oc-30e">
         <name>.common:g_MsgObjectTx</name>
         <uninitialized>true</uninitialized>
         <run_address>0x200027e0</run_address>
         <size>0x14</size>
      </object_component>
      <object_component id="oc-30d">
         <name>.common:g_MsgObjectLED</name>
         <uninitialized>true</uninitialized>
         <run_address>0x200027b8</run_address>
         <size>0x14</size>
      </object_component>
      <object_component id="oc-d2">
         <name>.common:g_MsgObjectButton</name>
         <uninitialized>true</uninitialized>
         <run_address>0x200027a4</run_address>
         <size>0x14</size>
      </object_component>
      <object_component id="oc-2ad">
         <name>.common:_selectionMode</name>
         <uninitialized>true</uninitialized>
         <run_address>0x2000281d</run_address>
         <size>0x1</size>
      </object_component>
      <object_component id="oc-2aa">
         <name>.common:_changed</name>
         <uninitialized>true</uninitialized>
         <run_address>0x2000281c</run_address>
         <size>0x1</size>
      </object_component>
      <object_component id="oc-2ae">
         <name>.common:currentPlayer</name>
         <uninitialized>true</uninitialized>
         <run_address>0x200027fc</run_address>
         <size>0x4</size>
      </object_component>
      <object_component id="oc-2b2">
         <name>.common:selectedStoneField</name>
         <uninitialized>true</uninitialized>
         <run_address>0x20002810</run_address>
         <size>0x4</size>
      </object_component>
      <object_component id="oc-2b3">
         <name>.common:selection</name>
         <uninitialized>true</uninitialized>
         <run_address>0x20002814</run_address>
         <size>0x4</size>
      </object_component>
      <object_component id="oc-2b4">
         <name>.common:stoneMoved</name>
         <uninitialized>true</uninitialized>
         <run_address>0x20002818</run_address>
         <size>0x4</size>
      </object_component>
      <object_component id="oc-ab">
         <name>.common:g_ulFlags</name>
         <uninitialized>true</uninitialized>
         <run_address>0x20002804</run_address>
         <size>0x4</size>
      </object_component>
      <object_component id="oc-1b0">
         <name>.common:g_ulSystemClock</name>
         <uninitialized>true</uninitialized>
         <run_address>0x2000280c</run_address>
         <size>0x4</size>
      </object_component>
      <object_component id="oc-22f">
         <name>.common:g_ulSSIFlags</name>
         <uninitialized>true</uninitialized>
         <run_address>0x20002808</run_address>
         <size>0x4</size>
      </object_component>
      <object_component id="oc-2e2">
         <name>.common:g_pucBuffer</name>
         <uninitialized>true</uninitialized>
         <run_address>0x200027f4</run_address>
         <size>0x8</size>
      </object_component>
      <object_component id="oc-d5">
         <name>.data</name>
         <load_address>0x20002930</load_address>
         <run_address>0x20002930</run_address>
         <size>0x6</size>
         <input_file_ref idref="fl-2"/>
      </object_component>
      <object_component id="oc-2a1">
         <name>.data:stoneWhite</name>
         <load_address>0x20002884</load_address>
         <run_address>0x20002884</run_address>
         <size>0x32</size>
         <input_file_ref idref="fl-3"/>
      </object_component>
      <object_component id="oc-31b">
         <name>.data:stoneWhiteKing</name>
         <load_address>0x200028b6</load_address>
         <run_address>0x200028b6</run_address>
         <size>0x32</size>
         <input_file_ref idref="fl-3"/>
      </object_component>
      <object_component id="oc-2a7">
         <name>.data:stoneBlack</name>
         <load_address>0x20002820</load_address>
         <run_address>0x20002820</run_address>
         <size>0x32</size>
         <input_file_ref idref="fl-3"/>
      </object_component>
      <object_component id="oc-31e">
         <name>.data:stoneBlackKing</name>
         <load_address>0x20002852</load_address>
         <run_address>0x20002852</run_address>
         <size>0x32</size>
         <input_file_ref idref="fl-3"/>
      </object_component>
      <object_component id="oc-2a4">
         <name>.data</name>
         <load_address>0x2000290c</load_address>
         <run_address>0x2000290c</run_address>
         <size>0xc</size>
         <input_file_ref idref="fl-3"/>
      </object_component>
      <object_component id="oc-a8">
         <name>.data</name>
         <load_address>0x200028e8</load_address>
         <run_address>0x200028e8</run_address>
         <size>0x21</size>
         <input_file_ref idref="fl-5"/>
      </object_component>
      <object_component id="oc-12a">
         <name>.data</name>
         <load_address>0x20002918</load_address>
         <run_address>0x20002918</run_address>
         <size>0x8</size>
         <input_file_ref idref="fl-6"/>
      </object_component>
      <object_component id="oc-105">
         <name>.data</name>
         <load_address>0x20002928</load_address>
         <run_address>0x20002928</run_address>
         <size>0x8</size>
         <input_file_ref idref="fl-2c"/>
      </object_component>
      <object_component id="oc-8e">
         <name>.data</name>
         <load_address>0x20002938</load_address>
         <run_address>0x20002938</run_address>
         <size>0x4</size>
         <input_file_ref idref="fl-33"/>
      </object_component>
      <object_component id="oc-102">
         <name>.data</name>
         <load_address>0x20002920</load_address>
         <run_address>0x20002920</run_address>
         <size>0x8</size>
         <input_file_ref idref="fl-34"/>
      </object_component>
      <object_component id="oc-d3">
         <name>.debug_info</name>
         <load_address>0x0</load_address>
         <run_address>0x0</run_address>
         <size>0x458</size>
         <input_file_ref idref="fl-2"/>
      </object_component>
      <object_component id="oc-d6">
         <name>.debug_info</name>
         <load_address>0x458</load_address>
         <run_address>0x458</run_address>
         <size>0xfd</size>
         <input_file_ref idref="fl-2"/>
      </object_component>
      <object_component id="oc-d8">
         <name>.debug_info</name>
         <load_address>0x555</load_address>
         <run_address>0x555</run_address>
         <size>0x1a0</size>
         <input_file_ref idref="fl-2"/>
      </object_component>
      <object_component id="oc-261">
         <name>.debug_info</name>
         <load_address>0x6f5</load_address>
         <run_address>0x6f5</run_address>
         <size>0x144</size>
         <input_file_ref idref="fl-2"/>
      </object_component>
      <object_component id="oc-49">
         <name>.debug_info</name>
         <load_address>0x839</load_address>
         <run_address>0x839</run_address>
         <size>0x19c</size>
         <input_file_ref idref="fl-2"/>
      </object_component>
      <object_component id="oc-18d">
         <name>.debug_info</name>
         <load_address>0x9d5</load_address>
         <run_address>0x9d5</run_address>
         <size>0x1cc</size>
         <input_file_ref idref="fl-2"/>
      </object_component>
      <object_component id="oc-139">
         <name>.debug_info</name>
         <load_address>0xba1</load_address>
         <run_address>0xba1</run_address>
         <size>0x1b0</size>
         <input_file_ref idref="fl-2"/>
      </object_component>
      <object_component id="oc-af">
         <name>.debug_info</name>
         <load_address>0xd51</load_address>
         <run_address>0xd51</run_address>
         <size>0x84</size>
         <input_file_ref idref="fl-2"/>
      </object_component>
      <object_component id="oc-14c">
         <name>.debug_info</name>
         <load_address>0xdd5</load_address>
         <run_address>0xdd5</run_address>
         <size>0x2c</size>
         <input_file_ref idref="fl-2"/>
      </object_component>
      <object_component id="oc-2ab">
         <name>.debug_info</name>
         <load_address>0xe01</load_address>
         <run_address>0xe01</run_address>
         <size>0x32f</size>
         <input_file_ref idref="fl-3"/>
      </object_component>
      <object_component id="oc-2a2">
         <name>.debug_info</name>
         <load_address>0x1130</load_address>
         <run_address>0x1130</run_address>
         <size>0xd4</size>
         <input_file_ref idref="fl-3"/>
      </object_component>
      <object_component id="oc-31c">
         <name>.debug_info</name>
         <load_address>0x1204</load_address>
         <run_address>0x1204</run_address>
         <size>0xdc</size>
         <input_file_ref idref="fl-3"/>
      </object_component>
      <object_component id="oc-2a8">
         <name>.debug_info</name>
         <load_address>0x12e0</load_address>
         <run_address>0x12e0</run_address>
         <size>0xd4</size>
         <input_file_ref idref="fl-3"/>
      </object_component>
      <object_component id="oc-31f">
         <name>.debug_info</name>
         <load_address>0x13b4</load_address>
         <run_address>0x13b4</run_address>
         <size>0xdc</size>
         <input_file_ref idref="fl-3"/>
      </object_component>
      <object_component id="oc-2a5">
         <name>.debug_info</name>
         <load_address>0x1490</load_address>
         <run_address>0x1490</run_address>
         <size>0x122</size>
         <input_file_ref idref="fl-3"/>
      </object_component>
      <object_component id="oc-312">
         <name>.debug_info</name>
         <load_address>0x15b2</load_address>
         <run_address>0x15b2</run_address>
         <size>0xcc</size>
         <input_file_ref idref="fl-3"/>
      </object_component>
      <object_component id="oc-2b0">
         <name>.debug_info</name>
         <load_address>0x167e</load_address>
         <run_address>0x167e</run_address>
         <size>0xce</size>
         <input_file_ref idref="fl-3"/>
      </object_component>
      <object_component id="oc-32e">
         <name>.debug_info</name>
         <load_address>0x174c</load_address>
         <run_address>0x174c</run_address>
         <size>0x2a3</size>
         <input_file_ref idref="fl-3"/>
      </object_component>
      <object_component id="oc-334">
         <name>.debug_info</name>
         <load_address>0x19ef</load_address>
         <run_address>0x19ef</run_address>
         <size>0x189</size>
         <input_file_ref idref="fl-3"/>
      </object_component>
      <object_component id="oc-389">
         <name>.debug_info</name>
         <load_address>0x1b78</load_address>
         <run_address>0x1b78</run_address>
         <size>0x173</size>
         <input_file_ref idref="fl-3"/>
      </object_component>
      <object_component id="oc-3c0">
         <name>.debug_info</name>
         <load_address>0x1ceb</load_address>
         <run_address>0x1ceb</run_address>
         <size>0x186</size>
         <input_file_ref idref="fl-3"/>
      </object_component>
      <object_component id="oc-341">
         <name>.debug_info</name>
         <load_address>0x1e71</load_address>
         <run_address>0x1e71</run_address>
         <size>0x16b</size>
         <input_file_ref idref="fl-3"/>
      </object_component>
      <object_component id="oc-284">
         <name>.debug_info</name>
         <load_address>0x1fdc</load_address>
         <run_address>0x1fdc</run_address>
         <size>0x203</size>
         <input_file_ref idref="fl-3"/>
      </object_component>
      <object_component id="oc-26c">
         <name>.debug_info</name>
         <load_address>0x21df</load_address>
         <run_address>0x21df</run_address>
         <size>0x141</size>
         <input_file_ref idref="fl-3"/>
      </object_component>
      <object_component id="oc-316">
         <name>.debug_info</name>
         <load_address>0x2320</load_address>
         <run_address>0x2320</run_address>
         <size>0x1a3</size>
         <input_file_ref idref="fl-3"/>
      </object_component>
      <object_component id="oc-272">
         <name>.debug_info</name>
         <load_address>0x24c3</load_address>
         <run_address>0x24c3</run_address>
         <size>0x177</size>
         <input_file_ref idref="fl-3"/>
      </object_component>
      <object_component id="oc-278">
         <name>.debug_info</name>
         <load_address>0x263a</load_address>
         <run_address>0x263a</run_address>
         <size>0x190</size>
         <input_file_ref idref="fl-3"/>
      </object_component>
      <object_component id="oc-1c8">
         <name>.debug_info</name>
         <load_address>0x27ca</load_address>
         <run_address>0x27ca</run_address>
         <size>0xff</size>
         <input_file_ref idref="fl-3"/>
      </object_component>
      <object_component id="oc-1cf">
         <name>.debug_info</name>
         <load_address>0x28c9</load_address>
         <run_address>0x28c9</run_address>
         <size>0x103</size>
         <input_file_ref idref="fl-3"/>
      </object_component>
      <object_component id="oc-1d6">
         <name>.debug_info</name>
         <load_address>0x29cc</load_address>
         <run_address>0x29cc</run_address>
         <size>0x103</size>
         <input_file_ref idref="fl-3"/>
      </object_component>
      <object_component id="oc-1dd">
         <name>.debug_info</name>
         <load_address>0x2acf</load_address>
         <run_address>0x2acf</run_address>
         <size>0x105</size>
         <input_file_ref idref="fl-3"/>
      </object_component>
      <object_component id="oc-34f">
         <name>.debug_info</name>
         <load_address>0x2bd4</load_address>
         <run_address>0x2bd4</run_address>
         <size>0x191</size>
         <input_file_ref idref="fl-3"/>
      </object_component>
      <object_component id="oc-347">
         <name>.debug_info</name>
         <load_address>0x2d65</load_address>
         <run_address>0x2d65</run_address>
         <size>0x160</size>
         <input_file_ref idref="fl-3"/>
      </object_component>
      <object_component id="oc-27e">
         <name>.debug_info</name>
         <load_address>0x2ec5</load_address>
         <run_address>0x2ec5</run_address>
         <size>0x150</size>
         <input_file_ref idref="fl-3"/>
      </object_component>
      <object_component id="oc-290">
         <name>.debug_info</name>
         <load_address>0x3015</load_address>
         <run_address>0x3015</run_address>
         <size>0x153</size>
         <input_file_ref idref="fl-3"/>
      </object_component>
      <object_component id="oc-28a">
         <name>.debug_info</name>
         <load_address>0x3168</load_address>
         <run_address>0x3168</run_address>
         <size>0x1cd</size>
         <input_file_ref idref="fl-3"/>
      </object_component>
      <object_component id="oc-296">
         <name>.debug_info</name>
         <load_address>0x3335</load_address>
         <run_address>0x3335</run_address>
         <size>0x1e4</size>
         <input_file_ref idref="fl-3"/>
      </object_component>
      <object_component id="oc-3b9">
         <name>.debug_info</name>
         <load_address>0x3519</load_address>
         <run_address>0x3519</run_address>
         <size>0x1a0</size>
         <input_file_ref idref="fl-3"/>
      </object_component>
      <object_component id="oc-3ac">
         <name>.debug_info</name>
         <load_address>0x36b9</load_address>
         <run_address>0x36b9</run_address>
         <size>0x159</size>
         <input_file_ref idref="fl-3"/>
      </object_component>
      <object_component id="oc-356">
         <name>.debug_info</name>
         <load_address>0x3812</load_address>
         <run_address>0x3812</run_address>
         <size>0x271</size>
         <input_file_ref idref="fl-3"/>
      </object_component>
      <object_component id="oc-35c">
         <name>.debug_info</name>
         <load_address>0x3a83</load_address>
         <run_address>0x3a83</run_address>
         <size>0x16d</size>
         <input_file_ref idref="fl-3"/>
      </object_component>
      <object_component id="oc-29c">
         <name>.debug_info</name>
         <load_address>0x3bf0</load_address>
         <run_address>0x3bf0</run_address>
         <size>0x1be</size>
         <input_file_ref idref="fl-3"/>
      </object_component>
      <object_component id="oc-1ab">
         <name>.debug_info</name>
         <load_address>0x3dae</load_address>
         <run_address>0x3dae</run_address>
         <size>0x1e9</size>
         <input_file_ref idref="fl-3"/>
      </object_component>
      <object_component id="oc-36a">
         <name>.debug_info</name>
         <load_address>0x3f97</load_address>
         <run_address>0x3f97</run_address>
         <size>0x2e4</size>
         <input_file_ref idref="fl-3"/>
      </object_component>
      <object_component id="oc-323">
         <name>.debug_info</name>
         <load_address>0x427b</load_address>
         <run_address>0x427b</run_address>
         <size>0x20c</size>
         <input_file_ref idref="fl-4"/>
      </object_component>
      <object_component id="oc-e9">
         <name>.debug_info</name>
         <load_address>0x4487</load_address>
         <run_address>0x4487</run_address>
         <size>0x2c</size>
         <input_file_ref idref="fl-4"/>
      </object_component>
      <object_component id="oc-ac">
         <name>.debug_info</name>
         <load_address>0x44b3</load_address>
         <run_address>0x44b3</run_address>
         <size>0x417</size>
         <input_file_ref idref="fl-5"/>
      </object_component>
      <object_component id="oc-329">
         <name>.debug_info</name>
         <load_address>0x48ca</load_address>
         <run_address>0x48ca</run_address>
         <size>0xf9</size>
         <input_file_ref idref="fl-5"/>
      </object_component>
      <object_component id="oc-a9">
         <name>.debug_info</name>
         <load_address>0x49c3</load_address>
         <run_address>0x49c3</run_address>
         <size>0x2ad</size>
         <input_file_ref idref="fl-5"/>
      </object_component>
      <object_component id="oc-1a5">
         <name>.debug_info</name>
         <load_address>0x4c70</load_address>
         <run_address>0x4c70</run_address>
         <size>0x191</size>
         <input_file_ref idref="fl-5"/>
      </object_component>
      <object_component id="oc-10f">
         <name>.debug_info</name>
         <load_address>0x4e01</load_address>
         <run_address>0x4e01</run_address>
         <size>0x187</size>
         <input_file_ref idref="fl-5"/>
      </object_component>
      <object_component id="oc-115">
         <name>.debug_info</name>
         <load_address>0x4f88</load_address>
         <run_address>0x4f88</run_address>
         <size>0x189</size>
         <input_file_ref idref="fl-5"/>
      </object_component>
      <object_component id="oc-11b">
         <name>.debug_info</name>
         <load_address>0x5111</load_address>
         <run_address>0x5111</run_address>
         <size>0x189</size>
         <input_file_ref idref="fl-5"/>
      </object_component>
      <object_component id="oc-121">
         <name>.debug_info</name>
         <load_address>0x529a</load_address>
         <run_address>0x529a</run_address>
         <size>0x18a</size>
         <input_file_ref idref="fl-5"/>
      </object_component>
      <object_component id="oc-9d">
         <name>.debug_info</name>
         <load_address>0x5424</load_address>
         <run_address>0x5424</run_address>
         <size>0x2a9</size>
         <input_file_ref idref="fl-5"/>
      </object_component>
      <object_component id="oc-43">
         <name>.debug_info</name>
         <load_address>0x56cd</load_address>
         <run_address>0x56cd</run_address>
         <size>0x1fc</size>
         <input_file_ref idref="fl-5"/>
      </object_component>
      <object_component id="oc-fb">
         <name>.debug_info</name>
         <load_address>0x58c9</load_address>
         <run_address>0x58c9</run_address>
         <size>0x2c4</size>
         <input_file_ref idref="fl-5"/>
      </object_component>
      <object_component id="oc-1e5">
         <name>.debug_info</name>
         <load_address>0x5b8d</load_address>
         <run_address>0x5b8d</run_address>
         <size>0xbf</size>
         <input_file_ref idref="fl-6"/>
      </object_component>
      <object_component id="oc-128">
         <name>.debug_info</name>
         <load_address>0x5c4c</load_address>
         <run_address>0x5c4c</run_address>
         <size>0xe5</size>
         <input_file_ref idref="fl-6"/>
      </object_component>
      <object_component id="oc-12b">
         <name>.debug_info</name>
         <load_address>0x5d31</load_address>
         <run_address>0x5d31</run_address>
         <size>0x10b</size>
         <input_file_ref idref="fl-6"/>
      </object_component>
      <object_component id="oc-a3">
         <name>.debug_info</name>
         <load_address>0x5e3c</load_address>
         <run_address>0x5e3c</run_address>
         <size>0x147</size>
         <input_file_ref idref="fl-6"/>
      </object_component>
      <object_component id="oc-50">
         <name>.debug_info</name>
         <load_address>0x5f83</load_address>
         <run_address>0x5f83</run_address>
         <size>0x15e</size>
         <input_file_ref idref="fl-7"/>
      </object_component>
      <object_component id="oc-f">
         <name>.debug_info</name>
         <load_address>0x60e1</load_address>
         <run_address>0x60e1</run_address>
         <size>0x104</size>
         <input_file_ref idref="fl-7"/>
      </object_component>
      <object_component id="oc-2b">
         <name>.debug_info</name>
         <load_address>0x61e5</load_address>
         <run_address>0x61e5</run_address>
         <size>0x17e</size>
         <input_file_ref idref="fl-7"/>
      </object_component>
      <object_component id="oc-31">
         <name>.debug_info</name>
         <load_address>0x6363</load_address>
         <run_address>0x6363</run_address>
         <size>0x16c</size>
         <input_file_ref idref="fl-7"/>
      </object_component>
      <object_component id="oc-37">
         <name>.debug_info</name>
         <load_address>0x64cf</load_address>
         <run_address>0x64cf</run_address>
         <size>0x172</size>
         <input_file_ref idref="fl-7"/>
      </object_component>
      <object_component id="oc-3d">
         <name>.debug_info</name>
         <load_address>0x6641</load_address>
         <run_address>0x6641</run_address>
         <size>0x184</size>
         <input_file_ref idref="fl-7"/>
      </object_component>
      <object_component id="oc-230">
         <name>.debug_info</name>
         <load_address>0x67c5</load_address>
         <run_address>0x67c5</run_address>
         <size>0x434</size>
         <input_file_ref idref="fl-8"/>
      </object_component>
      <object_component id="oc-2e4">
         <name>.debug_info</name>
         <load_address>0x6bf9</load_address>
         <run_address>0x6bf9</run_address>
         <size>0x17c</size>
         <input_file_ref idref="fl-8"/>
      </object_component>
      <object_component id="oc-233">
         <name>.debug_info</name>
         <load_address>0x6d75</load_address>
         <run_address>0x6d75</run_address>
         <size>0x124</size>
         <input_file_ref idref="fl-8"/>
      </object_component>
      <object_component id="oc-22a">
         <name>.debug_info</name>
         <load_address>0x6e99</load_address>
         <run_address>0x6e99</run_address>
         <size>0x259</size>
         <input_file_ref idref="fl-8"/>
      </object_component>
      <object_component id="oc-2dd">
         <name>.debug_info</name>
         <load_address>0x70f2</load_address>
         <run_address>0x70f2</run_address>
         <size>0x253</size>
         <input_file_ref idref="fl-8"/>
      </object_component>
      <object_component id="oc-224">
         <name>.debug_info</name>
         <load_address>0x7345</load_address>
         <run_address>0x7345</run_address>
         <size>0x291</size>
         <input_file_ref idref="fl-8"/>
      </object_component>
      <object_component id="oc-33a">
         <name>.debug_info</name>
         <load_address>0x75d6</load_address>
         <run_address>0x75d6</run_address>
         <size>0x2db</size>
         <input_file_ref idref="fl-8"/>
      </object_component>
      <object_component id="oc-21e">
         <name>.debug_info</name>
         <load_address>0x78b1</load_address>
         <run_address>0x78b1</run_address>
         <size>0x280</size>
         <input_file_ref idref="fl-8"/>
      </object_component>
      <object_component id="oc-175">
         <name>.debug_info</name>
         <load_address>0x7b31</load_address>
         <run_address>0x7b31</run_address>
         <size>0x323</size>
         <input_file_ref idref="fl-8"/>
      </object_component>
      <object_component id="oc-2e6">
         <name>.debug_info</name>
         <load_address>0x7e54</load_address>
         <run_address>0x7e54</run_address>
         <size>0x209</size>
         <input_file_ref idref="fl-8"/>
      </object_component>
      <object_component id="oc-14b">
         <name>.debug_info</name>
         <load_address>0x805d</load_address>
         <run_address>0x805d</run_address>
         <size>0x198</size>
         <input_file_ref idref="fl-a"/>
      </object_component>
      <object_component id="oc-301">
         <name>.debug_info</name>
         <load_address>0x81f5</load_address>
         <run_address>0x81f5</run_address>
         <size>0xed</size>
         <input_file_ref idref="fl-a"/>
      </object_component>
      <object_component id="oc-1e9">
         <name>.debug_info</name>
         <load_address>0x82e2</load_address>
         <run_address>0x82e2</run_address>
         <size>0x17e</size>
         <input_file_ref idref="fl-a"/>
      </object_component>
      <object_component id="oc-133">
         <name>.debug_info</name>
         <load_address>0x8460</load_address>
         <run_address>0x8460</run_address>
         <size>0x21c</size>
         <input_file_ref idref="fl-a"/>
      </object_component>
      <object_component id="oc-13f">
         <name>.debug_info</name>
         <load_address>0x867c</load_address>
         <run_address>0x867c</run_address>
         <size>0x1c0</size>
         <input_file_ref idref="fl-a"/>
      </object_component>
      <object_component id="oc-380">
         <name>.debug_info</name>
         <load_address>0x883c</load_address>
         <run_address>0x883c</run_address>
         <size>0x205</size>
         <input_file_ref idref="fl-a"/>
      </object_component>
      <object_component id="oc-145">
         <name>.debug_info</name>
         <load_address>0x8a41</load_address>
         <run_address>0x8a41</run_address>
         <size>0x202</size>
         <input_file_ref idref="fl-a"/>
      </object_component>
      <object_component id="oc-249">
         <name>.debug_info</name>
         <load_address>0x8c43</load_address>
         <run_address>0x8c43</run_address>
         <size>0x224</size>
         <input_file_ref idref="fl-a"/>
      </object_component>
      <object_component id="oc-255">
         <name>.debug_info</name>
         <load_address>0x8e67</load_address>
         <run_address>0x8e67</run_address>
         <size>0x177</size>
         <input_file_ref idref="fl-a"/>
      </object_component>
      <object_component id="oc-24f">
         <name>.debug_info</name>
         <load_address>0x8fde</load_address>
         <run_address>0x8fde</run_address>
         <size>0x2d1</size>
         <input_file_ref idref="fl-a"/>
      </object_component>
      <object_component id="oc-25b">
         <name>.debug_info</name>
         <load_address>0x92af</load_address>
         <run_address>0x92af</run_address>
         <size>0x1b8</size>
         <input_file_ref idref="fl-a"/>
      </object_component>
      <object_component id="oc-b5">
         <name>.debug_info</name>
         <load_address>0x9467</load_address>
         <run_address>0x9467</run_address>
         <size>0x1e6</size>
         <input_file_ref idref="fl-a"/>
      </object_component>
      <object_component id="oc-cd">
         <name>.debug_info</name>
         <load_address>0x964d</load_address>
         <run_address>0x964d</run_address>
         <size>0x1e2</size>
         <input_file_ref idref="fl-a"/>
      </object_component>
      <object_component id="oc-c1">
         <name>.debug_info</name>
         <load_address>0x982f</load_address>
         <run_address>0x982f</run_address>
         <size>0x23c</size>
         <input_file_ref idref="fl-a"/>
      </object_component>
      <object_component id="oc-307">
         <name>.debug_info</name>
         <load_address>0x9a6b</load_address>
         <run_address>0x9a6b</run_address>
         <size>0x39a</size>
         <input_file_ref idref="fl-a"/>
      </object_component>
      <object_component id="oc-bb">
         <name>.debug_info</name>
         <load_address>0x9e05</load_address>
         <run_address>0x9e05</run_address>
         <size>0x397</size>
         <input_file_ref idref="fl-a"/>
      </object_component>
      <object_component id="oc-c7">
         <name>.debug_info</name>
         <load_address>0xa19c</load_address>
         <run_address>0xa19c</run_address>
         <size>0x1e8</size>
         <input_file_ref idref="fl-a"/>
      </object_component>
      <object_component id="oc-23b">
         <name>.debug_info</name>
         <load_address>0xa384</load_address>
         <run_address>0xa384</run_address>
         <size>0x1b8</size>
         <input_file_ref idref="fl-10"/>
      </object_component>
      <object_component id="oc-187">
         <name>.debug_info</name>
         <load_address>0xa53c</load_address>
         <run_address>0xa53c</run_address>
         <size>0x202</size>
         <input_file_ref idref="fl-10"/>
      </object_component>
      <object_component id="oc-97">
         <name>.debug_info</name>
         <load_address>0xa73e</load_address>
         <run_address>0xa73e</run_address>
         <size>0x18a</size>
         <input_file_ref idref="fl-10"/>
      </object_component>
      <object_component id="oc-218">
         <name>.debug_info</name>
         <load_address>0xa8c8</load_address>
         <run_address>0xa8c8</run_address>
         <size>0x1af</size>
         <input_file_ref idref="fl-10"/>
      </object_component>
      <object_component id="oc-243">
         <name>.debug_info</name>
         <load_address>0xaa77</load_address>
         <run_address>0xaa77</run_address>
         <size>0x1b8</size>
         <input_file_ref idref="fl-10"/>
      </object_component>
      <object_component id="oc-181">
         <name>.debug_info</name>
         <load_address>0xac2f</load_address>
         <run_address>0xac2f</run_address>
         <size>0x1c4</size>
         <input_file_ref idref="fl-10"/>
      </object_component>
      <object_component id="oc-212">
         <name>.debug_info</name>
         <load_address>0xadf3</load_address>
         <run_address>0xadf3</run_address>
         <size>0x1c6</size>
         <input_file_ref idref="fl-10"/>
      </object_component>
      <object_component id="oc-20c">
         <name>.debug_info</name>
         <load_address>0xafb9</load_address>
         <run_address>0xafb9</run_address>
         <size>0x1b8</size>
         <input_file_ref idref="fl-10"/>
      </object_component>
      <object_component id="oc-1f5">
         <name>.debug_info</name>
         <load_address>0xb171</load_address>
         <run_address>0xb171</run_address>
         <size>0x17a</size>
         <input_file_ref idref="fl-14"/>
      </object_component>
      <object_component id="oc-1ef">
         <name>.debug_info</name>
         <load_address>0xb2eb</load_address>
         <run_address>0xb2eb</run_address>
         <size>0x17c</size>
         <input_file_ref idref="fl-14"/>
      </object_component>
      <object_component id="oc-2d0">
         <name>.debug_info</name>
         <load_address>0xb467</load_address>
         <run_address>0xb467</run_address>
         <size>0x2be</size>
         <input_file_ref idref="fl-18"/>
      </object_component>
      <object_component id="oc-2d6">
         <name>.debug_info</name>
         <load_address>0xb725</load_address>
         <run_address>0xb725</run_address>
         <size>0x151</size>
         <input_file_ref idref="fl-18"/>
      </object_component>
      <object_component id="oc-2ca">
         <name>.debug_info</name>
         <load_address>0xb876</load_address>
         <run_address>0xb876</run_address>
         <size>0x153</size>
         <input_file_ref idref="fl-18"/>
      </object_component>
      <object_component id="oc-2f1">
         <name>.debug_info</name>
         <load_address>0xb9c9</load_address>
         <run_address>0xb9c9</run_address>
         <size>0x181</size>
         <input_file_ref idref="fl-18"/>
      </object_component>
      <object_component id="oc-2eb">
         <name>.debug_info</name>
         <load_address>0xbb4a</load_address>
         <run_address>0xbb4a</run_address>
         <size>0x154</size>
         <input_file_ref idref="fl-18"/>
      </object_component>
      <object_component id="oc-2c4">
         <name>.debug_info</name>
         <load_address>0xbc9e</load_address>
         <run_address>0xbc9e</run_address>
         <size>0x1f3</size>
         <input_file_ref idref="fl-19"/>
      </object_component>
      <object_component id="oc-237">
         <name>.debug_info</name>
         <load_address>0xbe91</load_address>
         <run_address>0xbe91</run_address>
         <size>0x18e</size>
         <input_file_ref idref="fl-19"/>
      </object_component>
      <object_component id="oc-208">
         <name>.debug_info</name>
         <load_address>0xc01f</load_address>
         <run_address>0xc01f</run_address>
         <size>0xe4</size>
         <input_file_ref idref="fl-19"/>
      </object_component>
      <object_component id="oc-17b">
         <name>.debug_info</name>
         <load_address>0xc103</load_address>
         <run_address>0xc103</run_address>
         <size>0x18f</size>
         <input_file_ref idref="fl-19"/>
      </object_component>
      <object_component id="oc-169">
         <name>.debug_info</name>
         <load_address>0xc292</load_address>
         <run_address>0xc292</run_address>
         <size>0x16f</size>
         <input_file_ref idref="fl-19"/>
      </object_component>
      <object_component id="oc-16f">
         <name>.debug_info</name>
         <load_address>0xc401</load_address>
         <run_address>0xc401</run_address>
         <size>0x192</size>
         <input_file_ref idref="fl-19"/>
      </object_component>
      <object_component id="oc-19f">
         <name>.debug_info</name>
         <load_address>0xc593</load_address>
         <run_address>0xc593</run_address>
         <size>0x13a</size>
         <input_file_ref idref="fl-1a"/>
      </object_component>
      <object_component id="oc-199">
         <name>.debug_info</name>
         <load_address>0xc6cd</load_address>
         <run_address>0xc6cd</run_address>
         <size>0x140</size>
         <input_file_ref idref="fl-1a"/>
      </object_component>
      <object_component id="oc-193">
         <name>.debug_info</name>
         <load_address>0xc80d</load_address>
         <run_address>0xc80d</run_address>
         <size>0x173</size>
         <input_file_ref idref="fl-1a"/>
      </object_component>
      <object_component id="oc-24">
         <name>.debug_info</name>
         <load_address>0xc980</load_address>
         <run_address>0xc980</run_address>
         <size>0x149</size>
         <input_file_ref idref="fl-28"/>
      </object_component>
      <object_component id="oc-5c">
         <name>.debug_info</name>
         <load_address>0xcac9</load_address>
         <run_address>0xcac9</run_address>
         <size>0x13a</size>
         <input_file_ref idref="fl-29"/>
      </object_component>
      <object_component id="oc-12">
         <name>.debug_info</name>
         <load_address>0xcc03</load_address>
         <run_address>0xcc03</run_address>
         <size>0x1d9</size>
         <input_file_ref idref="fl-29"/>
      </object_component>
      <object_component id="oc-57">
         <name>.debug_info</name>
         <load_address>0xcddc</load_address>
         <run_address>0xcddc</run_address>
         <size>0x46</size>
         <input_file_ref idref="fl-29"/>
      </object_component>
      <object_component id="oc-df">
         <name>.debug_info</name>
         <load_address>0xce22</load_address>
         <run_address>0xce22</run_address>
         <size>0x2c</size>
         <input_file_ref idref="fl-29"/>
      </object_component>
      <object_component id="oc-64">
         <name>.debug_info</name>
         <load_address>0xce4e</load_address>
         <run_address>0xce4e</run_address>
         <size>0x12e</size>
         <input_file_ref idref="fl-2a"/>
      </object_component>
      <object_component id="oc-5e">
         <name>.debug_info</name>
         <load_address>0xcf7c</load_address>
         <run_address>0xcf7c</run_address>
         <size>0x241</size>
         <input_file_ref idref="fl-2a"/>
      </object_component>
      <object_component id="oc-18">
         <name>.debug_info</name>
         <load_address>0xd1bd</load_address>
         <run_address>0xd1bd</run_address>
         <size>0x1ab</size>
         <input_file_ref idref="fl-2a"/>
      </object_component>
      <object_component id="oc-65">
         <name>.debug_info</name>
         <load_address>0xd368</load_address>
         <run_address>0xd368</run_address>
         <size>0x39</size>
         <input_file_ref idref="fl-2a"/>
      </object_component>
      <object_component id="oc-75">
         <name>.debug_info</name>
         <load_address>0xd3a1</load_address>
         <run_address>0xd3a1</run_address>
         <size>0x129</size>
         <input_file_ref idref="fl-2b"/>
      </object_component>
      <object_component id="oc-1e">
         <name>.debug_info</name>
         <load_address>0xd4ca</load_address>
         <run_address>0xd4ca</run_address>
         <size>0x1a4</size>
         <input_file_ref idref="fl-2b"/>
      </object_component>
      <object_component id="oc-70">
         <name>.debug_info</name>
         <load_address>0xd66e</load_address>
         <run_address>0xd66e</run_address>
         <size>0x46</size>
         <input_file_ref idref="fl-2b"/>
      </object_component>
      <object_component id="oc-109">
         <name>.debug_info</name>
         <load_address>0xd6b4</load_address>
         <run_address>0xd6b4</run_address>
         <size>0x18b</size>
         <input_file_ref idref="fl-2c"/>
      </object_component>
      <object_component id="oc-106">
         <name>.debug_info</name>
         <load_address>0xd83f</load_address>
         <run_address>0xd83f</run_address>
         <size>0x130</size>
         <input_file_ref idref="fl-2c"/>
      </object_component>
      <object_component id="oc-89">
         <name>.debug_info</name>
         <load_address>0xd96f</load_address>
         <run_address>0xd96f</run_address>
         <size>0x207</size>
         <input_file_ref idref="fl-2c"/>
      </object_component>
      <object_component id="oc-39c">
         <name>.debug_info</name>
         <load_address>0xdb76</load_address>
         <run_address>0xdb76</run_address>
         <size>0x12c</size>
         <input_file_ref idref="fl-2d"/>
      </object_component>
      <object_component id="oc-3a1">
         <name>.debug_info</name>
         <load_address>0xdca2</load_address>
         <run_address>0xdca2</run_address>
         <size>0x120</size>
         <input_file_ref idref="fl-2e"/>
      </object_component>
      <object_component id="oc-397">
[...]
      <symbol id="sm-29e">
         <name>drawSelectedField</name>
         <value>0x152d</value>
         <object_component_ref idref="oc-32d"/>
      </symbol>
      <symbol id="sm-29f">
         <name>_pitch</name>
         <value>0x20001800</value>
         <object_component_ref idref="oc-311"/>
      </symbol>
      <symbol id="sm-2a0">
         <name>STONEBEATEN</name>
         <value>0x20002914</value>
         <object_component_ref idref="oc-2a4"/>
      </symbol>
      <symbol id="sm-2a1">
         <name>GPIO_Handler</name>
         <value>0x1fbd</value>
         <object_component_ref idref="oc-289"/>
      </symbol>
      <symbol id="sm-2a2">
         <name>upPressed</name>
         <value>0x3665</value>
         <object_component_ref idref="oc-1c7"/>
      </symbol>
      <symbol id="sm-2a3">
         <name>initPlayers</name>
         <value>0x1675</value>
         <object_component_ref idref="oc-271"/>
      </symbol>
      <symbol id="sm-2a4">
         <name>drawStone</name>
         <value>0x2a09</value>
         <object_component_ref idref="oc-3bf"/>
      </symbol>
      <symbol id="sm-2a5">
         <name>initPitch</name>
         <value>0xf1</value>
         <object_component_ref idref="oc-26b"/>
      </symbol>
      <symbol id="sm-2a6">
         <name>drawPitch</name>
         <value>0x10f1</value>
         <object_component_ref idref="oc-283"/>
      </symbol>
      <symbol id="sm-2a7">
         <name>stoneBlack</name>
         <value>0x20002820</value>
         <object_component_ref idref="oc-2a7"/>
      </symbol>
      <symbol id="sm-2a8">
         <name>setPlayerStones</name>
         <value>0x2379</value>
         <object_component_ref idref="oc-315"/>
      </symbol>
      <symbol id="sm-2a9">
         <name>updateScorboard</name>
         <value>0x1b15</value>
         <object_component_ref idref="oc-3b8"/>
      </symbol>
      <symbol id="sm-2aa">
         <name>selectHandler</name>
         <value>0x17b9</value>
         <object_component_ref idref="oc-29b"/>
      </symbol>
      <symbol id="sm-2ab">
         <name>rightPressed</name>
         <value>0x3659</value>
         <object_component_ref idref="oc-1dc"/>
      </symbol>
      <symbol id="sm-2ac">
         <name>isFieldValid</name>
         <value>0x2a95</value>
         <object_component_ref idref="oc-346"/>
      </symbol>
      <symbol id="sm-2ad">
         <name>leftPressed</name>
         <value>0x364d</value>
         <object_component_ref idref="oc-1d5"/>
      </symbol>
      <symbol id="sm-2ae">
         <name>moveStone</name>
         <value>0x2ce9</value>
         <object_component_ref idref="oc-35b"/>
      </symbol>
      <symbol id="sm-2af">
         <name>validMove</name>
         <value>0x689</value>
         <object_component_ref idref="oc-355"/>
      </symbol>
      <symbol id="sm-2b0">
         <name>movePossible</name>
         <value>0xf5d</value>
         <object_component_ref idref="oc-295"/>
      </symbol>
      <symbol id="sm-2b1">
         <name>STONEWIDTH</name>
         <value>0x2000290c</value>
         <object_component_ref idref="oc-2a4"/>
      </symbol>
      <symbol id="sm-2b2">
         <name>getFirstStoneAlive</name>
         <value>0x3193</value>
         <object_component_ref idref="oc-27d"/>
      </symbol>
      <symbol id="sm-2b3">
         <name>drawStoneInField</name>
         <value>0x2565</value>
         <object_component_ref idref="oc-388"/>
      </symbol>
      <symbol id="sm-2b4">
         <name>clearSelectedField</name>
         <value>0x2c79</value>
         <object_component_ref idref="oc-340"/>
      </symbol>
      <symbol id="sm-2b5">
         <name>switchPlayer</name>
         <value>0x2b95</value>
         <object_component_ref idref="oc-28f"/>
      </symbol>
      <symbol id="sm-2b6">
         <name>stoneBlackKing</name>
         <value>0x20002852</value>
         <object_component_ref idref="oc-31e"/>
      </symbol>
      <symbol id="sm-2b7">
         <name>stoneWhite</name>
         <value>0x20002884</value>
         <object_component_ref idref="oc-2a1"/>
      </symbol>
      <symbol id="sm-2b8">
         <name>playerOwnsStone</name>
         <value>0x32ed</value>
         <object_component_ref idref="oc-34e"/>
      </symbol>
      <symbol id="sm-2b9">
         <name>startGame</name>
         <value>0x18e1</value>
         <object_component_ref idref="oc-1aa"/>
      </symbol>
      <symbol id="sm-2ba">
         <name>downPressed</name>
         <value>0x3641</value>
         <object_component_ref idref="oc-1ce"/>
      </symbol>
      <symbol id="sm-2bb">
         <name>drawScoreDisplay</name>
         <value>0x2211</value>
         <object_component_ref idref="oc-277"/>
      </symbol>
      <symbol id="sm-2bc">
         <name>players</name>
         <value>0x20002514</value>
         <object_component_ref idref="oc-2af"/>
      </symbol>
      <symbol id="sm-2bd">
         <name>drawSelection</name>
         <value>0x22c9</value>
         <object_component_ref idref="oc-333"/>
      </symbol>
      <symbol id="sm-2be">
         <name>stoneWhiteKing</name>
         <value>0x200028b6</value>
         <object_component_ref idref="oc-31b"/>
      </symbol>
      <symbol id="sm-2bf">
         <name>STONEHEIGHT</name>
         <value>0x20002910</value>
         <object_component_ref idref="oc-2a4"/>
      </symbol>
      <symbol id="sm-2c0">
         <name>beatStone</name>
         <value>0x3369</value>
         <object_component_ref idref="oc-3ab"/>
      </symbol>
      <symbol id="sm-2e4">
         <name>drawLine</name>
         <value>0xd75</value>
         <object_component_ref idref="oc-322"/>
      </symbol>
      <symbol id="sm-373">
         <name>g_ulFlags</name>
         <value>0x20002804</value>
      </symbol>
      <symbol id="sm-374">
         <name>g_ulSystemClock</name>
         <value>0x2000280c</value>
      </symbol>
      <symbol id="sm-375">
         <name>SysTickIntHandler</name>
         <value>0x13dd</value>
         <object_component_ref idref="oc-42"/>
      </symbol>
      <symbol id="sm-376">
         <name>displayHeight</name>
         <value>0x200028ec</value>
         <object_component_ref idref="oc-a8"/>
      </symbol>
      <symbol id="sm-377">
         <name>displayWidth</name>
         <value>0x200028e8</value>
         <object_component_ref idref="oc-a8"/>
      </symbol>
      <symbol id="sm-378">
         <name>GPIO_Pin_Handler</name>
         <value>0x19fd</value>
         <object_component_ref idref="oc-9c"/>
      </symbol>
      <symbol id="sm-379">
         <name>g_pucFrame</name>
         <value>0x20000000</value>
         <object_component_ref idref="oc-328"/>
      </symbol>
      <symbol id="sm-37a">
         <name>main</name>
         <value>0x1ee1</value>
         <object_component_ref idref="oc-fa"/>
      </symbol>
      <symbol id="sm-37b">
         <name>GPIO_2_Released</name>
         <value>0x3681</value>
         <object_component_ref idref="oc-11a"/>
      </symbol>
      <symbol id="sm-37c">
         <name>GPIO_0_Released</name>
         <value>0x3671</value>
         <object_component_ref idref="oc-10e"/>
      </symbol>
      <symbol id="sm-37d">
         <name>pin3</name>
         <value>0x200028fc</value>
         <object_component_ref idref="oc-a8"/>
      </symbol>
      <symbol id="sm-37e">
         <name>pin2</name>
         <value>0x200028f8</value>
         <object_component_ref idref="oc-a8"/>
      </symbol>
      <symbol id="sm-37f">
         <name>pin1</name>
         <value>0x200028f4</value>
         <object_component_ref idref="oc-a8"/>
      </symbol>
      <symbol id="sm-380">
         <name>pin0</name>
         <value>0x200028f0</value>
         <object_component_ref idref="oc-a8"/>
      </symbol>
      <symbol id="sm-381">
         <name>g_ucSwitches</name>
         <value>0x20002906</value>
         <object_component_ref idref="oc-a8"/>
      </symbol>
      <symbol id="sm-382">
         <name>GPIO_3_Released</name>
         <value>0x3689</value>
         <object_component_ref idref="oc-120"/>
      </symbol>
      <symbol id="sm-383">
         <name>GPIO_1_Released</name>
         <value>0x3679</value>
         <object_component_ref idref="oc-114"/>
      </symbol>
      <symbol id="sm-3a2">
         <name>RandomAddEntropy</name>
         <value>0x339d</value>
         <object_component_ref idref="oc-a2"/>
      </symbol>
      <symbol id="sm-3d3">
         <name>ResetISR</name>
         <value>0x3691</value>
         <object_component_ref idref="oc-2a"/>
      </symbol>
      <symbol id="sm-3d4">
         <name>g_pfnVectors</name>
         <value>0x0</value>
         <object_component_ref idref="oc-e"/>
      </symbol>
      <symbol id="sm-456">
         <name>RIT128x96x4Enable</name>
         <value>0x2e91</value>
         <object_component_ref idref="oc-21d"/>
      </symbol>
      <symbol id="sm-457">
         <name>RIT128x96x4Clear</name>
         <value>0x2c09</value>
         <object_component_ref idref="oc-223"/>
      </symbol>
      <symbol id="sm-458">
         <name>RIT128x96x4ImageDraw</name>
         <value>0x269d</value>
         <object_component_ref idref="oc-339"/>
      </symbol>
      <symbol id="sm-459">
         <name>RIT128x96x4Init</name>
         <value>0x2151</value>
         <object_component_ref idref="oc-174"/>
      </symbol>
      <symbol id="sm-542">
         <name>CANMessageGet</name>
         <value>0xb55</value>
         <object_component_ref idref="oc-ba"/>
      </symbol>
      <symbol id="sm-543">
         <name>CANBitRateSet</name>
         <value>0x1e05</value>
         <object_component_ref idref="oc-24e"/>
      </symbol>
      <symbol id="sm-544">
         <name>CANEnable</name>
         <value>0x3537</value>
         <object_component_ref idref="oc-254"/>
      </symbol>
      <symbol id="sm-545">
         <name>CANStatusGet</name>
         <value>0x24c3</value>
         <object_component_ref idref="oc-c0"/>
      </symbol>
      <symbol id="sm-546">
         <name>CANMessageSet</name>
         <value>0x3d7</value>
         <object_component_ref idref="oc-306"/>
      </symbol>
      <symbol id="sm-547">
         <name>CANIntClear</name>
         <value>0x3149</value>
         <object_component_ref idref="oc-cc"/>
      </symbol>
      <symbol id="sm-548">
         <name>CANIntStatus</name>
         <value>0x30a9</value>
         <object_component_ref idref="oc-b4"/>
      </symbol>
      <symbol id="sm-549">
         <name>CANMessageClear</name>
         <value>0x32ad</value>
         <object_component_ref idref="oc-c6"/>
      </symbol>
      <symbol id="sm-54a">
         <name>CANInit</name>
         <value>0x2421</value>
         <object_component_ref idref="oc-248"/>
      </symbol>
      <symbol id="sm-54b">
         <name>CANIntEnable</name>
         <value>0x3503</value>
         <object_component_ref idref="oc-25a"/>
      </symbol>
      <symbol id="sm-5a8">
         <name>GPIOPinTypeGPIOInput</name>
         <value>0x3477</value>
         <object_component_ref idref="oc-180"/>
      </symbol>
      <symbol id="sm-5a9">
         <name>GPIOPinTypeGPIOOutput</name>
         <value>0x349b</value>
         <object_component_ref idref="oc-211"/>
      </symbol>
      <symbol id="sm-5aa">
         <name>GPIOPinRead</name>
         <value>0x354f</value>
         <object_component_ref idref="oc-96"/>
      </symbol>
      <symbol id="sm-5ab">
         <name>GPIODirModeSet</name>
         <value>0x2ef5</value>
         <object_component_ref idref="oc-23a"/>
      </symbol>
      <symbol id="sm-5ac">
         <name>GPIOPinWrite</name>
         <value>0x34e3</value>
         <object_component_ref idref="oc-217"/>
      </symbol>
      <symbol id="sm-5ad">
         <name>GPIOPadConfigSet</name>
         <value>0x1275</value>
         <object_component_ref idref="oc-186"/>
      </symbol>
      <symbol id="sm-5ae">
         <name>GPIOPinTypeSSI</name>
         <value>0x34bf</value>
         <object_component_ref idref="oc-20b"/>
      </symbol>
      <symbol id="sm-5af">
         <name>GPIOPinTypeCAN</name>
         <value>0x3453</value>
         <object_component_ref idref="oc-242"/>
      </symbol>
      <symbol id="sm-5da">
         <name>IntEnable</name>
         <value>0x28ed</value>
         <object_component_ref idref="oc-1f4"/>
      </symbol>
      <symbol id="sm-5db">
         <name>IntDisable</name>
         <value>0x285d</value>
         <object_component_ref idref="oc-1ee"/>
      </symbol>
      <symbol id="sm-610">
         <name>SSIDataPut</name>
         <value>0x351d</value>
         <object_component_ref idref="oc-2f0"/>
      </symbol>
      <symbol id="sm-611">
         <name>SSIConfigSetExpClk</name>
         <value>0x297d</value>
         <object_component_ref idref="oc-2cf"/>
      </symbol>
      <symbol id="sm-612">
         <name>SSIEnable</name>
         <value>0x35c7</value>
         <object_component_ref idref="oc-2d5"/>
      </symbol>
      <symbol id="sm-613">
         <name>SSIBusy</name>
         <value>0x3567</value>
         <object_component_ref idref="oc-2ea"/>
      </symbol>
      <symbol id="sm-614">
         <name>SSIDisable</name>
         <value>0x35b1</value>
         <object_component_ref idref="oc-2c9"/>
      </symbol>
      <symbol id="sm-67e">
         <name>SysCtlLDOSet</name>
         <value>0x35dd</value>
         <object_component_ref idref="oc-168"/>
      </symbol>
      <symbol id="sm-67f">
         <name>SysCtlPeripheralEnable</name>
         <value>0x33cd</value>
         <object_component_ref idref="oc-17a"/>
      </symbol>
      <symbol id="sm-680">
         <name>SysCtlClockGet</name>
         <value>0x8f1</value>
         <object_component_ref idref="oc-16e"/>
      </symbol>
      <symbol id="sm-6a0">
         <name>SysTickEnable</name>
         <value>0x3605</value>
         <object_component_ref idref="oc-19e"/>
      </symbol>
      <symbol id="sm-6a1">
         <name>SysTickIntEnable</name>
         <value>0x3615</value>
         <object_component_ref idref="oc-198"/>
      </symbol>
      <symbol id="sm-6a2">
         <name>SysTickPeriodSet</name>
         <value>0x3581</value>
         <object_component_ref idref="oc-192"/>
      </symbol>
      <symbol id="sm-6b7">
         <name>_c_int00</name>
         <value>0x332d</value>
         <object_component_ref idref="oc-23"/>
      </symbol>
      <symbol id="sm-6b8">
         <name>__stack</name>
         <value>0x2000293c</value>
         <object_component_ref idref="oc-29"/>
      </symbol>
      <symbol id="sm-6cf">
         <name>__TI_decompress_none</name>
         <value>0x3625</value>
         <object_component_ref idref="oc-11"/>
      </symbol>
      <symbol id="sm-6f2">
         <name>__TI_decompress_rle24</name>
         <value>0x3697</value>
         <object_component_ref idref="oc-17"/>
      </symbol>
      <symbol id="sm-704">
         <name>__TI_zero_init</name>
         <value>0x3633</value>
         <object_component_ref idref="oc-1d"/>
      </symbol>
      <symbol id="sm-723">
         <name>C$$EXIT</name>
         <value>0x3269</value>
         <object_component_ref idref="oc-88"/>
      </symbol>
      <symbol id="sm-724">
         <name>abort</name>
         <value>0x326d</value>
         <object_component_ref idref="oc-88"/>
      </symbol>
      <symbol id="sm-725">
         <name>exit</name>
         <value>0x3275</value>
         <object_component_ref idref="oc-88"/>
      </symbol>
      <symbol id="sm-726">
         <name>__TI_dtors_ptr</name>
         <value>0x2000292c</value>
         <object_component_ref idref="oc-105"/>
      </symbol>
      <symbol id="sm-727">
         <name>__TI_cleanup_ptr</name>
         <value>0x20002928</value>
         <object_component_ref idref="oc-105"/>
      </symbol>
      <symbol id="sm-732">
         <name>__aeabi_dmul</name>
         <value>0x1c15</value>
         <object_component_ref idref="oc-39b"/>
      </symbol>
      <symbol id="sm-73c">
         <name>__aeabi_d2iz</name>
         <value>0x31db</value>
         <object_component_ref idref="oc-3a0"/>
      </symbol>
      <symbol id="sm-746">
         <name>__aeabi_i2d</name>
         <value>0x33fd</value>
         <object_component_ref idref="oc-396"/>
      </symbol>
      <symbol id="sm-761">
         <name>memcpy</name>
         <value>0x2601</value>
         <object_component_ref idref="oc-51"/>
      </symbol>
      <symbol id="sm-762">
         <name>__aeabi_memcpy</name>
         <value>0x2601</value>
         <object_component_ref idref="oc-51"/>
      </symbol>
      <symbol id="sm-763">
         <name>__aeabi_memcpy8</name>
         <value>0x2601</value>
         <object_component_ref idref="oc-51"/>
      </symbol>
      <symbol id="sm-764">
         <name>__aeabi_memcpy4</name>
         <value>0x2601</value>
         <object_component_ref idref="oc-51"/>
      </symbol>
      <symbol id="sm-773">
         <name>__aeabi_memset</name>
         <value>0x2b1b</value>
         <object_component_ref idref="oc-6a"/>
      </symbol>
      <symbol id="sm-774">
         <name>memset</name>
         <value>0x2b21</value>
         <object_component_ref idref="oc-6a"/>
      </symbol>
      <symbol id="sm-775">
         <name>__aeabi_memset8</name>
         <value>0x2b1b</value>
         <object_component_ref idref="oc-6a"/>
      </symbol>
      <symbol id="sm-776">
         <name>__aeabi_memset4</name>
         <value>0x2b1b</value>
         <object_component_ref idref="oc-6a"/>
      </symbol>
      <symbol id="sm-777">
         <name>__aeabi_memclr8</name>
         <value>0x2b19</value>
         <object_component_ref idref="oc-6a"/>
      </symbol>
      <symbol id="sm-778">
         <name>__aeabi_memclr4</name>
         <value>0x2b19</value>
         <object_component_ref idref="oc-6a"/>
      </symbol>
      <symbol id="sm-779">
         <name>__aeabi_memclr</name>
         <value>0x2b19</value>
         <object_component_ref idref="oc-6a"/>
      </symbol>
      <symbol id="sm-783">
         <name>_system_pre_init</name>
         <value>0x369d</value>
         <object_component_ref idref="oc-76"/>
      </symbol>
      <symbol id="sm-78b">
         <name>main_func_sp</name>
         <value>0x20002938</value>
         <object_component_ref idref="oc-8e"/>
      </symbol>
      <symbol id="sm-7a4">
         <name>_nop</name>
         <value>0x35ff</value>
         <object_component_ref idref="oc-1b9"/>
      </symbol>
      <symbol id="sm-7a5">
         <name>_lock</name>
         <value>0x20002920</value>
         <object_component_ref idref="oc-102"/>
      </symbol>
      <symbol id="sm-7a6">
         <name>_unlock</name>
         <value>0x20002924</value>
         <object_component_ref idref="oc-102"/>
      </symbol>
      <symbol id="sm-7a7">
         <name>_register_lock</name>
         <value>0x35f7</value>
         <object_component_ref idref="oc-1b9"/>
      </symbol>
      <symbol id="sm-7a8">
         <name>_register_unlock</name>
         <value>0x35f1</value>
         <object_component_ref idref="oc-1b9"/>
      </symbol>
      <symbol id="sm-7bc">
         <name>_args_main</name>
         <value>0x3599</value>
         <object_component_ref idref="oc-82"/>
      </symbol>
      <symbol id="sm-7e1">
         <name>__TI_auto_init</name>
         <value>0x2d55</value>
         <object_component_ref idref="oc-7c"/>
      </symbol>
      <symbol id="sm-7fb">
         <name>copy_in</name>
         <value>0x30fd</value>
         <object_component_ref idref="oc-f2"/>
      </symbol>
      <symbol id="sm-7fc">
         <name>__TI_static_base__</name>
         <value>0x0</value>
      </symbol>
      <symbol id="sm-7ff">
         <name>SHT$$INIT_ARRAY$$Limit</name>
         <value>0x0</value>
      </symbol>
      <symbol id="sm-800">
         <name>SHT$$INIT_ARRAY$$Base</name>
         <value>0x0</value>
      </symbol>
   </symbol_table>
   <title>Link successful</title>
</link_info>
