******************************************************************************
                  TI ARM Linker Unix v15.9.0                   
******************************************************************************
>> Linked Wed Nov  4 16:17:43 2015

OUTPUT FILE NAME:   <graphics.out>
ENTRY POINT SYMBOL: "_c_int00"  address: 0000332d


MEMORY CONFIGURATION

         name            origin    length      used     unused   attr    fill
----------------------  --------  ---------  --------  --------  ----  --------
  FLASH                 00000000   00040000  000038aa  0003c756  R  X
  SRAM                  20000000   00010000  00002a3a  0000d5c6  RW X


SEGMENT ALLOCATION MAP

run origin  load origin   length   init length attrs members
----------  ----------- ---------- ----------- ----- -------
00000000    00000000    000038b0   000038b0    r-x
  00000000    00000000    000000f0   000000f0    r-- .intvecs
  000000f0    000000f0    000035b0   000035b0    r-x .text
  000036a0    000036a0    0000010a   0000010a    r-- .const
  000037b0    000037b0    00000100   00000100    r-- .cinit
20000000    20000000    00002a3c   00000000    rw-
  20000000    20000000    0000281e   00000000    rw- .bss
  20002820    20002820    0000011c   00000000    rw- .data
  2000293c    2000293c    00000100   00000000    rw- .stack


SECTION ALLOCATION MAP

 output                                  attributes/
section   page    origin      length       input sections
--------  ----  ----------  ----------   ----------------
.intvecs   0    00000000    000000f0     
                  00000000    000000f0     startup_ccs.obj (.intvecs)

.text      0    000000f0    000035b0     
                  000000f0    000002e6     dame.obj (.text:initPitch)
                  000003d6    000002b2     can.obj (.text:CANMessageSet)
                  00000688    00000268     dame.obj (.text:validMove)
                  000008f0    00000264     sysctl.obj (.text:SysCtlClockGet)
                  00000b54    00000220     can.obj (.text:CANMessageGet)
                  00000d74    000001e8     graphics.obj (.text:drawLine)
                  00000f5c    00000194     dame.obj (.text:movePossible)
                  000010f0    00000184     dame.obj (.text:drawPitch)
                  00001274    00000166     gpio.obj (.text:GPIOPadConfigSet)
                  000013da    00000002     startup_ccs.obj (.text:FaultISR)
                  000013dc    00000150     main.obj (.text:SysTickIntHandler)
                  0000152c    00000148     dame.obj (.text:drawSelectedField)
                  00001674    00000144     dame.obj (.text:initPlayers)
                  000017b8    00000128     dame.obj (.text:selectHandler)
                  000018e0    0000011c     dame.obj (.text:startGame)
                  000019fc    00000118     main.obj (.text:GPIO_Pin_Handler)
                  00001b14    00000100     dame.obj (.text:updateScorboard)
                  00001c14    000000fc     rtsv7M3_T_le_eabi.lib : fd_mul_t2.obj (.text)
                  00001d10    000000f4     can_net.obj (.text:CANConfigureNetwork)
                  00001e04    000000dc     can.obj (.text:CANBitRateSet)
                  00001ee0    000000dc     main.obj (.text:main)
                  00001fbc    000000d4     dame.obj (.text:GPIO_Handler)
                  00002090    000000c0     can_net.obj (.text:CANHandler)
                  00002150    000000c0     rit128x96x4.obj (.text:RIT128x96x4Init)
                  00002210    000000b8     dame.obj (.text:drawScoreDisplay)
                  000022c8    000000b0     dame.obj (.text:drawSelection)
                  00002378    000000a8     dame.obj (.text:setPlayerStones)
                  00002420    000000a2     can.obj (.text:CANInit)
                  000024c2    000000a2     can.obj (.text:CANStatusGet)
                  00002564    0000009c     dame.obj (.text:drawStoneInField)
                  00002600    0000009c     rtsv7M3_T_le_eabi.lib : memcpy_t2.obj (.text)
                  0000269c    00000098     rit128x96x4.obj (.text:RIT128x96x4ImageDraw)
                  00002734    00000094     rit128x96x4.obj (.text:RITWriteCommand)
                  000027c8    00000094     rit128x96x4.obj (.text:RITWriteData)
                  0000285c    00000090     interrupt.obj (.text:IntDisable)
                  000028ec    00000090     interrupt.obj (.text:IntEnable)
                  0000297c    0000008c     ssi.obj (.text:SSIConfigSetExpClk)
                  00002a08    0000008c     dame.obj (.text:drawStone)
                  00002a94    00000084     dame.obj (.text:isFieldValid)
                  00002b18    0000007a     rtsv7M3_T_le_eabi.lib : memset_t2.obj (.text)
                  00002b92    00000002     startup_ccs.obj (.text:IntDefaultHandler)
                  00002b94    00000074     dame.obj (.text:switchPlayer)
                  00002c08    00000070     rit128x96x4.obj (.text:RIT128x96x4Clear)
                  00002c78    00000070     dame.obj (.text:clearSelectedField)
                  00002ce8    0000006c     dame.obj (.text:moveStone)
                  00002d54    0000006c     rtsv7M3_T_le_eabi.lib : autoinit.obj (.text)
                  00002dc0    0000006a                           : copy_decompress_rle.obj (.text)
                  00002e2a    00000002     startup_ccs.obj (.text:NmiSR)
                  00002e2c    00000064     can.obj (.text:CANRegRead)
                  00002e90    00000064     rit128x96x4.obj (.text:RIT128x96x4Enable)
                  00002ef4    0000005c     gpio.obj (.text:GPIODirModeSet)
                  00002f50    00000058     can_net.obj (.text:CANConfigure)
                  00002fa8    00000056     can.obj (.text:CANDataRegWrite)
                  00002ffe    00000054     can.obj (.text:CANDataRegRead)
                  00003052    00000002     --HOLE-- [fill = 0]
                  00003054    00000054     main.obj (.text:Delay)
                  000030a8    00000052     can.obj (.text:CANIntStatus)
                  000030fa    00000002     --HOLE-- [fill = 0]
                  000030fc    0000004c     rtsv7M3_T_le_eabi.lib : cpy_tbl.obj (.text)
                  00003148    0000004a     can.obj (.text:CANIntClear)
                  00003192    00000048     dame.obj (.text:getFirstStoneAlive)
                  000031da    00000048     rtsv7M3_T_le_eabi.lib : fd_toi_t2.obj (.text)
                  00003222    00000002     --HOLE-- [fill = 0]
                  00003224    00000044     can.obj (.text:CANIntNumberGet)
                  00003268    00000044     rtsv7M3_T_le_eabi.lib : exit.obj (.text)
                  000032ac    00000040     can.obj (.text:CANMessageClear)
                  000032ec    00000040     dame.obj (.text:playerOwnsStone)
                  0000332c    0000003c     rtsv7M3_T_le_eabi.lib : boot.obj (.text)
                  00003368    00000034     dame.obj (.text:beatStone)
                  0000339c    00000030     random.obj (.text:RandomAddEntropy)
                  000033cc    00000030     sysctl.obj (.text:SysCtlPeripheralEnable)
                  000033fc    0000002e     rtsv7M3_T_le_eabi.lib : i_tofd_t2.obj (.text)
                  0000342a    00000028     can.obj (.text:CANRegWrite)
                  00003452    00000024     gpio.obj (.text:GPIOPinTypeCAN)
                  00003476    00000024     gpio.obj (.text:GPIOPinTypeGPIOInput)
                  0000349a    00000024     gpio.obj (.text:GPIOPinTypeGPIOOutput)
                  000034be    00000024     gpio.obj (.text:GPIOPinTypeSSI)
                  000034e2    00000020     gpio.obj (.text:GPIOPinWrite)
                  00003502    0000001a     can.obj (.text:CANIntEnable)
                  0000351c    0000001a     ssi.obj (.text:SSIDataPut)
                  00003536    00000018     can.obj (.text:CANEnable)
                  0000354e    00000018     gpio.obj (.text:GPIOPinRead)
                  00003566    00000018     ssi.obj (.text:SSIBusy)
                  0000357e    00000002     --HOLE-- [fill = 0]
                  00003580    00000018     systick.obj (.text:SysTickPeriodSet)
                  00003598    00000018     rtsv7M3_T_le_eabi.lib : args_main.obj (.text)
                  000035b0    00000016     ssi.obj (.text:SSIDisable)
                  000035c6    00000016     ssi.obj (.text:SSIEnable)
                  000035dc    00000014     sysctl.obj (.text:SysCtlLDOSet)
                  000035f0    00000014     rtsv7M3_T_le_eabi.lib : _lock.obj (.text)
                  00003604    00000010     systick.obj (.text:SysTickEnable)
                  00003614    00000010     systick.obj (.text:SysTickIntEnable)
                  00003624    0000000e     rtsv7M3_T_le_eabi.lib : copy_decompress_none.obj (.text:decompress:none)
                  00003632    0000000c                           : copy_zero_init.obj (.text:decompress:ZI)
                  0000363e    00000002     --HOLE-- [fill = 0]
                  00003640    0000000c     dame.obj (.text:downPressed)
                  0000364c    0000000c     dame.obj (.text:leftPressed)
                  00003658    0000000c     dame.obj (.text:rightPressed)
                  00003664    0000000c     dame.obj (.text:upPressed)
                  00003670    00000008     main.obj (.text:GPIO_0_Released)
                  00003678    00000008     main.obj (.text:GPIO_1_Released)
                  00003680    00000008     main.obj (.text:GPIO_2_Released)
                  00003688    00000008     main.obj (.text:GPIO_3_Released)
                  00003690    00000006     startup_ccs.obj (.text:ResetISR)
                  00003696    00000006     rtsv7M3_T_le_eabi.lib : copy_decompress_rle.obj (.text:decompress:rle24)
                  0000369c    00000004                           : pre_init.obj (.text)

.const     0    000036a0    0000010a     
                  000036a0    0000005c     sysctl.obj (.const:g_pulXtals)
                  000036fc    0000004f     rit128x96x4.obj (.const:.string:g_pucRIT128x96x4Init)
                  0000374b    00000001     --HOLE-- [fill = 0]
                  0000374c    00000040     sysctl.obj (.const)
                  0000378c    00000012     can.obj (.const)
                  0000379e    0000000c     rit128x96x4.obj (.const:.string)

.cinit     0    000037b0    00000100     
                  000037b0    000000d7     (.cinit..data.load) [load image, compression = rle]
                  00003887    00000001     --HOLE-- [fill = 0]
                  00003888    0000000c     (__TI_handler_table)
                  00003894    00000004     --HOLE-- [fill = 0]
                  00003898    00000008     (.cinit..bss.load) [load image, compression = zero_init]
                  000038a0    00000010     (__TI_cinit_table)

.bss       0    20000000    0000281e     UNINITIALIZED
                  20000000    00001800     main.obj (.bss:g_pucFrame)
                  20001800    00000d14     dame.obj (.bss:_pitch)
                  20002514    00000250     dame.obj (.bss:players)
                  20002764    00000040     random.obj (.bss:g_pulRandomEntropy)
                  200027a4    00000014     (.common:g_MsgObjectButton)
                  200027b8    00000014     (.common:g_MsgObjectLED)
                  200027cc    00000014     (.common:g_MsgObjectRx)
                  200027e0    00000014     (.common:g_MsgObjectTx)
                  200027f4    00000008     (.common:g_pucBuffer)
                  200027fc    00000004     (.common:currentPlayer)
                  20002800    00000004     (.common:g_pucButtonMsg)
                  20002804    00000004     (.common:g_ulFlags)
                  20002808    00000004     (.common:g_ulSSIFlags)
                  2000280c    00000004     (.common:g_ulSystemClock)
                  20002810    00000004     (.common:selectedStoneField)
                  20002814    00000004     (.common:selection)
                  20002818    00000004     (.common:stoneMoved)
                  2000281c    00000001     (.common:_changed)
                  2000281d    00000001     (.common:_selectionMode)

.TI.noinit 
*          0    20000000    00000000     UNINITIALIZED

.data      0    20002820    0000011c     UNINITIALIZED
                  20002820    00000032     dame.obj (.data:stoneBlack)
                  20002852    00000032     dame.obj (.data:stoneBlackKing)
                  20002884    00000032     dame.obj (.data:stoneWhite)
                  200028b6    00000032     dame.obj (.data:stoneWhiteKing)
                  200028e8    00000021     main.obj (.data)
                  20002909    00000003     --HOLE--
                  2000290c    0000000c     dame.obj (.data)
                  20002918    00000008     random.obj (.data)
                  20002920    00000008     rtsv7M3_T_le_eabi.lib : _lock.obj (.data)
                  20002928    00000008                           : exit.obj (.data)
                  20002930    00000006     can_net.obj (.data)
                  20002936    00000002     --HOLE--
                  20002938    00000004     rtsv7M3_T_le_eabi.lib : stkdepth_vars.obj (.data)

.TI.persistent 
*          0    20002820    00000000     UNINITIALIZED

.stack     0    2000293c    00000100     UNINITIALIZED
                  2000293c    00000100     --HOLE--

MODULE SUMMARY

       Module                     code    ro data   rw data
       ------                     ----    -------   -------
    ./
       dame.obj                   5378    0         4170   
       main.obj                   952     0         6185   
       can_net.obj                524     0         90     
       graphics.obj               488     0         0      
       startup_ccs.obj            12      240       0      
       random.obj                 48      0         72     
    +--+--------------------------+-------+---------+---------+
       Total:                     7402    240       10517  
                                                           
    ./libs/driverlib/
       can.obj                    2426    18        0      
       sysctl.obj                 680     156       0      
       gpio.obj                   650     0         0      
       interrupt.obj              288     0         0      
       ssi.obj                    234     0         0      
       systick.obj                56      0         0      
    +--+--------------------------+-------+---------+---------+
       Total:                     4334    174       0      
                                                           
    ./libs/drivers/
       rit128x96x4.obj            852     91        12     
    +--+--------------------------+-------+---------+---------+
       Total:                     852     91        12     
                                                           
    /opt/ti/ccsv6/tools/compiler/ti-cgt-arm_15.9.0.STS/lib/rtsv7M3_T_le_eabi.lib
       fd_mul_t2.obj              252     0         0      
       memcpy_t2.obj              156     0         0      
       memset_t2.obj              122     0         0      
       copy_decompress_rle.obj    112     0         0      
       autoinit.obj               108     0         0      
       cpy_tbl.obj                76      0         0      
       exit.obj                   68      0         8      
       fd_toi_t2.obj              72      0         0      
       boot.obj                   60      0         0      
       i_tofd_t2.obj              46      0         0      
       _lock.obj                  20      0         8      
       args_main.obj              24      0         0      
       copy_decompress_none.obj   14      0         0      
       copy_zero_init.obj         12      0         0      
       pre_init.obj               4       0         0      
       stkdepth_vars.obj          0       0         4      
    +--+--------------------------+-------+---------+---------+
       Total:                     1146    0         20     
                                                           
       Stack:                     0       0         256    
       Linker Generated:          0       251       0      
    +--+--------------------------+-------+---------+---------+
       Grand Total:               13734   756       10805  


LINKER GENERATED COPY TABLES

__TI_cinit_table @ 000038a0 records: 2, size/record: 8, table size: 16
	.data: load addr=000037b0, load size=000000d7 bytes, run addr=20002820, run size=0000011c bytes, compression=rle
	.bss: load addr=00003898, load size=00000008 bytes, run addr=20000000, run size=0000281e bytes, compression=zero_init


LINKER GENERATED HANDLER TABLE

__TI_handler_table @ 00003888 records: 3, size/record: 4, table size: 12
	index: 0, handler: __TI_decompress_rle24
	index: 1, handler: __TI_decompress_none
	index: 2, handler: __TI_zero_init


GLOBAL SYMBOLS: SORTED ALPHABETICALLY BY Name 

address   name                    
-------   ----                    
00003269  C$$EXIT                 
00001e05  CANBitRateSet           
00002f51  CANConfigure            
00001d11  CANConfigureNetwork     
00003537  CANEnable               
00002091  CANHandler              
00002421  CANInit                 
00003149  CANIntClear             
00003503  CANIntEnable            
000030a9  CANIntStatus            
000032ad  CANMessageClear         
00000b55  CANMessageGet           
000003d7  CANMessageSet           
000024c3  CANStatusGet            
00002ef5  GPIODirModeSet          
00001275  GPIOPadConfigSet        
0000354f  GPIOPinRead             
00003453  GPIOPinTypeCAN          
00003477  GPIOPinTypeGPIOInput    
0000349b  GPIOPinTypeGPIOOutput   
000034bf  GPIOPinTypeSSI          
000034e3  GPIOPinWrite            
00003671  GPIO_0_Released         
00003679  GPIO_1_Released         
00003681  GPIO_2_Released         
00003689  GPIO_3_Released         
00001fbd  GPIO_Handler            
000019fd  GPIO_Pin_Handler        
0000285d  IntDisable              
000028ed  IntEnable               
00002c09  RIT128x96x4Clear        
00002e91  RIT128x96x4Enable       
0000269d  RIT128x96x4ImageDraw    
00002151  RIT128x96x4Init         
0000339d  RandomAddEntropy        
00003691  ResetISR                
UNDEFED   SHT$$INIT_ARRAY$$Base   
UNDEFED   SHT$$INIT_ARRAY$$Limit  
00003567  SSIBusy                 
0000297d  SSIConfigSetExpClk      
0000351d  SSIDataPut              
000035b1  SSIDisable              
000035c7  SSIEnable               
20002914  STONEBEATEN             
20002910  STONEHEIGHT             
2000290c  STONEWIDTH              
000008f1  SysCtlClockGet          
000035dd  SysCtlLDOSet            
000033cd  SysCtlPeripheralEnable  
00003605  SysTickEnable           
00003615  SysTickIntEnable        
000013dd  SysTickIntHandler       
00003581  SysTickPeriodSet        
20002a3c  __STACK_END             
00000100  __STACK_SIZE            
20002a3c  __STACK_TOP             
000038a0  __TI_CINIT_Base         
000038b0  __TI_CINIT_Limit        
00003888  __TI_Handler_Table_Base 
00003894  __TI_Handler_Table_Limit
00002d55  __TI_auto_init          
20002928  __TI_cleanup_ptr        
00003625  __TI_decompress_none    
00003697  __TI_decompress_rle24   
2000292c  __TI_dtors_ptr          
00000000  __TI_static_base__      
00003633  __TI_zero_init          
000031db  __aeabi_d2iz            
00001c15  __aeabi_dmul            
000033fd  __aeabi_i2d             
00002b19  __aeabi_memclr          
00002b19  __aeabi_memclr4         
00002b19  __aeabi_memclr8         
00002601  __aeabi_memcpy          
00002601  __aeabi_memcpy4         
00002601  __aeabi_memcpy8         
00002b1b  __aeabi_memset          
00002b1b  __aeabi_memset4         
00002b1b  __aeabi_memset8         
ffffffff  __binit__               
ffffffff  __c_args__              
2000293c  __stack                 
00003599  _args_main              
0000332d  _c_int00                
2000281c  _changed                
20002920  _lock                   
000035ff  _nop                    
20001800  _pitch                  
000035f7  _register_lock          
000035f1  _register_unlock        
2000281d  _selectionMode          
0000369d  _system_pre_init        
20002924  _unlock                 
0000326d  abort                   
00003369  beatStone               
ffffffff  binit                   
00002c79  clearSelectedField      
000030fd  copy_in                 
200027fc  currentPlayer           
200028ec  displayHeight           
200028e8  displayWidth            
00003641  downPressed             
00000d75  drawLine                
000010f1  drawPitch               
00002211  drawScoreDisplay        
0000152d  drawSelectedField       
000022c9  drawSelection           
00002a09  drawStone               
00002565  drawStoneInField        
00003275  exit                    
200027a4  g_MsgObjectButton       
200027b8  g_MsgObjectLED          
200027cc  g_MsgObjectRx           
200027e0  g_MsgObjectTx           
00000000  g_pfnVectors            
20000000  g_pucFrame              
20002934  g_ucLEDLevel            
20002906  g_ucSwitches            
20002804  g_ulFlags               
2000280c  g_ulSystemClock         
00003193  getFirstStoneAlive      
000000f1  initPitch               
00001675  initPlayers             
00002a95  isFieldValid            
0000364d  leftPressed             
00001ee1  main                    
20002938  main_func_sp            
00002601  memcpy                  
00002b21  memset                  
00000f5d  movePossible            
00002ce9  moveStone               
200028f0  pin0                    
200028f4  pin1                    
200028f8  pin2                    
200028fc  pin3                    
000032ed  playerOwnsStone         
20002514  players                 
00003659  rightPressed            
000017b9  selectHandler           
20002810  selectedStoneField      
20002814  selection               
00002379  setPlayerStones         
000018e1  startGame               
20002820  stoneBlack              
20002852  stoneBlackKing          
20002818  stoneMoved              
20002884  stoneWhite              
200028b6  stoneWhiteKing          
00002b95  switchPlayer            
00003665  upPressed               
00001b15  updateScorboard         
00000689  validMove               


GLOBAL SYMBOLS: SORTED BY Symbol Address 

address   name                    
-------   ----                    
00000000  __TI_static_base__      
00000000  g_pfnVectors            
000000f1  initPitch               
00000100  __STACK_SIZE            
000003d7  CANMessageSet           
00000689  validMove               
000008f1  SysCtlClockGet          
00000b55  CANMessageGet           
00000d75  drawLine                
00000f5d  movePossible            
000010f1  drawPitch               
00001275  GPIOPadConfigSet        
000013dd  SysTickIntHandler       
0000152d  drawSelectedField       
00001675  initPlayers             
000017b9  selectHandler           
000018e1  startGame               
000019fd  GPIO_Pin_Handler        
00001b15  updateScorboard         
00001c15  __aeabi_dmul            
00001d11  CANConfigureNetwork     
00001e05  CANBitRateSet           
00001ee1  main                    
00001fbd  GPIO_Handler            
00002091  CANHandler              
00002151  RIT128x96x4Init         
00002211  drawScoreDisplay        
000022c9  drawSelection           
00002379  setPlayerStones         
00002421  CANInit                 
000024c3  CANStatusGet            
00002565  drawStoneInField        
00002601  __aeabi_memcpy          
00002601  __aeabi_memcpy4         
00002601  __aeabi_memcpy8         
00002601  memcpy                  
0000269d  RIT128x96x4ImageDraw    
0000285d  IntDisable              
000028ed  IntEnable               
0000297d  SSIConfigSetExpClk      
00002a09  drawStone               
00002a95  isFieldValid            
00002b19  __aeabi_memclr          
00002b19  __aeabi_memclr4         
00002b19  __aeabi_memclr8         
00002b1b  __aeabi_memset          
00002b1b  __aeabi_memset4         
00002b1b  __aeabi_memset8         
00002b21  memset                  
00002b95  switchPlayer            
00002c09  RIT128x96x4Clear        
00002c79  clearSelectedField      
00002ce9  moveStone               
00002d55  __TI_auto_init          
00002e91  RIT128x96x4Enable       
00002ef5  GPIODirModeSet          
00002f51  CANConfigure            
000030a9  CANIntStatus            
000030fd  copy_in                 
00003149  CANIntClear             
00003193  getFirstStoneAlive      
000031db  __aeabi_d2iz            
00003269  C$$EXIT                 
0000326d  abort                   
00003275  exit                    
000032ad  CANMessageClear         
000032ed  playerOwnsStone         
0000332d  _c_int00                
00003369  beatStone               
0000339d  RandomAddEntropy        
000033cd  SysCtlPeripheralEnable  
000033fd  __aeabi_i2d             
00003453  GPIOPinTypeCAN          
00003477  GPIOPinTypeGPIOInput    
0000349b  GPIOPinTypeGPIOOutput   
000034bf  GPIOPinTypeSSI          
000034e3  GPIOPinWrite            
00003503  CANIntEnable            
0000351d  SSIDataPut              
00003537  CANEnable               
0000354f  GPIOPinRead             
00003567  SSIBusy                 
00003581  SysTickPeriodSet        
00003599  _args_main              
000035b1  SSIDisable              
000035c7  SSIEnable               
000035dd  SysCtlLDOSet            
000035f1  _register_unlock        
000035f7  _register_lock          
000035ff  _nop                    
00003605  SysTickEnable           
00003615  SysTickIntEnable        
00003625  __TI_decompress_none    
00003633  __TI_zero_init          
00003641  downPressed             
0000364d  leftPressed             
00003659  rightPressed            
00003665  upPressed               
00003671  GPIO_0_Released         
00003679  GPIO_1_Released         
00003681  GPIO_2_Released         
00003689  GPIO_3_Released         
00003691  ResetISR                
00003697  __TI_decompress_rle24   
0000369d  _system_pre_init        
00003888  __TI_Handler_Table_Base 
00003894  __TI_Handler_Table_Limit
000038a0  __TI_CINIT_Base         
000038b0  __TI_CINIT_Limit        
20000000  g_pucFrame              
20001800  _pitch                  
20002514  players                 
200027a4  g_MsgObjectButton       
200027b8  g_MsgObjectLED          
200027cc  g_MsgObjectRx           
200027e0  g_MsgObjectTx           
200027fc  currentPlayer           
20002804  g_ulFlags               
2000280c  g_ulSystemClock         
20002810  selectedStoneField      
20002814  selection               
20002818  stoneMoved              
2000281c  _changed                
2000281d  _selectionMode          
20002820  stoneBlack              
20002852  stoneBlackKing          
20002884  stoneWhite              
200028b6  stoneWhiteKing          
200028e8  displayWidth            
200028ec  displayHeight           
200028f0  pin0                    
200028f4  pin1                    
200028f8  pin2                    
200028fc  pin3                    
20002906  g_ucSwitches            
2000290c  STONEWIDTH              
20002910  STONEHEIGHT             
20002914  STONEBEATEN             
20002920  _lock                   
20002924  _unlock                 
20002928  __TI_cleanup_ptr        
2000292c  __TI_dtors_ptr          
20002934  g_ucLEDLevel            
20002938  main_func_sp            
2000293c  __stack                 
20002a3c  __STACK_END             
20002a3c  __STACK_TOP             
ffffffff  __binit__               
ffffffff  __c_args__              
ffffffff  binit                   
UNDEFED   SHT$$INIT_ARRAY$$Base   
UNDEFED   SHT$$INIT_ARRAY$$Limit  

[152 symbols]
